******************************************************************************
             TMS320C2000 Linker Unix v22.6.1                   
******************************************************************************
>> Linked Thu May  1 13:40:56 2025

OUTPUT FILE NAME:   <try_sci_.out>
ENTRY POINT SYMBOL: "code_start"  address: 00000000


MEMORY CONFIGURATION

         name            origin    length      used     unused   attr    fill
----------------------  --------  ---------  --------  --------  ----  --------
  BEGIN                 00000000   00000002  00000002  00000000  RWIX
  BOOT_RSVD             00000002   00000126  00000000  00000126  RWIX
  RAMM0                 00000128   000002d8  00000020  000002b8  RWIX
  RAMM1                 00000400   000003f8  00000200  000001f8  RWIX
  RAMLS0                00008000   00000800  00000800  00000000  RWIX
  RAMLS1                00008800   00000800  00000800  00000000  RWIX
  RAMLS2                00009000   00000800  00000795  0000006b  RWIX
  RAMLS3                00009800   00000800  00000000  00000800  RWIX
  RAMLS4                0000a000   00000800  00000000  00000800  RWIX
  RAMLS5                0000a800   00000800  00000526  000002da  RWIX
  RAMLS6_7              0000b000   00001000  00000000  00001000  RWIX
  RAMGS0                0000c000   00001000  00000000  00001000  RWIX
  RAMGS1                0000d000   00001000  00000000  00001000  RWIX
  RAMGS2                0000e000   00001000  00000000  00001000  RWIX
  RAMGS3                0000f000   00000ff8  00000000  00000ff8  RWIX
  FLASH_BANK0_SEC0      00080002   00000ffe  00000000  00000ffe  RWIX
  FLASH_BANK0_SEC1      00081000   00001000  00000000  00001000  RWIX
  FLASH_BANK0_SEC2      00082000   00001000  00000000  00001000  RWIX
  FLASH_BANK0_SEC3      00083000   00001000  00000000  00001000  RWIX
  FLASH_BANK0_SEC4      00084000   00001000  00000000  00001000  RWIX
  FLASH_BANK0_SEC5      00085000   00001000  00000000  00001000  RWIX
  FLASH_BANK0_SEC6      00086000   00001000  00000000  00001000  RWIX
  FLASH_BANK0_SEC7      00087000   00001000  00000000  00001000  RWIX
  FLASH_BANK0_SEC8      00088000   00001000  00000000  00001000  RWIX
  FLASH_BANK0_SEC9      00089000   00001000  00000000  00001000  RWIX
  FLASH_BANK0_SEC10     0008a000   00001000  00000000  00001000  RWIX
  FLASH_BANK0_SEC11     0008b000   00001000  00000000  00001000  RWIX
  FLASH_BANK0_SEC12     0008c000   00001000  00000000  00001000  RWIX
  FLASH_BANK0_SEC13     0008d000   00001000  00000000  00001000  RWIX
  FLASH_BANK0_SEC14     0008e000   00001000  00000000  00001000  RWIX
  FLASH_BANK0_SEC15     0008f000   00001000  00000000  00001000  RWIX
  FLASH_BANK1_SEC0      00090000   00001000  00000000  00001000  RWIX
  FLASH_BANK1_SEC1      00091000   00001000  00000000  00001000  RWIX
  FLASH_BANK1_SEC2      00092000   00001000  00000000  00001000  RWIX
  FLASH_BANK1_SEC3      00093000   00001000  00000000  00001000  RWIX
  FLASH_BANK1_SEC4      00094000   00001000  00000000  00001000  RWIX
  FLASH_BANK1_SEC5      00095000   00001000  00000000  00001000  RWIX
  FLASH_BANK1_SEC6      00096000   00001000  00000000  00001000  RWIX
  FLASH_BANK1_SEC7      00097000   00001000  00000000  00001000  RWIX
  FLASH_BANK1_SEC8      00098000   00001000  00000000  00001000  RWIX
  FLASH_BANK1_SEC9      00099000   00001000  00000000  00001000  RWIX
  FLASH_BANK1_SEC10     0009a000   00001000  00000000  00001000  RWIX
  FLASH_BANK1_SEC11     0009b000   00001000  00000000  00001000  RWIX
  FLASH_BANK1_SEC12     0009c000   00001000  00000000  00001000  RWIX
  FLASH_BANK1_SEC13     0009d000   00001000  00000000  00001000  RWIX
  FLASH_BANK1_SEC14     0009e000   00001000  00000000  00001000  RWIX
  FLASH_BANK1_SEC15     0009f000   00001000  00000000  00001000  RWIX
  FLASH_BANK2_SEC0      000a0000   00001000  00000000  00001000  RWIX
  FLASH_BANK2_SEC1      000a1000   00001000  00000000  00001000  RWIX
  FLASH_BANK2_SEC2      000a2000   00001000  00000000  00001000  RWIX
  FLASH_BANK2_SEC3      000a3000   00001000  00000000  00001000  RWIX
  FLASH_BANK2_SEC4      000a4000   00001000  00000000  00001000  RWIX
  FLASH_BANK2_SEC5      000a5000   00001000  00000000  00001000  RWIX
  FLASH_BANK2_SEC6      000a6000   00001000  00000000  00001000  RWIX
  FLASH_BANK2_SEC7      000a7000   00001000  00000000  00001000  RWIX
  FLASH_BANK2_SEC8      000a8000   00001000  00000000  00001000  RWIX
  FLASH_BANK2_SEC9      000a9000   00001000  00000000  00001000  RWIX
  FLASH_BANK2_SEC10     000aa000   00001000  00000000  00001000  RWIX
  FLASH_BANK2_SEC11     000ab000   00001000  00000000  00001000  RWIX
  FLASH_BANK2_SEC12     000ac000   00001000  00000000  00001000  RWIX
  FLASH_BANK2_SEC13     000ad000   00001000  00000000  00001000  RWIX
  FLASH_BANK2_SEC14     000ae000   00001000  00000000  00001000  RWIX
  FLASH_BANK2_SEC15     000af000   00000ff0  00000000  00000ff0  RWIX
  SECURE_ROM            003f2000   00006000  00000000  00006000  RWIX
  BOOTROM               003f8000   00007fc0  00000000  00007fc0  RWIX
  RESET                 003fffc0   00000002  00000000  00000002  RWIX


SECTION ALLOCATION MAP

 output                                  attributes/
section   page    origin      length       input sections
--------  ----  ----------  ----------   ----------------
codestart 
*          0    00000000    00000002     
                  00000000    00000002     f28003x_codestartbranch.obj (codestart)

.TI.ramfunc 
*          0    00000128    00000004     
                  00000128    00000004     driverlib.lib : sysctl.obj (.TI.ramfunc)

.cinit     0    0000012c    0000001c     
                  0000012c    00000009     (.cinit..data.load) [load image, compression = lzss]
                  00000135    00000001     --HOLE-- [fill = 0]
                  00000136    00000006     (__TI_handler_table)
                  0000013c    00000004     (.cinit..bss.load) [load image, compression = zero_init]
                  00000140    00000008     (__TI_cinit_table)

.reset     0    003fffc0    00000000     DSECT

.stack     0    00000400    00000200     UNINITIALIZED
                  00000400    00000200     --HOLE--

.bss       0    0000a80c    00000004     UNINITIALIZED
                  0000a80c    00000004     sci_try_copy.obj (.bss)

.init_array 
*          0    00000128    00000000     UNINITIALIZED

.data      0    0000a800    0000000b     UNINITIALIZED
                  0000a800    00000006     rts2800_fpu32_eabi.lib : exit.c.obj (.data)
                  0000a806    00000002                            : _lock.c.obj (.data:_lock)
                  0000a808    00000002                            : _lock.c.obj (.data:_unlock)
                  0000a80a    00000001     sci_try_copy.obj (.data)

.const     0    0000a810    00000517     
                  0000a810    00000173     board.obj (.const:.string)
                  0000a983    00000001     --HOLE-- [fill = 0]
                  0000a984    000000e2     sci_try_copy.obj (.const:.string)
                  0000aa66    0000009a     driverlib.lib : sysctl.obj (.const:.string)
                  0000ab00    00000098                   : gpio.obj (.const:.string)
                  0000ab98    00000097                   : sci.obj (.const:.string)
                  0000ac2f    00000001     --HOLE-- [fill = 0]
                  0000ac30    00000097                   : spi.obj (.const:.string)
                  0000acc7    00000001     --HOLE-- [fill = 0]
                  0000acc8    0000005f     device.obj (.const:.string)

.text.1    0    00008000    00000800     
                  00008000    0000042e     board.obj (.text:SYSCTL_init)
                  0000842e    00000123     driverlib.lib : sysctl.obj (.text:SysCtl_setClock)
                  00008551    000000fe                   : sysctl.obj (.text:SysCtl_isPLLValid)
                  0000864f    000000ce     device.obj (.text:Device_enableAllPeripherals)
                  0000871d    000000a6     board.obj (.text:PinMux_init)
                  000087c3    0000003d     driverlib.lib : interrupt.obj (.text:Interrupt_initModule)

.text.2    0    00008800    00000800     
                  00008800    00000088     rts2800_fpu32_eabi.lib : fs_div28.asm.obj (.text)
                  00008888    00000073     driverlib.lib : sysctl.obj (.text:DCC_setCounterSeeds)
                  000088fb    0000006a                   : gpio.obj (.text:GPIO_setAnalogMode)
                  00008965    00000065                   : sysctl.obj (.text:SysCtl_getClock)
                  000089ca    0000005c     sci_try_copy.obj (.text:INT_mySCIA_RX_ISR)
                  00008a26    0000005c     sci_try_copy.obj (.text:INT_sw_XINT_ISR)
                  00008a82    0000005c     driverlib.lib : spi.obj (.text:SPI_setConfig)
                  00008ade    00000052                   : gpio.obj (.text:GPIO_setPadConfig)
                  00008b30    0000004d                   : sysctl.obj (.text:SysCtl_selectOscSource)
                  00008b7d    00000046                   : sysctl.obj (.text:SysCtl_selectXTAL)
                  00008bc3    00000045                   : sci.obj (.text:SCI_clearInterruptStatus)
                  00008c08    00000045                   : sysctl.obj (.text:SysCtl_pollX1Counter)
                  00008c4d    00000044                   : sci.obj (.text:SCI_enableInterrupt)
                  00008c91    00000043     board.obj (.text:mySCIA_init)
                  00008cd4    00000041     driverlib.lib : sci.obj (.text:SCI_writeCharArray)
                  00008d15    0000003e     device.obj (.text:Device_init)
                  00008d53    0000003e     driverlib.lib : sci.obj (.text:SCI_setConfig)
                  00008d91    0000003d     sci_try_copy.obj (.text:main)
                  00008dce    00000037     driverlib.lib : gpio.obj (.text:GPIO_setControllerCore)
                  00008e05    00000037                   : gpio.obj (.text:GPIO_setInterruptPin)
                  00008e3c    00000037                   : gpio.obj (.text:GPIO_setPinConfig)
                  00008e73    00000037                   : gpio.obj (.text:GPIO_setQualificationMode)
                  00008eaa    00000037                   : interrupt.obj (.text:Interrupt_enable)
                  00008ee1    00000031                   : gpio.obj (.text:GPIO_setDirectionMode)
                  00008f12    00000030     rts2800_fpu32_eabi.lib : copy_decompress_lzss.c.obj (.text:decompress:lzss)
                  00008f42    0000002d     board.obj (.text:mySPIM_init)
                  00008f6f    0000002d     board.obj (.text:mySPIS_init)
                  00008f9c    0000002b     rts2800_fpu32_eabi.lib : autoinit.c.obj (.text:__TI_auto_init_nobinit_nopinit)
                  00008fc7    0000002a     board.obj (.text:XBAR_setInputPin)
                  00008ff1    0000000f     board.obj (.text:Interrupt_register)

.text.3    0    00009000    00000795     
                  00009000    0000002a     driverlib.lib : gpio.obj (.text:XBAR_setInputPin)
                  0000902a    00000029     rts2800_fpu32_eabi.lib : exit.c.obj (.text)
                  00009053    00000027     board.obj (.text:GPIO_writePin)
                  0000907a    00000027     sci_try_copy.obj (.text:GPIO_writePin)
                  000090a1    00000026     board.obj (.text:SCI_setFIFOInterruptLevel)
                  000090c7    00000025     driverlib.lib : sysctl.obj (.text:SysCtl_configureType)
                  000090ec    00000025                   : sysctl.obj (.text:SysCtl_selectXTALSingleEnded)
                  00009111    00000024                   : sysctl.obj (.text:DCC_enableSingleShotMode)
                  00009135    00000020                   : sci.obj (.text:SCI_isFIFOEnabled)
                  00009155    0000001e                   : sysctl.obj (.text:DCC_setCounter0ClkSource)
                  00009173    0000001e                   : sysctl.obj (.text:DCC_setCounter1ClkSource)
                  00009191    0000001e                   : interrupt.obj (.text:Interrupt_initVectorTable)
                  000091af    0000001d     board.obj (.text:SCI_enableFIFO)
                  000091cc    0000001d     rts2800_fpu32_eabi.lib : memcpy.c.obj (.text)
                  000091e9    0000001b     board.obj (.text:SysCtl_setStandbyQualificationPeriod)
                  00009204    0000001b     board.obj (.text:XBAR_isBaseValid)
                  0000921f    0000001b     driverlib.lib : gpio.obj (.text:XBAR_isBaseValid)
                  0000923a    0000001a                   : sci.obj (.text:SCI_isSpaceAvailableNonFIFO)
                  00009254    0000001a     board.obj (.text:SPI_setEmulationMode)
                  0000926e    0000001a     board.obj (.text:SPI_setPTESignalPolarity)
                  00009288    0000001a     driverlib.lib : sysctl.obj (.text:SysCtl_getLowSpeedClock)
                  000092a2    00000019     board.obj (.text:INTERRUPT_init)
                  000092bb    00000019     driverlib.lib : sysctl.obj (.text:SysCtl_setPLLSysClk)
                  000092d4    00000019     board.obj (.text:cs1_init)
                  000092ed    00000019     board.obj (.text:cs2_init)
                  00009306    00000018     driverlib.lib : sci.obj (.text:SCI_disableModule)
                  0000931e    00000018     board.obj (.text:SCI_performSoftwareReset)
                  00009336    00000018     driverlib.lib : sci.obj (.text:SCI_performSoftwareReset)
                  0000934e    00000018     board.obj (.text:SCI_resetChannels)
                  00009366    00000018     board.obj (.text:SCI_resetRxFIFO)
                  0000937e    00000018     sci_try_copy.obj (.text:SCI_resetRxFIFO)
                  00009396    00000018     board.obj (.text:SCI_resetTxFIFO)
                  000093ae    00000018     board.obj (.text:SPI_enableFIFO)
                  000093c6    00000018     board.obj (.text:SysCtl_disablePeripheral)
                  000093de    00000017     board.obj (.text:SysCtl_enablePeripheral)
                  000093f5    00000017     device.obj (.text:SysCtl_enablePeripheral)
                  0000940c    00000017     driverlib.lib : sysctl.obj (.text:SysCtl_enablePeripheral)
                  00009423    00000017     rts2800_fpu32_eabi.lib : boot28.asm.obj (.text)
                  0000943a    00000016     driverlib.lib : sysctl.obj (.text:DCC_disableDoneSignal)
                  00009450    00000016                   : interrupt.obj (.text:Interrupt_defaultHandler)
                  00009466    00000015                   : sysctl.obj (.text:DCC_clearDoneFlag)
                  0000947b    00000015                   : sysctl.obj (.text:DCC_clearErrorFlag)
                  00009490    00000015                   : sysctl.obj (.text:DCC_disableErrorSignal)
                  000094a5    00000015                   : sysctl.obj (.text:DCC_isBaseValid)
                  000094ba    00000015     device.obj (.text:GPIO_unlockPortConfig)
                  000094cf    00000014     driverlib.lib : sysctl.obj (.text:DCC_disableModule)
                  000094e3    00000014                   : sysctl.obj (.text:DCC_enableModule)
                  000094f7    00000014     board.obj (.text:GPIO_isPinValid)
                  0000950b    00000014     driverlib.lib : gpio.obj (.text:GPIO_isPinValid)
                  0000951f    00000014     sci_try_copy.obj (.text:GPIO_isPinValid)
                  00009533    00000014     driverlib.lib : sci.obj (.text:SCI_getTxFIFOStatus)
                  00009547    00000014     board.obj (.text:SysCtl_selectErrPinPolarity)
                  0000955b    00000014     board.obj (.text:SysCtl_setPeripheralAccessControl)
                  0000956f    00000014     board.obj (.text:led_init)
                  00009583    00000014     board.obj (.text:sw_init)
                  00009597    00000013     board.obj (.text:Board_init)
                  000095aa    00000013     board.obj (.text:SCI_clearOverflowStatus)
                  000095bd    00000013     board.obj (.text:SCI_enableModule)
                  000095d0    00000013     driverlib.lib : sci.obj (.text:SCI_enableModule)
                  000095e3    00000013     board.obj (.text:SCI_isBaseValid)
                  000095f6    00000013     driverlib.lib : sci.obj (.text:SCI_isBaseValid)
                  00009609    00000013     sci_try_copy.obj (.text:SCI_isBaseValid)
                  0000961c    00000013     board.obj (.text:SPI_isBaseValid)
                  0000962f    00000013     driverlib.lib : spi.obj (.text:SPI_isBaseValid)
                  00009642    00000011     board.obj (.text:SCI_disableLoopback)
                  00009653    00000011     board.obj (.text:SPI_disableLoopback)
                  00009664    00000011     board.obj (.text:SPI_disableModule)
                  00009675    00000011     board.obj (.text:SPI_enableModule)
                  00009686    00000010     device.obj (.text:Device_initGPIO)
                  00009696    00000010     board.obj (.text:GPIO_setInterruptType)
                  000096a6    00000010     sci_try_copy.obj (.text:SCI_getRxStatus)
                  000096b6    0000000d     driverlib.lib : interrupt.obj (.text:Interrupt_disableGlobal)
                  000096c3    0000000d                   : interrupt.obj (.text:Interrupt_enableGlobal)
                  000096d0    0000000d     device.obj (.text:SysCtl_setLowSpeedClock)
                  000096dd    0000000d     rts2800_fpu32_eabi.lib : copy_zero_init.c.obj (.text:decompress:ZI:__TI_zero_init_nomemset)
                  000096ea    0000000c                            : args_main.c.obj (.text)
                  000096f6    0000000c     board.obj (.text:sw_XINT_init)
                  00009702    0000000b     device.obj (.text:SysCtl_disableWatchdog)
                  0000970d    0000000b     driverlib.lib : sysctl.obj (.text:SysCtl_isMCDClockFailureDetected)
                  00009718    0000000a                   : interrupt.obj (.text:Interrupt_illegalOperationHandler)
                  00009722    0000000a                   : interrupt.obj (.text:Interrupt_nmiHandler)
                  0000972c    00000009     board.obj (.text:GPIO_enableInterrupt)
                  00009735    00000009     board.obj (.text:GPIO_init)
                  0000973e    00000009     rts2800_fpu32_eabi.lib : _lock.c.obj (.text)
                  00009747    00000008                            : copy_decompress_none.c.obj (.text:decompress:none)
                  0000974f    00000008     f28003x_codestartbranch.obj (.text)
                  00009757    00000007     device.obj (.text:ASysCtl_lockVREG)
                  0000975e    00000007     board.obj (.text:SysCtl_disableMCD)
                  00009765    00000007     driverlib.lib : sysctl.obj (.text:SysCtl_resetMCD)
                  0000976c    00000007     device.obj (.text:__error__)
                  00009773    00000007     board.obj (.text:myINPUTXBARINPUT0_init)
                  0000977a    00000006     sci_try_copy.obj (.text:Interrupt_clearACKGroup)
                  00009780    00000005     board.obj (.text:SPI_init)
                  00009785    00000004     device.obj (.text:SysCtl_deviceCal)
                  00009789    00000003     board.obj (.text:INPUTXBAR_init)
                  0000978c    00000003     board.obj (.text:SCI_init)
                  0000978f    00000003     board.obj (.text:XINT_init)
                  00009792    00000002     rts2800_fpu32_eabi.lib : pre_init.c.obj (.text)
                  00009794    00000001                            : startup.c.obj (.text)

MODULE SUMMARY

       Module                        code   ro data   rw data
       ------                        ----   -------   -------
    ./
       sci_try_copy.obj              369    226       5      
    +--+-----------------------------+------+---------+---------+
       Total:                        369    226       5      
                                                             
    ./device/
       device.obj                    370    95        0      
       f28003x_codestartbranch.obj   10     0         0      
    +--+-----------------------------+------+---------+---------+
       Total:                        380    95        0      
                                                             
    ./syscfg/
       board.obj                     2241   371       0      
    +--+-----------------------------+------+---------+---------+
       Total:                        2241   371       0      
                                                             
    /Applications/ti/ccs2002/ccs/tools/compiler/ti-cgt-c2000_22.6.1.LTS/lib/rts2800_fpu32_eabi.lib
       fs_div28.asm.obj              136    0         0      
       copy_decompress_lzss.c.obj    48     0         0      
       exit.c.obj                    41     0         6      
       autoinit.c.obj                43     0         0      
       memcpy.c.obj                  29     0         0      
       boot28.asm.obj                23     0         0      
       _lock.c.obj                   9      0         4      
       copy_zero_init.c.obj          13     0         0      
       args_main.c.obj               12     0         0      
       copy_decompress_none.c.obj    8      0         0      
       pre_init.c.obj                2      0         0      
       startup.c.obj                 1      0         0      
    +--+-----------------------------+------+---------+---------+
       Total:                        365    0         10     
                                                             
    /Users/charlie/ti/C2000Ware_5_04_00_00/driverlib/f28003x/driverlib/ccs/Debug/driverlib.lib
       sysctl.obj                    1389   154       0      
       gpio.obj                      546    152       0      
       sci.obj                       428    151       0      
       spi.obj                       111    151       0      
       interrupt.obj                 214    0         0      
    +--+-----------------------------+------+---------+---------+
       Total:                        2688   608       0      
                                                             
       Stack:                        0      0         512    
       Linker Generated:             0      27        0      
    +--+-----------------------------+------+---------+---------+
       Grand Total:                  6043   1327      527    


LINKER GENERATED COPY TABLES

__TI_cinit_table @ 00000140 records: 2, size/record: 4, table size: 8
	.data: load addr=0000012c, load size=00000009 bytes, run addr=0000a800, run size=0000000b bytes, compression=lzss
	.bss: load addr=0000013c, load size=00000004 bytes, run addr=0000a80c, run size=00000004 bytes, compression=zero_init


LINKER GENERATED HANDLER TABLE

__TI_handler_table @ 00000136 records: 3, size/record: 2, table size: 6
	index: 0, handler: __TI_zero_init
	index: 1, handler: __TI_decompress_lzss
	index: 2, handler: __TI_decompress_none


GLOBAL DATA SYMBOLS: SORTED BY DATA PAGE

address     data page           name
--------    ----------------    ----
00000400      10 (00000400)     __stack

0000a800     2a0 (0000a800)     __TI_enable_exit_profile_output
0000a802     2a0 (0000a800)     __TI_cleanup_ptr
0000a804     2a0 (0000a800)     __TI_dtors_ptr
0000a806     2a0 (0000a800)     _lock
0000a808     2a0 (0000a800)     _unlock
0000a80a     2a0 (0000a800)     rxStatus
0000a80c     2a0 (0000a800)     cpuTimer0IntCount
0000a80d     2a0 (0000a800)     delayCount
0000a80e     2a0 (0000a800)     msg


GLOBAL SYMBOLS: SORTED ALPHABETICALLY BY Name 

page  address   name                             
----  -------   ----                             
0     00009597  Board_init                       
0     0000902a  C$$EXIT                          
0     0000864f  Device_enableAllPeripherals      
0     00008d15  Device_init                      
0     00009686  Device_initGPIO                  
0     00009735  GPIO_init                        
0     000088fb  GPIO_setAnalogMode               
0     00008dce  GPIO_setControllerCore           
0     00008ee1  GPIO_setDirectionMode            
0     00008e05  GPIO_setInterruptPin             
0     00008ade  GPIO_setPadConfig                
0     00008e3c  GPIO_setPinConfig                
0     00008e73  GPIO_setQualificationMode        
0     00009789  INPUTXBAR_init                   
0     000092a2  INTERRUPT_init                   
0     000089ca  INT_mySCIA_RX_ISR                
0     00008a26  INT_sw_XINT_ISR                  
0     00009450  Interrupt_defaultHandler         
0     00008eaa  Interrupt_enable                 
0     00009718  Interrupt_illegalOperationHandler
0     000087c3  Interrupt_initModule             
0     00009191  Interrupt_initVectorTable        
0     00009722  Interrupt_nmiHandler             
0     0000871d  PinMux_init                      
0     00008bc3  SCI_clearInterruptStatus         
0     00008c4d  SCI_enableInterrupt              
0     0000978c  SCI_init                         
0     00008d53  SCI_setConfig                    
0     00008cd4  SCI_writeCharArray               
0     00009780  SPI_init                         
0     00008a82  SPI_setConfig                    
0     00008000  SYSCTL_init                      
0     000090c7  SysCtl_configureType             
0     00000128  SysCtl_delay                     
0     00008965  SysCtl_getClock                  
0     00009288  SysCtl_getLowSpeedClock          
0     00008551  SysCtl_isPLLValid                
0     00008b30  SysCtl_selectOscSource           
0     00008b7d  SysCtl_selectXTAL                
0     000090ec  SysCtl_selectXTALSingleEnded     
0     0000842e  SysCtl_setClock                  
0     0000978f  XINT_init                        
0     00000140  __TI_CINIT_Base                  
0     00000148  __TI_CINIT_Limit                 
0     00000148  __TI_CINIT_Warm                  
0     00000136  __TI_Handler_Table_Base          
0     0000013c  __TI_Handler_Table_Limit         
0     00000600  __TI_STACK_END                   
abs   00000200  __TI_STACK_SIZE                  
0     00008f9c  __TI_auto_init_nobinit_nopinit   
0     0000a802  __TI_cleanup_ptr                 
0     00008f12  __TI_decompress_lzss             
0     00009747  __TI_decompress_none             
0     0000a804  __TI_dtors_ptr                   
0     0000a800  __TI_enable_exit_profile_output  
abs   ffffffff  __TI_pprof_out_hndl              
abs   ffffffff  __TI_prof_data_size              
abs   ffffffff  __TI_prof_data_start             
0     000096dd  __TI_zero_init_nomemset          
0     00008800  __c28xabi_divf                   
n/a   UNDEFED   __c_args__                       
0     0000976c  __error__                        
0     00000400  __stack                          
0     000096ea  _args_main                       
0     00009423  _c_int00                         
0     0000a806  _lock                            
0     00009746  _nop                             
0     00009742  _register_lock                   
0     0000973e  _register_unlock                 
0     00009794  _system_post_cinit               
0     00009792  _system_pre_init                 
0     0000a808  _unlock                          
0     0000902a  abort                            
0     00000000  code_start                       
0     0000a80c  cpuTimer0IntCount                
0     000092d4  cs1_init                         
0     000092ed  cs2_init                         
0     0000a80d  delayCount                       
0     0000902c  exit                             
0     0000956f  led_init                         
0     00008d91  main                             
0     000091cc  memcpy                           
0     0000a80e  msg                              
0     00009773  myINPUTXBARINPUT0_init           
0     00008c91  mySCIA_init                      
0     00008f42  mySPIM_init                      
0     00008f6f  mySPIS_init                      
0     0000a80a  rxStatus                         
0     000096f6  sw_XINT_init                     
0     00009583  sw_init                          


GLOBAL SYMBOLS: SORTED BY Symbol Address 

page  address   name                             
----  -------   ----                             
0     00000000  code_start                       
0     00000128  SysCtl_delay                     
0     00000136  __TI_Handler_Table_Base          
0     0000013c  __TI_Handler_Table_Limit         
0     00000140  __TI_CINIT_Base                  
0     00000148  __TI_CINIT_Limit                 
0     00000148  __TI_CINIT_Warm                  
0     00000400  __stack                          
0     00000600  __TI_STACK_END                   
0     00008000  SYSCTL_init                      
0     0000842e  SysCtl_setClock                  
0     00008551  SysCtl_isPLLValid                
0     0000864f  Device_enableAllPeripherals      
0     0000871d  PinMux_init                      
0     000087c3  Interrupt_initModule             
0     00008800  __c28xabi_divf                   
0     000088fb  GPIO_setAnalogMode               
0     00008965  SysCtl_getClock                  
0     000089ca  INT_mySCIA_RX_ISR                
0     00008a26  INT_sw_XINT_ISR                  
0     00008a82  SPI_setConfig                    
0     00008ade  GPIO_setPadConfig                
0     00008b30  SysCtl_selectOscSource           
0     00008b7d  SysCtl_selectXTAL                
0     00008bc3  SCI_clearInterruptStatus         
0     00008c4d  SCI_enableInterrupt              
0     00008c91  mySCIA_init                      
0     00008cd4  SCI_writeCharArray               
0     00008d15  Device_init                      
0     00008d53  SCI_setConfig                    
0     00008d91  main                             
0     00008dce  GPIO_setControllerCore           
0     00008e05  GPIO_setInterruptPin             
0     00008e3c  GPIO_setPinConfig                
0     00008e73  GPIO_setQualificationMode        
0     00008eaa  Interrupt_enable                 
0     00008ee1  GPIO_setDirectionMode            
0     00008f12  __TI_decompress_lzss             
0     00008f42  mySPIM_init                      
0     00008f6f  mySPIS_init                      
0     00008f9c  __TI_auto_init_nobinit_nopinit   
0     0000902a  C$$EXIT                          
0     0000902a  abort                            
0     0000902c  exit                             
0     000090c7  SysCtl_configureType             
0     000090ec  SysCtl_selectXTALSingleEnded     
0     00009191  Interrupt_initVectorTable        
0     000091cc  memcpy                           
0     00009288  SysCtl_getLowSpeedClock          
0     000092a2  INTERRUPT_init                   
0     000092d4  cs1_init                         
0     000092ed  cs2_init                         
0     00009423  _c_int00                         
0     00009450  Interrupt_defaultHandler         
0     0000956f  led_init                         
0     00009583  sw_init                          
0     00009597  Board_init                       
0     00009686  Device_initGPIO                  
0     000096dd  __TI_zero_init_nomemset          
0     000096ea  _args_main                       
0     000096f6  sw_XINT_init                     
0     00009718  Interrupt_illegalOperationHandler
0     00009722  Interrupt_nmiHandler             
0     00009735  GPIO_init                        
0     0000973e  _register_unlock                 
0     00009742  _register_lock                   
0     00009746  _nop                             
0     00009747  __TI_decompress_none             
0     0000976c  __error__                        
0     00009773  myINPUTXBARINPUT0_init           
0     00009780  SPI_init                         
0     00009789  INPUTXBAR_init                   
0     0000978c  SCI_init                         
0     0000978f  XINT_init                        
0     00009792  _system_pre_init                 
0     00009794  _system_post_cinit               
0     0000a800  __TI_enable_exit_profile_output  
0     0000a802  __TI_cleanup_ptr                 
0     0000a804  __TI_dtors_ptr                   
0     0000a806  _lock                            
0     0000a808  _unlock                          
0     0000a80a  rxStatus                         
0     0000a80c  cpuTimer0IntCount                
0     0000a80d  delayCount                       
0     0000a80e  msg                              
abs   00000200  __TI_STACK_SIZE                  
abs   ffffffff  __TI_pprof_out_hndl              
abs   ffffffff  __TI_prof_data_size              
abs   ffffffff  __TI_prof_data_start             
n/a   UNDEFED   __c_args__                       

[90 symbols]
