******************************************************************************
             TMS320C2000 Linker Unix v22.6.1                   
******************************************************************************
>> Linked Tue Mar 25 17:25:59 2025

OUTPUT FILE NAME:   <try_sci_copy.out>
ENTRY POINT SYMBOL: "code_start"  address: 00000000


MEMORY CONFIGURATION

         name            origin    length      used     unused   attr    fill
----------------------  --------  ---------  --------  --------  ----  --------
  BEGIN                 00000000   00000002  00000002  00000000  RWIX
  BOOT_RSVD             00000002   00000126  00000000  00000126  RWIX
  RAMM0                 00000128   000002d8  0000001e  000002ba  RWIX
  RAMM1                 00000400   000003f8  00000200  000001f8  RWIX
  RAMLS0                00008000   00000800  00000800  00000000  RWIX
  RAMLS1                00008800   00000800  00000800  00000000  RWIX
  RAMLS2                00009000   00000800  00000065  0000079b  RWIX
  RAMLS3                00009800   00000800  00000000  00000800  RWIX
  RAMLS4                0000a000   00000800  00000000  00000800  RWIX
  RAMLS5                0000a800   00000800  000003af  00000451  RWIX
  RAMLS6_7              0000b000   00001000  00000000  00001000  RWIX
  RAMGS0                0000c000   00001000  00000000  00001000  RWIX
  RAMGS1                0000d000   00001000  00000000  00001000  RWIX
  RAMGS2                0000e000   00001000  00000000  00001000  RWIX
  RAMGS3                0000f000   00000ff8  00000000  00000ff8  RWIX
  FLASH_BANK0_SEC0      00080002   00000ffe  00000000  00000ffe  RWIX
  FLASH_BANK0_SEC1      00081000   00001000  00000000  00001000  RWIX
  FLASH_BANK0_SEC2      00082000   00001000  00000000  00001000  RWIX
  FLASH_BANK0_SEC3      00083000   00001000  00000000  00001000  RWIX
  FLASH_BANK0_SEC4      00084000   00001000  00000000  00001000  RWIX
  FLASH_BANK0_SEC5      00085000   00001000  00000000  00001000  RWIX
  FLASH_BANK0_SEC6      00086000   00001000  00000000  00001000  RWIX
  FLASH_BANK0_SEC7      00087000   00001000  00000000  00001000  RWIX
  FLASH_BANK0_SEC8      00088000   00001000  00000000  00001000  RWIX
  FLASH_BANK0_SEC9      00089000   00001000  00000000  00001000  RWIX
  FLASH_BANK0_SEC10     0008a000   00001000  00000000  00001000  RWIX
  FLASH_BANK0_SEC11     0008b000   00001000  00000000  00001000  RWIX
  FLASH_BANK0_SEC12     0008c000   00001000  00000000  00001000  RWIX
  FLASH_BANK0_SEC13     0008d000   00001000  00000000  00001000  RWIX
  FLASH_BANK0_SEC14     0008e000   00001000  00000000  00001000  RWIX
  FLASH_BANK0_SEC15     0008f000   00001000  00000000  00001000  RWIX
  FLASH_BANK1_SEC0      00090000   00001000  00000000  00001000  RWIX
  FLASH_BANK1_SEC1      00091000   00001000  00000000  00001000  RWIX
  FLASH_BANK1_SEC2      00092000   00001000  00000000  00001000  RWIX
  FLASH_BANK1_SEC3      00093000   00001000  00000000  00001000  RWIX
  FLASH_BANK1_SEC4      00094000   00001000  00000000  00001000  RWIX
  FLASH_BANK1_SEC5      00095000   00001000  00000000  00001000  RWIX
  FLASH_BANK1_SEC6      00096000   00001000  00000000  00001000  RWIX
  FLASH_BANK1_SEC7      00097000   00001000  00000000  00001000  RWIX
  FLASH_BANK1_SEC8      00098000   00001000  00000000  00001000  RWIX
  FLASH_BANK1_SEC9      00099000   00001000  00000000  00001000  RWIX
  FLASH_BANK1_SEC10     0009a000   00001000  00000000  00001000  RWIX
  FLASH_BANK1_SEC11     0009b000   00001000  00000000  00001000  RWIX
  FLASH_BANK1_SEC12     0009c000   00001000  00000000  00001000  RWIX
  FLASH_BANK1_SEC13     0009d000   00001000  00000000  00001000  RWIX
  FLASH_BANK1_SEC14     0009e000   00001000  00000000  00001000  RWIX
  FLASH_BANK1_SEC15     0009f000   00001000  00000000  00001000  RWIX
  FLASH_BANK2_SEC0      000a0000   00001000  00000000  00001000  RWIX
  FLASH_BANK2_SEC1      000a1000   00001000  00000000  00001000  RWIX
  FLASH_BANK2_SEC2      000a2000   00001000  00000000  00001000  RWIX
  FLASH_BANK2_SEC3      000a3000   00001000  00000000  00001000  RWIX
  FLASH_BANK2_SEC4      000a4000   00001000  00000000  00001000  RWIX
  FLASH_BANK2_SEC5      000a5000   00001000  00000000  00001000  RWIX
  FLASH_BANK2_SEC6      000a6000   00001000  00000000  00001000  RWIX
  FLASH_BANK2_SEC7      000a7000   00001000  00000000  00001000  RWIX
  FLASH_BANK2_SEC8      000a8000   00001000  00000000  00001000  RWIX
  FLASH_BANK2_SEC9      000a9000   00001000  00000000  00001000  RWIX
  FLASH_BANK2_SEC10     000aa000   00001000  00000000  00001000  RWIX
  FLASH_BANK2_SEC11     000ab000   00001000  00000000  00001000  RWIX
  FLASH_BANK2_SEC12     000ac000   00001000  00000000  00001000  RWIX
  FLASH_BANK2_SEC13     000ad000   00001000  00000000  00001000  RWIX
  FLASH_BANK2_SEC14     000ae000   00001000  00000000  00001000  RWIX
  FLASH_BANK2_SEC15     000af000   00000ff0  00000000  00000ff0  RWIX
  SECURE_ROM            003f2000   00006000  00000000  00006000  RWIX
  BOOTROM               003f8000   00007fc0  00000000  00007fc0  RWIX
  RESET                 003fffc0   00000002  00000000  00000002  RWIX


SECTION ALLOCATION MAP

 output                                  attributes/
section   page    origin      length       input sections
--------  ----  ----------  ----------   ----------------
codestart 
*          0    00000000    00000002     
                  00000000    00000002     f28003x_codestartbranch.obj (codestart)

.TI.ramfunc 
*          0    00000128    00000004     
                  00000128    00000004     driverlib.lib : sysctl.obj (.TI.ramfunc)

.cinit     0    0000012c    0000001a     
                  0000012c    00000008     (.cinit..data.load) [load image, compression = lzss]
                  00000134    00000006     (__TI_handler_table)
                  0000013a    00000004     (.cinit..bss.load) [load image, compression = zero_init]
                  0000013e    00000008     (__TI_cinit_table)

.reset     0    003fffc0    00000000     DSECT

.stack     0    00000400    00000200     UNINITIALIZED
                  00000400    00000200     --HOLE--

.bss       0    0000a80a    00000004     UNINITIALIZED
                  0000a80a    00000004     sci_try_copy.obj (.bss)

.init_array 
*          0    00000128    00000000     UNINITIALIZED

.data      0    0000a800    0000000a     UNINITIALIZED
                  0000a800    00000006     rts2800_fpu32_eabi.lib : exit.c.obj (.data)
                  0000a806    00000002                            : _lock.c.obj (.data:_lock)
                  0000a808    00000002                            : _lock.c.obj (.data:_unlock)

.const     0    0000a80e    000003a1     
                  0000a80e    000000e3     sci_try_copy.obj (.const:.string)
                  0000a8f1    00000001     --HOLE-- [fill = 0]
                  0000a8f2    0000009a     driverlib.lib : sysctl.obj (.const:.string)
                  0000a98c    00000098                   : gpio.obj (.const:.string)
                  0000aa24    00000097                   : sci.obj (.const:.string)
                  0000aabb    00000001     --HOLE-- [fill = 0]
                  0000aabc    00000093     board.obj (.const:.string)
                  0000ab4f    00000001     --HOLE-- [fill = 0]
                  0000ab50    0000005f     device.obj (.const:.string)

.text.1    0    00008000    00000800     
                  00008000    00000123     driverlib.lib : sysctl.obj (.text:SysCtl_setClock)
                  00008123    000000fe                   : sysctl.obj (.text:SysCtl_isPLLValid)
                  00008221    000000ce     device.obj (.text:Device_enableAllPeripherals)
                  000082ef    00000088     rts2800_fpu32_eabi.lib : fs_div28.asm.obj (.text)
                  00008377    00000073     driverlib.lib : sysctl.obj (.text:DCC_setCounterSeeds)
                  000083ea    0000006a                   : gpio.obj (.text:GPIO_setAnalogMode)
                  00008454    00000065                   : sysctl.obj (.text:SysCtl_getClock)
                  000084b9    0000005f     sci_try_copy.obj (.text:INT_sw_XINT_ISR)
                  00008518    00000055     sci_try_copy.obj (.text:INT_mySCIA_RX_ISR)
                  0000856d    00000052     driverlib.lib : gpio.obj (.text:GPIO_setPadConfig)
                  000085bf    0000004d                   : sysctl.obj (.text:SysCtl_selectOscSource)
                  0000860c    00000046                   : sysctl.obj (.text:SysCtl_selectXTAL)
                  00008652    00000045                   : sci.obj (.text:SCI_clearInterruptStatus)
                  00008697    00000045                   : sysctl.obj (.text:SysCtl_pollX1Counter)
                  000086dc    00000044                   : sci.obj (.text:SCI_enableInterrupt)
                  00008720    00000043     board.obj (.text:mySCIA_init)
                  00008763    00000041     driverlib.lib : sci.obj (.text:SCI_writeCharArray)
                  000087a4    0000003e     device.obj (.text:Device_init)
                  000087e2    0000001e     driverlib.lib : sysctl.obj (.text:DCC_setCounter0ClkSource)

.text.2    0    00008800    00000800     
                  00008800    0000003e     driverlib.lib : sci.obj (.text:SCI_setConfig)
                  0000883e    0000003d                   : interrupt.obj (.text:Interrupt_initModule)
                  0000887b    00000037                   : gpio.obj (.text:GPIO_setControllerCore)
                  000088b2    00000037                   : gpio.obj (.text:GPIO_setInterruptPin)
                  000088e9    00000037                   : gpio.obj (.text:GPIO_setPinConfig)
                  00008920    00000037                   : gpio.obj (.text:GPIO_setQualificationMode)
                  00008957    00000037                   : interrupt.obj (.text:Interrupt_enable)
                  0000898e    00000036     sci_try_copy.obj (.text:main)
                  000089c4    00000031     driverlib.lib : gpio.obj (.text:GPIO_setDirectionMode)
                  000089f5    00000030     rts2800_fpu32_eabi.lib : copy_decompress_lzss.c.obj (.text:decompress:lzss)
                  00008a25    0000002d     board.obj (.text:PinMux_init)
                  00008a52    0000002b     rts2800_fpu32_eabi.lib : autoinit.c.obj (.text:__TI_auto_init_nobinit_nopinit)
                  00008a7d    0000002a     board.obj (.text:XBAR_setInputPin)
                  00008aa7    0000002a     driverlib.lib : gpio.obj (.text:XBAR_setInputPin)
                  00008ad1    00000029     rts2800_fpu32_eabi.lib : exit.c.obj (.text)
                  00008afa    00000027     sci_try_copy.obj (.text:GPIO_writePin)
                  00008b21    00000026     board.obj (.text:SCI_setFIFOInterruptLevel)
                  00008b47    00000025     driverlib.lib : sysctl.obj (.text:SysCtl_selectXTALSingleEnded)
                  00008b6c    00000024                   : sysctl.obj (.text:DCC_enableSingleShotMode)
                  00008b90    00000020                   : sci.obj (.text:SCI_isFIFOEnabled)
                  00008bb0    0000001e                   : sysctl.obj (.text:DCC_setCounter1ClkSource)
                  00008bce    0000001e                   : interrupt.obj (.text:Interrupt_initVectorTable)
                  00008bec    0000001d     board.obj (.text:SCI_enableFIFO)
                  00008c09    0000001d     rts2800_fpu32_eabi.lib : memcpy.c.obj (.text)
                  00008c26    0000001b     board.obj (.text:XBAR_isBaseValid)
                  00008c41    0000001b     driverlib.lib : gpio.obj (.text:XBAR_isBaseValid)
                  00008c5c    0000001a                   : sci.obj (.text:SCI_isSpaceAvailableNonFIFO)
                  00008c76    0000001a                   : sysctl.obj (.text:SysCtl_getLowSpeedClock)
                  00008c90    00000019     board.obj (.text:INTERRUPT_init)
                  00008ca9    00000019     driverlib.lib : sysctl.obj (.text:SysCtl_setPLLSysClk)
                  00008cc2    00000018                   : sci.obj (.text:SCI_disableModule)
                  00008cda    00000018     board.obj (.text:SCI_performSoftwareReset)
                  00008cf2    00000018     driverlib.lib : sci.obj (.text:SCI_performSoftwareReset)
                  00008d0a    00000018     board.obj (.text:SCI_resetChannels)
                  00008d22    00000018     board.obj (.text:SCI_resetRxFIFO)
                  00008d3a    00000018     board.obj (.text:SCI_resetTxFIFO)
                  00008d52    00000017     device.obj (.text:SysCtl_enablePeripheral)
                  00008d69    00000017     driverlib.lib : sysctl.obj (.text:SysCtl_enablePeripheral)
                  00008d80    00000017     rts2800_fpu32_eabi.lib : boot28.asm.obj (.text)
                  00008d97    00000016     driverlib.lib : sysctl.obj (.text:DCC_disableDoneSignal)
                  00008dad    00000016                   : interrupt.obj (.text:Interrupt_defaultHandler)
                  00008dc3    00000015                   : sysctl.obj (.text:DCC_clearDoneFlag)
                  00008dd8    00000015                   : sysctl.obj (.text:DCC_clearErrorFlag)
                  00008ded    00000015                   : sysctl.obj (.text:DCC_disableErrorSignal)
                  00008e02    00000015                   : sysctl.obj (.text:DCC_isBaseValid)
                  00008e17    00000015     device.obj (.text:GPIO_unlockPortConfig)
                  00008e2c    00000014     driverlib.lib : sysctl.obj (.text:DCC_disableModule)
                  00008e40    00000014                   : sysctl.obj (.text:DCC_enableModule)
                  00008e54    00000014                   : gpio.obj (.text:GPIO_isPinValid)
                  00008e68    00000014     sci_try_copy.obj (.text:GPIO_isPinValid)
                  00008e7c    00000014     driverlib.lib : sci.obj (.text:SCI_getTxFIFOStatus)
                  00008e90    00000014     board.obj (.text:led_init)
                  00008ea4    00000014     board.obj (.text:sw_init)
                  00008eb8    00000013     board.obj (.text:SCI_clearOverflowStatus)
                  00008ecb    00000013     board.obj (.text:SCI_enableModule)
                  00008ede    00000013     driverlib.lib : sci.obj (.text:SCI_enableModule)
                  00008ef1    00000013     board.obj (.text:SCI_isBaseValid)
                  00008f04    00000013     driverlib.lib : sci.obj (.text:SCI_isBaseValid)
                  00008f17    00000013     sci_try_copy.obj (.text:SCI_isBaseValid)
                  00008f2a    00000011     board.obj (.text:SCI_disableLoopback)
                  00008f3b    00000010     device.obj (.text:Device_initGPIO)
                  00008f4b    00000010     board.obj (.text:GPIO_setInterruptType)
                  00008f5b    00000010     sci_try_copy.obj (.text:SCI_getRxStatus)
                  00008f6b    0000000f     board.obj (.text:Board_init)
                  00008f7a    0000000f     board.obj (.text:Interrupt_register)
                  00008f89    0000000d     driverlib.lib : interrupt.obj (.text:Interrupt_disableGlobal)
                  00008f96    0000000d                   : interrupt.obj (.text:Interrupt_enableGlobal)
                  00008fa3    0000000d     sci_try_copy.obj (.text:SysCtl_resetDevice)
                  00008fb0    0000000d     device.obj (.text:SysCtl_setLowSpeedClock)
                  00008fbd    0000000d     rts2800_fpu32_eabi.lib : copy_zero_init.c.obj (.text:decompress:ZI:__TI_zero_init_nomemset)
                  00008fca    0000000c                            : args_main.c.obj (.text)
                  00008fd6    0000000c     board.obj (.text:sw_XINT_init)
                  00008fe2    0000000b     device.obj (.text:SysCtl_disableWatchdog)
                  00008fed    0000000b     driverlib.lib : sysctl.obj (.text:SysCtl_isMCDClockFailureDetected)
                  00008ff8    00000008     rts2800_fpu32_eabi.lib : copy_decompress_none.c.obj (.text:decompress:none)

.text.3    0    00009000    00000065     
                  00009000    0000000a     driverlib.lib : interrupt.obj (.text:Interrupt_illegalOperationHandler)
                  0000900a    0000000a                   : interrupt.obj (.text:Interrupt_nmiHandler)
                  00009014    00000009     board.obj (.text:GPIO_enableInterrupt)
                  0000901d    00000009     rts2800_fpu32_eabi.lib : _lock.c.obj (.text)
                  00009026    00000008     f28003x_codestartbranch.obj (.text)
                  0000902e    00000007     device.obj (.text:ASysCtl_lockVREG)
                  00009035    00000007     driverlib.lib : sysctl.obj (.text:SysCtl_resetMCD)
                  0000903c    00000007     device.obj (.text:__error__)
                  00009043    00000007     board.obj (.text:myINPUTXBARINPUT0_init)
                  0000904a    00000006     sci_try_copy.obj (.text:Interrupt_clearACKGroup)
                  00009050    00000005     board.obj (.text:GPIO_init)
                  00009055    00000004     device.obj (.text:SysCtl_deviceCal)
                  00009059    00000003     board.obj (.text:INPUTXBAR_init)
                  0000905c    00000003     board.obj (.text:SCI_init)
                  0000905f    00000003     board.obj (.text:XINT_init)
                  00009062    00000002     rts2800_fpu32_eabi.lib : pre_init.c.obj (.text)
                  00009064    00000001                            : startup.c.obj (.text)

MODULE SUMMARY

       Module                        code   ro data   rw data
       ------                        ----   -------   -------
    ./
       sci_try_copy.obj              347    227       4      
    +--+-----------------------------+------+---------+---------+
       Total:                        347    227       4      
                                                             
    ./device/
       device.obj                    370    95        0      
       f28003x_codestartbranch.obj   10     0         0      
    +--+-----------------------------+------+---------+---------+
       Total:                        380    95        0      
                                                             
    ./syscfg/
       board.obj                     571    147       0      
    +--+-----------------------------+------+---------+---------+
       Total:                        571    147       0      
                                                             
    /Applications/ti/ccs2002/ccs/tools/compiler/ti-cgt-c2000_22.6.1.LTS/lib/rts2800_fpu32_eabi.lib
       fs_div28.asm.obj              136    0         0      
       copy_decompress_lzss.c.obj    48     0         0      
       exit.c.obj                    41     0         6      
       autoinit.c.obj                43     0         0      
       memcpy.c.obj                  29     0         0      
       boot28.asm.obj                23     0         0      
       _lock.c.obj                   9      0         4      
       copy_zero_init.c.obj          13     0         0      
       args_main.c.obj               12     0         0      
       copy_decompress_none.c.obj    8      0         0      
       pre_init.c.obj                2      0         0      
       startup.c.obj                 1      0         0      
    +--+-----------------------------+------+---------+---------+
       Total:                        365    0         10     
                                                             
    /Users/charlie/ti/C2000Ware_5_04_00_00/driverlib/f28003x/driverlib/ccs/Debug/driverlib.lib
       sysctl.obj                    1352   154       0      
       gpio.obj                      546    152       0      
       sci.obj                       428    151       0      
       interrupt.obj                 214    0         0      
    +--+-----------------------------+------+---------+---------+
       Total:                        2540   457       0      
                                                             
       Stack:                        0      0         512    
       Linker Generated:             0      26        0      
    +--+-----------------------------+------+---------+---------+
       Grand Total:                  4203   952       526    


LINKER GENERATED COPY TABLES

__TI_cinit_table @ 0000013e records: 2, size/record: 4, table size: 8
	.data: load addr=0000012c, load size=00000008 bytes, run addr=0000a800, run size=0000000a bytes, compression=lzss
	.bss: load addr=0000013a, load size=00000004 bytes, run addr=0000a80a, run size=00000004 bytes, compression=zero_init


LINKER GENERATED HANDLER TABLE

__TI_handler_table @ 00000134 records: 3, size/record: 2, table size: 6
	index: 0, handler: __TI_zero_init
	index: 1, handler: __TI_decompress_lzss
	index: 2, handler: __TI_decompress_none


GLOBAL DATA SYMBOLS: SORTED BY DATA PAGE

address     data page           name
--------    ----------------    ----
00000400      10 (00000400)     __stack

0000a800     2a0 (0000a800)     __TI_enable_exit_profile_output
0000a802     2a0 (0000a800)     __TI_cleanup_ptr
0000a804     2a0 (0000a800)     __TI_dtors_ptr
0000a806     2a0 (0000a800)     _lock
0000a808     2a0 (0000a800)     _unlock
0000a80a     2a0 (0000a800)     cpuTimer0IntCount
0000a80b     2a0 (0000a800)     delayCount
0000a80c     2a0 (0000a800)     msg


GLOBAL SYMBOLS: SORTED ALPHABETICALLY BY Name 

page  address   name                             
----  -------   ----                             
0     00008f6b  Board_init                       
0     00008ad1  C$$EXIT                          
0     00008221  Device_enableAllPeripherals      
0     000087a4  Device_init                      
0     00008f3b  Device_initGPIO                  
0     00009050  GPIO_init                        
0     000083ea  GPIO_setAnalogMode               
0     0000887b  GPIO_setControllerCore           
0     000089c4  GPIO_setDirectionMode            
0     000088b2  GPIO_setInterruptPin             
0     0000856d  GPIO_setPadConfig                
0     000088e9  GPIO_setPinConfig                
0     00008920  GPIO_setQualificationMode        
0     00009059  INPUTXBAR_init                   
0     00008c90  INTERRUPT_init                   
0     00008518  INT_mySCIA_RX_ISR                
0     000084b9  INT_sw_XINT_ISR                  
0     00008dad  Interrupt_defaultHandler         
0     00008957  Interrupt_enable                 
0     00009000  Interrupt_illegalOperationHandler
0     0000883e  Interrupt_initModule             
0     00008bce  Interrupt_initVectorTable        
0     0000900a  Interrupt_nmiHandler             
0     00008a25  PinMux_init                      
0     00008652  SCI_clearInterruptStatus         
0     000086dc  SCI_enableInterrupt              
0     0000905c  SCI_init                         
0     00008800  SCI_setConfig                    
0     00008763  SCI_writeCharArray               
0     00000128  SysCtl_delay                     
0     00008454  SysCtl_getClock                  
0     00008c76  SysCtl_getLowSpeedClock          
0     00008123  SysCtl_isPLLValid                
0     000085bf  SysCtl_selectOscSource           
0     0000860c  SysCtl_selectXTAL                
0     00008b47  SysCtl_selectXTALSingleEnded     
0     00008000  SysCtl_setClock                  
0     0000905f  XINT_init                        
0     0000013e  __TI_CINIT_Base                  
0     00000146  __TI_CINIT_Limit                 
0     00000146  __TI_CINIT_Warm                  
0     00000134  __TI_Handler_Table_Base          
0     0000013a  __TI_Handler_Table_Limit         
0     00000600  __TI_STACK_END                   
abs   00000200  __TI_STACK_SIZE                  
0     00008a52  __TI_auto_init_nobinit_nopinit   
0     0000a802  __TI_cleanup_ptr                 
0     000089f5  __TI_decompress_lzss             
0     00008ff8  __TI_decompress_none             
0     0000a804  __TI_dtors_ptr                   
0     0000a800  __TI_enable_exit_profile_output  
abs   ffffffff  __TI_pprof_out_hndl              
abs   ffffffff  __TI_prof_data_size              
abs   ffffffff  __TI_prof_data_start             
0     00008fbd  __TI_zero_init_nomemset          
0     000082ef  __c28xabi_divf                   
n/a   UNDEFED   __c_args__                       
0     0000903c  __error__                        
0     00000400  __stack                          
0     00008fca  _args_main                       
0     00008d80  _c_int00                         
0     0000a806  _lock                            
0     00009025  _nop                             
0     00009021  _register_lock                   
0     0000901d  _register_unlock                 
0     00009064  _system_post_cinit               
0     00009062  _system_pre_init                 
0     0000a808  _unlock                          
0     00008ad1  abort                            
0     00000000  code_start                       
0     0000a80a  cpuTimer0IntCount                
0     0000a80b  delayCount                       
0     00008ad3  exit                             
0     00008e90  led_init                         
0     0000898e  main                             
0     00008c09  memcpy                           
0     0000a80c  msg                              
0     00009043  myINPUTXBARINPUT0_init           
0     00008720  mySCIA_init                      
0     00008fd6  sw_XINT_init                     
0     00008ea4  sw_init                          


GLOBAL SYMBOLS: SORTED BY Symbol Address 

page  address   name                             
----  -------   ----                             
0     00000000  code_start                       
0     00000128  SysCtl_delay                     
0     00000134  __TI_Handler_Table_Base          
0     0000013a  __TI_Handler_Table_Limit         
0     0000013e  __TI_CINIT_Base                  
0     00000146  __TI_CINIT_Limit                 
0     00000146  __TI_CINIT_Warm                  
0     00000400  __stack                          
0     00000600  __TI_STACK_END                   
0     00008000  SysCtl_setClock                  
0     00008123  SysCtl_isPLLValid                
0     00008221  Device_enableAllPeripherals      
0     000082ef  __c28xabi_divf                   
0     000083ea  GPIO_setAnalogMode               
0     00008454  SysCtl_getClock                  
0     000084b9  INT_sw_XINT_ISR                  
0     00008518  INT_mySCIA_RX_ISR                
0     0000856d  GPIO_setPadConfig                
0     000085bf  SysCtl_selectOscSource           
0     0000860c  SysCtl_selectXTAL                
0     00008652  SCI_clearInterruptStatus         
0     000086dc  SCI_enableInterrupt              
0     00008720  mySCIA_init                      
0     00008763  SCI_writeCharArray               
0     000087a4  Device_init                      
0     00008800  SCI_setConfig                    
0     0000883e  Interrupt_initModule             
0     0000887b  GPIO_setControllerCore           
0     000088b2  GPIO_setInterruptPin             
0     000088e9  GPIO_setPinConfig                
0     00008920  GPIO_setQualificationMode        
0     00008957  Interrupt_enable                 
0     0000898e  main                             
0     000089c4  GPIO_setDirectionMode            
0     000089f5  __TI_decompress_lzss             
0     00008a25  PinMux_init                      
0     00008a52  __TI_auto_init_nobinit_nopinit   
0     00008ad1  C$$EXIT                          
0     00008ad1  abort                            
0     00008ad3  exit                             
0     00008b47  SysCtl_selectXTALSingleEnded     
0     00008bce  Interrupt_initVectorTable        
0     00008c09  memcpy                           
0     00008c76  SysCtl_getLowSpeedClock          
0     00008c90  INTERRUPT_init                   
0     00008d80  _c_int00                         
0     00008dad  Interrupt_defaultHandler         
0     00008e90  led_init                         
0     00008ea4  sw_init                          
0     00008f3b  Device_initGPIO                  
0     00008f6b  Board_init                       
0     00008fbd  __TI_zero_init_nomemset          
0     00008fca  _args_main                       
0     00008fd6  sw_XINT_init                     
0     00008ff8  __TI_decompress_none             
0     00009000  Interrupt_illegalOperationHandler
0     0000900a  Interrupt_nmiHandler             
0     0000901d  _register_unlock                 
0     00009021  _register_lock                   
0     00009025  _nop                             
0     0000903c  __error__                        
0     00009043  myINPUTXBARINPUT0_init           
0     00009050  GPIO_init                        
0     00009059  INPUTXBAR_init                   
0     0000905c  SCI_init                         
0     0000905f  XINT_init                        
0     00009062  _system_pre_init                 
0     00009064  _system_post_cinit               
0     0000a800  __TI_enable_exit_profile_output  
0     0000a802  __TI_cleanup_ptr                 
0     0000a804  __TI_dtors_ptr                   
0     0000a806  _lock                            
0     0000a808  _unlock                          
0     0000a80a  cpuTimer0IntCount                
0     0000a80b  delayCount                       
0     0000a80c  msg                              
abs   00000200  __TI_STACK_SIZE                  
abs   ffffffff  __TI_pprof_out_hndl              
abs   ffffffff  __TI_prof_data_size              
abs   ffffffff  __TI_prof_data_start             
n/a   UNDEFED   __c_args__                       

[81 symbols]
