<?xml version="1.0" encoding="ISO-8859-1" ?>
<link_info>
   <banner>TMS320C2000 Linker Unix v22.6.1.LTS</banner>
   <copyright>Copyright (c) 1996-2018 Texas Instruments Incorporated</copyright>
   <link_time>0x682d6f85</link_time>
   <link_errors>0x0</link_errors>
   <output_file>try_spi_.out</output_file>
   <entry_point>
      <name>code_start</name>
      <address>0x0</address>
   </entry_point>
   <input_file_list>
      <input_file id="fl-2">
         <path>./</path>
         <kind>object</kind>
         <file>SPI_INT.obj</file>
         <name>SPI_INT.obj</name>
      </input_file>
      <input_file id="fl-3">
         <path>./syscfg/</path>
         <kind>object</kind>
         <file>board.obj</file>
         <name>board.obj</name>
      </input_file>
      <input_file id="fl-4">
         <path>./syscfg/</path>
         <kind>object</kind>
         <file>c2000ware_libraries.obj</file>
         <name>c2000ware_libraries.obj</name>
      </input_file>
      <input_file id="fl-5">
         <path>./device/</path>
         <kind>object</kind>
         <file>device.obj</file>
         <name>device.obj</name>
      </input_file>
      <input_file id="fl-6">
         <path>./device/</path>
         <kind>object</kind>
         <file>f28003x_codestartbranch.obj</file>
         <name>f28003x_codestartbranch.obj</name>
      </input_file>
      <input_file id="fl-c">
         <kind>object</kind>
         <file>&lt;internal&gt;</file>
         <name>&lt;internal&gt;</name>
      </input_file>
      <input_file id="fl-d">
         <path>/Users/charlie/ti/C2000Ware_5_04_00_00/driverlib/f28003x/driverlib/ccs/Debug/</path>
         <kind>archive</kind>
         <file>driverlib.lib</file>
         <name>dcc.obj</name>
      </input_file>
      <input_file id="fl-e">
         <path>/Users/charlie/ti/C2000Ware_5_04_00_00/driverlib/f28003x/driverlib/ccs/Debug/</path>
         <kind>archive</kind>
         <file>driverlib.lib</file>
         <name>gpio.obj</name>
      </input_file>
      <input_file id="fl-f">
         <path>/Users/charlie/ti/C2000Ware_5_04_00_00/driverlib/f28003x/driverlib/ccs/Debug/</path>
         <kind>archive</kind>
         <file>driverlib.lib</file>
         <name>interrupt.obj</name>
      </input_file>
      <input_file id="fl-10">
         <path>/Users/charlie/ti/C2000Ware_5_04_00_00/driverlib/f28003x/driverlib/ccs/Debug/</path>
         <kind>archive</kind>
         <file>driverlib.lib</file>
         <name>sci.obj</name>
      </input_file>
      <input_file id="fl-11">
         <path>/Users/charlie/ti/C2000Ware_5_04_00_00/driverlib/f28003x/driverlib/ccs/Debug/</path>
         <kind>archive</kind>
         <file>driverlib.lib</file>
         <name>spi.obj</name>
      </input_file>
      <input_file id="fl-12">
         <path>/Users/charlie/ti/C2000Ware_5_04_00_00/driverlib/f28003x/driverlib/ccs/Debug/</path>
         <kind>archive</kind>
         <file>driverlib.lib</file>
         <name>sysctl.obj</name>
      </input_file>
      <input_file id="fl-1e">
         <path>/Applications/ti/ccs2002/ccs/tools/compiler/ti-cgt-c2000_22.6.1.LTS/lib/</path>
         <kind>archive</kind>
         <file>rts2800_fpu32_eabi.lib</file>
         <name>boot28.asm.obj</name>
      </input_file>
      <input_file id="fl-1f">
         <path>/Applications/ti/ccs2002/ccs/tools/compiler/ti-cgt-c2000_22.6.1.LTS/lib/</path>
         <kind>archive</kind>
         <file>rts2800_fpu32_eabi.lib</file>
         <name>fs_div28.asm.obj</name>
      </input_file>
      <input_file id="fl-20">
         <path>/Applications/ti/ccs2002/ccs/tools/compiler/ti-cgt-c2000_22.6.1.LTS/lib/</path>
         <kind>archive</kind>
         <file>rts2800_fpu32_eabi.lib</file>
         <name>pre_init.c.obj</name>
      </input_file>
      <input_file id="fl-21">
         <path>/Applications/ti/ccs2002/ccs/tools/compiler/ti-cgt-c2000_22.6.1.LTS/lib/</path>
         <kind>archive</kind>
         <file>rts2800_fpu32_eabi.lib</file>
         <name>autoinit.c.obj</name>
      </input_file>
      <input_file id="fl-22">
         <path>/Applications/ti/ccs2002/ccs/tools/compiler/ti-cgt-c2000_22.6.1.LTS/lib/</path>
         <kind>archive</kind>
         <file>rts2800_fpu32_eabi.lib</file>
         <name>copy_zero_init.c.obj</name>
      </input_file>
      <input_file id="fl-23">
         <path>/Applications/ti/ccs2002/ccs/tools/compiler/ti-cgt-c2000_22.6.1.LTS/lib/</path>
         <kind>archive</kind>
         <file>rts2800_fpu32_eabi.lib</file>
         <name>copy_decompress_none.c.obj</name>
      </input_file>
      <input_file id="fl-24">
         <path>/Applications/ti/ccs2002/ccs/tools/compiler/ti-cgt-c2000_22.6.1.LTS/lib/</path>
         <kind>archive</kind>
         <file>rts2800_fpu32_eabi.lib</file>
         <name>copy_decompress_lzss.c.obj</name>
      </input_file>
      <input_file id="fl-25">
         <path>/Applications/ti/ccs2002/ccs/tools/compiler/ti-cgt-c2000_22.6.1.LTS/lib/</path>
         <kind>archive</kind>
         <file>rts2800_fpu32_eabi.lib</file>
         <name>exit.c.obj</name>
      </input_file>
      <input_file id="fl-26">
         <path>/Applications/ti/ccs2002/ccs/tools/compiler/ti-cgt-c2000_22.6.1.LTS/lib/</path>
         <kind>archive</kind>
         <file>rts2800_fpu32_eabi.lib</file>
         <name>_lock.c.obj</name>
      </input_file>
      <input_file id="fl-27">
         <path>/Applications/ti/ccs2002/ccs/tools/compiler/ti-cgt-c2000_22.6.1.LTS/lib/</path>
         <kind>archive</kind>
         <file>rts2800_fpu32_eabi.lib</file>
         <name>args_main.c.obj</name>
      </input_file>
      <input_file id="fl-28">
         <path>/Applications/ti/ccs2002/ccs/tools/compiler/ti-cgt-c2000_22.6.1.LTS/lib/</path>
         <kind>archive</kind>
         <file>rts2800_fpu32_eabi.lib</file>
         <name>memset.c.obj</name>
      </input_file>
      <input_file id="fl-29">
         <path>/Applications/ti/ccs2002/ccs/tools/compiler/ti-cgt-c2000_22.6.1.LTS/lib/</path>
         <kind>archive</kind>
         <file>rts2800_fpu32_eabi.lib</file>
         <name>cpy_tbl.c.obj</name>
      </input_file>
      <input_file id="fl-2a">
         <path>/Applications/ti/ccs2002/ccs/tools/compiler/ti-cgt-c2000_22.6.1.LTS/lib/</path>
         <kind>archive</kind>
         <file>rts2800_fpu32_eabi.lib</file>
         <name>memcpy.c.obj</name>
      </input_file>
      <input_file id="fl-2b">
         <path>/Applications/ti/ccs2002/ccs/tools/compiler/ti-cgt-c2000_22.6.1.LTS/lib/</path>
         <kind>archive</kind>
         <file>rts2800_fpu32_eabi.lib</file>
         <name>startup.c.obj</name>
      </input_file>
   </input_file_list>
   <object_component_list>
      <object_component id="oc-26">
         <name>codestart</name>
         <load_address>0x0</load_address>
         <run_address>0x0</run_address>
         <size>0x2</size>
         <input_file_ref idref="fl-6"/>
      </object_component>
      <object_component id="oc-88">
         <name>.TI.ramfunc</name>
         <load_address>0x128</load_address>
         <run_address>0x128</run_address>
         <size>0x4</size>
         <input_file_ref idref="fl-12"/>
      </object_component>
      <object_component id="oc-28f">
         <name>.text:SYSCTL_init</name>
         <load_address>0x8000</load_address>
         <run_address>0x8000</run_address>
         <size>0x42e</size>
         <input_file_ref idref="fl-3"/>
      </object_component>
      <object_component id="oc-24f">
         <name>.text:SysCtl_setClock</name>
         <load_address>0x842e</load_address>
         <run_address>0x842e</run_address>
         <size>0x123</size>
         <input_file_ref idref="fl-12"/>
      </object_component>
      <object_component id="oc-2d8">
         <name>.text:SysCtl_isPLLValid</name>
         <load_address>0x8551</load_address>
         <run_address>0x8551</run_address>
         <size>0xfe</size>
         <input_file_ref idref="fl-12"/>
      </object_component>
      <object_component id="oc-26e">
         <name>.text:Device_enableAllPeripherals</name>
         <load_address>0x864f</load_address>
         <run_address>0x864f</run_address>
         <size>0xce</size>
         <input_file_ref idref="fl-5"/>
      </object_component>
      <object_component id="oc-374">
         <name>.text</name>
         <load_address>0x871d</load_address>
         <run_address>0x871d</run_address>
         <size>0x88</size>
         <input_file_ref idref="fl-1f"/>
      </object_component>
      <object_component id="oc-2f6">
         <name>.text:GPIO_setPadConfig</name>
         <load_address>0x87a5</load_address>
         <run_address>0x87a5</run_address>
         <size>0x52</size>
         <input_file_ref idref="fl-e"/>
      </object_component>
      <object_component id="oc-477">
         <name>.text:GPIO_enableInterrupt</name>
         <load_address>0x87f7</load_address>
         <run_address>0x87f7</run_address>
         <size>0x9</size>
         <input_file_ref idref="fl-3"/>
      </object_component>
      <object_component id="oc-2b">
         <name>.text:INT_mySCIA_RX_ISR</name>
         <load_address>0x8800</load_address>
         <run_address>0x8800</run_address>
         <size>0x7e</size>
         <input_file_ref idref="fl-2"/>
      </object_component>
      <object_component id="oc-37">
         <name>.text:INT_sw_XINT_ISR</name>
         <load_address>0x887e</load_address>
         <run_address>0x887e</run_address>
         <size>0x7a</size>
         <input_file_ref idref="fl-2"/>
      </object_component>
      <object_component id="oc-3a9">
         <name>.text:DCC_setCounterSeeds</name>
         <load_address>0x88f8</load_address>
         <run_address>0x88f8</run_address>
         <size>0x73</size>
         <input_file_ref idref="fl-12"/>
      </object_component>
      <object_component id="oc-289">
         <name>.text:PinMux_init</name>
         <load_address>0x896b</load_address>
         <run_address>0x896b</run_address>
         <size>0x6e</size>
         <input_file_ref idref="fl-3"/>
      </object_component>
      <object_component id="oc-27a">
         <name>.text:GPIO_setAnalogMode</name>
         <load_address>0x89d9</load_address>
         <run_address>0x89d9</run_address>
         <size>0x6a</size>
         <input_file_ref idref="fl-e"/>
      </object_component>
      <object_component id="oc-3d">
         <name>.text:INT_mySPIS_RX_ISR</name>
         <load_address>0x8a43</load_address>
         <run_address>0x8a43</run_address>
         <size>0x66</size>
         <input_file_ref idref="fl-2"/>
      </object_component>
      <object_component id="oc-25b">
         <name>.text:SysCtl_getClock</name>
         <load_address>0x8aa9</load_address>
         <run_address>0x8aa9</run_address>
         <size>0x65</size>
         <input_file_ref idref="fl-12"/>
      </object_component>
      <object_component id="oc-43a">
         <name>.text:SPI_setConfig</name>
         <load_address>0x8b0e</load_address>
         <run_address>0x8b0e</run_address>
         <size>0x5c</size>
         <input_file_ref idref="fl-11"/>
      </object_component>
      <object_component id="oc-2cc">
         <name>.text:SysCtl_selectOscSource</name>
         <load_address>0x8b6a</load_address>
         <run_address>0x8b6a</run_address>
         <size>0x4d</size>
         <input_file_ref idref="fl-12"/>
      </object_component>
      <object_component id="oc-1db">
         <name>.text:main</name>
         <load_address>0x8bb7</load_address>
         <run_address>0x8bb7</run_address>
         <size>0x49</size>
         <input_file_ref idref="fl-2"/>
      </object_component>
      <object_component id="oc-366">
         <name>.text:SysCtl_selectXTAL</name>
         <load_address>0x8c00</load_address>
         <run_address>0x8c00</run_address>
         <size>0x46</size>
         <input_file_ref idref="fl-12"/>
      </object_component>
      <object_component id="oc-3f1">
         <name>.text:SCI_clearInterruptStatus</name>
         <load_address>0x8c46</load_address>
         <run_address>0x8c46</run_address>
         <size>0x45</size>
         <input_file_ref idref="fl-10"/>
      </object_component>
      <object_component id="oc-47e">
         <name>.text:SysCtl_pollX1Counter</name>
         <load_address>0x8c8b</load_address>
         <run_address>0x8c8b</run_address>
         <size>0x45</size>
         <input_file_ref idref="fl-12"/>
      </object_component>
      <object_component id="oc-224">
         <name>.text:SCI_enableInterrupt</name>
         <load_address>0x8cd0</load_address>
         <run_address>0x8cd0</run_address>
         <size>0x44</size>
         <input_file_ref idref="fl-10"/>
      </object_component>
      <object_component id="oc-34e">
         <name>.text:mySCIA_init</name>
         <load_address>0x8d14</load_address>
         <run_address>0x8d14</run_address>
         <size>0x43</size>
         <input_file_ref idref="fl-3"/>
      </object_component>
      <object_component id="oc-82">
         <name>.text:SCI_writeCharArray</name>
         <load_address>0x8d57</load_address>
         <run_address>0x8d57</run_address>
         <size>0x41</size>
         <input_file_ref idref="fl-10"/>
      </object_component>
      <object_component id="oc-355">
         <name>.text:mySPIS_init</name>
         <load_address>0x8d98</load_address>
         <run_address>0x8d98</run_address>
         <size>0x3f</size>
         <input_file_ref idref="fl-3"/>
      </object_component>
      <object_component id="oc-206">
         <name>.text:Device_init</name>
         <load_address>0x8dd7</load_address>
         <run_address>0x8dd7</run_address>
         <size>0x3e</size>
         <input_file_ref idref="fl-5"/>
      </object_component>
      <object_component id="oc-40f">
         <name>.text:SCI_setConfig</name>
         <load_address>0x8e15</load_address>
         <run_address>0x8e15</run_address>
         <size>0x3e</size>
         <input_file_ref idref="fl-10"/>
      </object_component>
      <object_component id="oc-43">
         <name>.text:INT_mySPIS_TX_ISR</name>
         <load_address>0x8e53</load_address>
         <run_address>0x8e53</run_address>
         <size>0x3d</size>
         <input_file_ref idref="fl-2"/>
      </object_component>
      <object_component id="oc-20c">
         <name>.text:Interrupt_initModule</name>
         <load_address>0x8e90</load_address>
         <run_address>0x8e90</run_address>
         <size>0x3d</size>
         <input_file_ref idref="fl-f"/>
      </object_component>
      <object_component id="oc-3e1">
         <name>.text:GPIO_setControllerCore</name>
         <load_address>0x8ecd</load_address>
         <run_address>0x8ecd</run_address>
         <size>0x37</size>
         <input_file_ref idref="fl-e"/>
      </object_component>
      <object_component id="oc-471">
         <name>.text:GPIO_setInterruptPin</name>
         <load_address>0x8f04</load_address>
         <run_address>0x8f04</run_address>
         <size>0x37</size>
         <input_file_ref idref="fl-e"/>
      </object_component>
      <object_component id="oc-2f0">
         <name>.text:GPIO_setPinConfig</name>
         <load_address>0x8f3b</load_address>
         <run_address>0x8f3b</run_address>
         <size>0x37</size>
         <input_file_ref idref="fl-e"/>
      </object_component>
      <object_component id="oc-2fc">
         <name>.text:GPIO_setQualificationMode</name>
         <load_address>0x8f72</load_address>
         <run_address>0x8f72</run_address>
         <size>0x37</size>
         <input_file_ref idref="fl-e"/>
      </object_component>
      <object_component id="oc-ac">
         <name>.text:Interrupt_enable</name>
         <load_address>0x8fa9</load_address>
         <run_address>0x8fa9</run_address>
         <size>0x37</size>
         <input_file_ref idref="fl-f"/>
      </object_component>
      <object_component id="oc-10f">
         <name>.text:SCI_isFIFOEnabled</name>
         <load_address>0x8fe0</load_address>
         <run_address>0x8fe0</run_address>
         <size>0x20</size>
         <input_file_ref idref="fl-10"/>
      </object_component>
      <object_component id="oc-d0">
         <name>.text:SPI_clearInterruptStatus</name>
         <load_address>0x9000</load_address>
         <run_address>0x9000</run_address>
         <size>0x36</size>
         <input_file_ref idref="fl-11"/>
      </object_component>
      <object_component id="oc-3db">
         <name>.text:GPIO_setDirectionMode</name>
         <load_address>0x9036</load_address>
         <run_address>0x9036</run_address>
         <size>0x31</size>
         <input_file_ref idref="fl-e"/>
      </object_component>
      <object_component id="oc-31">
         <name>.text:INTERRUPT_init</name>
         <load_address>0x9067</load_address>
         <run_address>0x9067</run_address>
         <size>0x31</size>
         <input_file_ref idref="fl-3"/>
      </object_component>
      <object_component id="oc-19">
         <name>.text:decompress:lzss</name>
         <load_address>0x9098</load_address>
         <run_address>0x9098</run_address>
         <size>0x30</size>
         <input_file_ref idref="fl-24"/>
      </object_component>
      <object_component id="oc-452">
         <name>.text:SPI_enableInterrupt</name>
         <load_address>0x90c8</load_address>
         <run_address>0x90c8</run_address>
         <size>0x2f</size>
         <input_file_ref idref="fl-11"/>
      </object_component>
      <object_component id="oc-1ab">
         <name>.text:__TI_auto_init_nobinit_nopinit</name>
         <load_address>0x90f7</load_address>
         <run_address>0x90f7</run_address>
         <size>0x2b</size>
         <input_file_ref idref="fl-21"/>
      </object_component>
      <object_component id="oc-3d4">
         <name>.text:XBAR_setInputPin</name>
         <load_address>0x9122</load_address>
         <run_address>0x9122</run_address>
         <size>0x2a</size>
         <input_file_ref idref="fl-3"/>
      </object_component>
      <object_component id="oc-4e2">
         <name>.text:XBAR_setInputPin</name>
         <load_address>0x914c</load_address>
         <run_address>0x914c</run_address>
         <size>0x2a</size>
         <input_file_ref idref="fl-e"/>
      </object_component>
      <object_component id="oc-18a">
         <name>.text</name>
         <load_address>0x9176</load_address>
         <run_address>0x9176</run_address>
         <size>0x29</size>
         <input_file_ref idref="fl-25"/>
      </object_component>
      <object_component id="oc-89">
         <name>.text:GPIO_writePin</name>
         <load_address>0x919f</load_address>
         <run_address>0x919f</run_address>
         <size>0x27</size>
         <input_file_ref idref="fl-2"/>
      </object_component>
      <object_component id="oc-3e9">
         <name>.text:GPIO_writePin</name>
         <load_address>0x91c6</load_address>
         <run_address>0x91c6</run_address>
         <size>0x27</size>
         <input_file_ref idref="fl-3"/>
      </object_component>
      <object_component id="oc-421">
         <name>.text:SCI_setFIFOInterruptLevel</name>
         <load_address>0x91ed</load_address>
         <run_address>0x91ed</run_address>
         <size>0x26</size>
         <input_file_ref idref="fl-3"/>
      </object_component>
      <object_component id="oc-44c">
         <name>.text:SPI_setFIFOInterruptLevel</name>
         <load_address>0x9213</load_address>
         <run_address>0x9213</run_address>
         <size>0x26</size>
         <input_file_ref idref="fl-3"/>
      </object_component>
      <object_component id="oc-309">
         <name>.text:SysCtl_configureType</name>
         <load_address>0x9239</load_address>
         <run_address>0x9239</run_address>
         <size>0x25</size>
         <input_file_ref idref="fl-12"/>
      </object_component>
      <object_component id="oc-36c">
         <name>.text:SysCtl_selectXTALSingleEnded</name>
         <load_address>0x925e</load_address>
         <run_address>0x925e</run_address>
         <size>0x25</size>
         <input_file_ref idref="fl-12"/>
      </object_component>
      <object_component id="oc-3af">
         <name>.text:DCC_enableSingleShotMode</name>
         <load_address>0x9283</load_address>
         <run_address>0x9283</run_address>
         <size>0x24</size>
         <input_file_ref idref="fl-12"/>
      </object_component>
      <object_component id="oc-39d">
         <name>.text:DCC_setCounter0ClkSource</name>
         <load_address>0x92a7</load_address>
         <run_address>0x92a7</run_address>
         <size>0x1e</size>
         <input_file_ref idref="fl-12"/>
      </object_component>
      <object_component id="oc-3a3">
         <name>.text:DCC_setCounter1ClkSource</name>
         <load_address>0x92c5</load_address>
         <run_address>0x92c5</run_address>
         <size>0x1e</size>
         <input_file_ref idref="fl-12"/>
      </object_component>
      <object_component id="oc-4a">
         <name>.text:Interrupt_initVectorTable</name>
         <load_address>0x92e3</load_address>
         <run_address>0x92e3</run_address>
         <size>0x1e</size>
         <input_file_ref idref="fl-f"/>
      </object_component>
      <object_component id="oc-427">
         <name>.text:SCI_enableFIFO</name>
         <load_address>0x9301</load_address>
         <run_address>0x9301</run_address>
         <size>0x1d</size>
         <input_file_ref idref="fl-3"/>
      </object_component>
      <object_component id="oc-64">
         <name>.text</name>
         <load_address>0x931e</load_address>
         <run_address>0x931e</run_address>
         <size>0x1d</size>
         <input_file_ref idref="fl-2a"/>
      </object_component>
      <object_component id="oc-303">
         <name>.text:SysCtl_setStandbyQualificationPeriod</name>
         <load_address>0x933b</load_address>
         <run_address>0x933b</run_address>
         <size>0x1b</size>
         <input_file_ref idref="fl-3"/>
      </object_component>
      <object_component id="oc-49f">
         <name>.text:XBAR_isBaseValid</name>
         <load_address>0x9356</load_address>
         <run_address>0x9356</run_address>
         <size>0x1b</size>
         <input_file_ref idref="fl-3"/>
      </object_component>
      <object_component id="oc-4f4">
         <name>.text:XBAR_isBaseValid</name>
         <load_address>0x9371</load_address>
         <run_address>0x9371</run_address>
         <size>0x1b</size>
         <input_file_ref idref="fl-e"/>
      </object_component>
      <object_component id="oc-11b">
         <name>.text:SCI_isSpaceAvailableNonFIFO</name>
         <load_address>0x938c</load_address>
         <run_address>0x938c</run_address>
         <size>0x1a</size>
         <input_file_ref idref="fl-10"/>
      </object_component>
      <object_component id="oc-45e">
         <name>.text:SPI_setEmulationMode</name>
         <load_address>0x93a6</load_address>
         <run_address>0x93a6</run_address>
         <size>0x1a</size>
         <input_file_ref idref="fl-3"/>
      </object_component>
      <object_component id="oc-440">
         <name>.text:SPI_setPTESignalPolarity</name>
         <load_address>0x93c0</load_address>
         <run_address>0x93c0</run_address>
         <size>0x1a</size>
         <input_file_ref idref="fl-3"/>
      </object_component>
      <object_component id="oc-262">
         <name>.text:SysCtl_getLowSpeedClock</name>
         <load_address>0x93da</load_address>
         <run_address>0x93da</run_address>
         <size>0x1a</size>
         <input_file_ref idref="fl-12"/>
      </object_component>
      <object_component id="oc-92">
         <name>.text:SCI_writeCharBlockingFIFO</name>
         <load_address>0x93f4</load_address>
         <run_address>0x93f4</run_address>
         <size>0x19</size>
         <input_file_ref idref="fl-2"/>
      </object_component>
      <object_component id="oc-ca">
         <name>.text:SPI_writeDataBlockingFIFO</name>
         <load_address>0x940d</load_address>
         <run_address>0x940d</run_address>
         <size>0x19</size>
         <input_file_ref idref="fl-2"/>
      </object_component>
      <object_component id="oc-2d2">
         <name>.text:SysCtl_setPLLSysClk</name>
         <load_address>0x9426</load_address>
         <run_address>0x9426</run_address>
         <size>0x19</size>
         <input_file_ref idref="fl-12"/>
      </object_component>
      <object_component id="oc-341">
         <name>.text:cs1_init</name>
         <load_address>0x943f</load_address>
         <run_address>0x943f</run_address>
         <size>0x19</size>
         <input_file_ref idref="fl-3"/>
      </object_component>
      <object_component id="oc-347">
         <name>.text:cs2_init</name>
         <load_address>0x9458</load_address>
         <run_address>0x9458</run_address>
         <size>0x19</size>
         <input_file_ref idref="fl-3"/>
      </object_component>
      <object_component id="oc-4c0">
         <name>.text:SCI_disableModule</name>
         <load_address>0x9471</load_address>
         <run_address>0x9471</run_address>
         <size>0x18</size>
         <input_file_ref idref="fl-10"/>
      </object_component>
      <object_component id="oc-41b">
         <name>.text:SCI_performSoftwareReset</name>
         <load_address>0x9489</load_address>
         <run_address>0x9489</run_address>
         <size>0x18</size>
         <input_file_ref idref="fl-3"/>
      </object_component>
      <object_component id="oc-4af">
         <name>.text:SCI_performSoftwareReset</name>
         <load_address>0x94a1</load_address>
         <run_address>0x94a1</run_address>
         <size>0x18</size>
         <input_file_ref idref="fl-10"/>
      </object_component>
      <object_component id="oc-409">
         <name>.text:SCI_resetChannels</name>
         <load_address>0x94b9</load_address>
         <run_address>0x94b9</run_address>
         <size>0x18</size>
         <input_file_ref idref="fl-3"/>
      </object_component>
      <object_component id="oc-98">
         <name>.text:SCI_resetRxFIFO</name>
         <load_address>0x94d1</load_address>
         <run_address>0x94d1</run_address>
         <size>0x18</size>
         <input_file_ref idref="fl-2"/>
      </object_component>
      <object_component id="oc-403">
         <name>.text:SCI_resetRxFIFO</name>
         <load_address>0x94e9</load_address>
         <run_address>0x94e9</run_address>
         <size>0x18</size>
         <input_file_ref idref="fl-3"/>
      </object_component>
      <object_component id="oc-3fd">
         <name>.text:SCI_resetTxFIFO</name>
         <load_address>0x9501</load_address>
         <run_address>0x9501</run_address>
         <size>0x18</size>
         <input_file_ref idref="fl-3"/>
      </object_component>
      <object_component id="oc-446">
         <name>.text:SPI_enableFIFO</name>
         <load_address>0x9519</load_address>
         <run_address>0x9519</run_address>
         <size>0x18</size>
         <input_file_ref idref="fl-3"/>
      </object_component>
      <object_component id="oc-21e">
         <name>.text:SPI_reset</name>
         <load_address>0x9531</load_address>
         <run_address>0x9531</run_address>
         <size>0x18</size>
         <input_file_ref idref="fl-2"/>
      </object_component>
      <object_component id="oc-dc">
         <name>.text:SPI_resetRxFIFO</name>
         <load_address>0x9549</load_address>
         <run_address>0x9549</run_address>
         <size>0x18</size>
         <input_file_ref idref="fl-2"/>
      </object_component>
      <object_component id="oc-d6">
         <name>.text:SPI_resetTxFIFO</name>
         <load_address>0x9561</load_address>
         <run_address>0x9561</run_address>
         <size>0x18</size>
         <input_file_ref idref="fl-2"/>
      </object_component>
      <object_component id="oc-327">
         <name>.text:SysCtl_disablePeripheral</name>
         <load_address>0x9579</load_address>
         <run_address>0x9579</run_address>
         <size>0x18</size>
         <input_file_ref idref="fl-3"/>
      </object_component>
      <object_component id="oc-321">
         <name>.text:SysCtl_enablePeripheral</name>
         <load_address>0x9591</load_address>
         <run_address>0x9591</run_address>
         <size>0x17</size>
         <input_file_ref idref="fl-3"/>
      </object_component>
      <object_component id="oc-2e4">
         <name>.text:SysCtl_enablePeripheral</name>
         <load_address>0x95a8</load_address>
         <run_address>0x95a8</run_address>
         <size>0x17</size>
         <input_file_ref idref="fl-5"/>
      </object_component>
      <object_component id="oc-379">
         <name>.text:SysCtl_enablePeripheral</name>
         <load_address>0x95bf</load_address>
         <run_address>0x95bf</run_address>
         <size>0x17</size>
         <input_file_ref idref="fl-12"/>
      </object_component>
      <object_component id="oc-fa">
         <name>.text</name>
         <load_address>0x95d6</load_address>
         <run_address>0x95d6</run_address>
         <size>0x17</size>
         <input_file_ref idref="fl-1e"/>
      </object_component>
      <object_component id="oc-397">
         <name>.text:DCC_disableDoneSignal</name>
         <load_address>0x95ed</load_address>
         <run_address>0x95ed</run_address>
         <size>0x16</size>
         <input_file_ref idref="fl-12"/>
      </object_component>
      <object_component id="oc-49">
         <name>.text:Interrupt_defaultHandler</name>
         <load_address>0x9603</load_address>
         <run_address>0x9603</run_address>
         <size>0x16</size>
         <input_file_ref idref="fl-f"/>
      </object_component>
      <object_component id="oc-385">
         <name>.text:DCC_clearDoneFlag</name>
         <load_address>0x9619</load_address>
         <run_address>0x9619</run_address>
         <size>0x15</size>
         <input_file_ref idref="fl-12"/>
      </object_component>
      <object_component id="oc-37f">
         <name>.text:DCC_clearErrorFlag</name>
         <load_address>0x962e</load_address>
         <run_address>0x962e</run_address>
         <size>0x15</size>
         <input_file_ref idref="fl-12"/>
      </object_component>
      <object_component id="oc-391">
         <name>.text:DCC_disableErrorSignal</name>
         <load_address>0x9643</load_address>
         <run_address>0x9643</run_address>
         <size>0x15</size>
         <input_file_ref idref="fl-12"/>
      </object_component>
      <object_component id="oc-48e">
         <name>.text:DCC_isBaseValid</name>
         <load_address>0x9658</load_address>
         <run_address>0x9658</run_address>
         <size>0x15</size>
         <input_file_ref idref="fl-12"/>
      </object_component>
      <object_component id="oc-282">
         <name>.text:GPIO_unlockPortConfig</name>
         <load_address>0x966d</load_address>
         <run_address>0x966d</run_address>
         <size>0x15</size>
         <input_file_ref idref="fl-5"/>
      </object_component>
      <object_component id="oc-ba">
         <name>.text:SPI_readDataBlockingFIFO</name>
         <load_address>0x9682</load_address>
         <run_address>0x9682</run_address>
         <size>0x15</size>
         <input_file_ref idref="fl-2"/>
      </object_component>
      <object_component id="oc-38b">
         <name>.text:DCC_disableModule</name>
         <load_address>0x9697</load_address>
         <run_address>0x9697</run_address>
         <size>0x14</size>
         <input_file_ref idref="fl-12"/>
      </object_component>
      <object_component id="oc-3b5">
         <name>.text:DCC_enableModule</name>
         <load_address>0x96ab</load_address>
         <run_address>0x96ab</run_address>
         <size>0x14</size>
         <input_file_ref idref="fl-12"/>
      </object_component>
      <object_component id="oc-123">
         <name>.text:GPIO_isPinValid</name>
         <load_address>0x96bf</load_address>
         <run_address>0x96bf</run_address>
         <size>0x14</size>
         <input_file_ref idref="fl-2"/>
      </object_component>
      <object_component id="oc-4a8">
         <name>.text:GPIO_isPinValid</name>
         <load_address>0x96d3</load_address>
         <run_address>0x96d3</run_address>
         <size>0x14</size>
         <input_file_ref idref="fl-3"/>
      </object_component>
      <object_component id="oc-3c4">
         <name>.text:GPIO_isPinValid</name>
         <load_address>0x96e7</load_address>
         <run_address>0x96e7</run_address>
         <size>0x14</size>
         <input_file_ref idref="fl-e"/>
      </object_component>
      <object_component id="oc-132">
         <name>.text:SCI_getTxFIFOStatus</name>
         <load_address>0x96fb</load_address>
         <run_address>0x96fb</run_address>
         <size>0x14</size>
         <input_file_ref idref="fl-2"/>
      </object_component>
      <object_component id="oc-115">
         <name>.text:SCI_getTxFIFOStatus</name>
         <load_address>0x970f</load_address>
         <run_address>0x970f</run_address>
         <size>0x14</size>
         <input_file_ref idref="fl-10"/>
      </object_component>
      <object_component id="oc-c0">
         <name>.text:SCI_writeCharNonBlocking</name>
         <load_address>0x9723</load_address>
         <run_address>0x9723</run_address>
         <size>0x14</size>
         <input_file_ref idref="fl-2"/>
      </object_component>
      <object_component id="oc-156">
         <name>.text:SPI_getRxFIFOStatus</name>
         <load_address>0x9737</load_address>
         <run_address>0x9737</run_address>
         <size>0x14</size>
         <input_file_ref idref="fl-2"/>
      </object_component>
      <object_component id="oc-160">
         <name>.text:SPI_getTxFIFOStatus</name>
         <load_address>0x974b</load_address>
         <run_address>0x974b</run_address>
         <size>0x14</size>
         <input_file_ref idref="fl-2"/>
      </object_component>
      <object_component id="oc-b4">
         <name>.text:SPI_writeDataNonBlocking</name>
         <load_address>0x975f</load_address>
         <run_address>0x975f</run_address>
         <size>0x14</size>
         <input_file_ref idref="fl-2"/>
      </object_component>
      <object_component id="oc-30f">
         <name>.text:SysCtl_selectErrPinPolarity</name>
         <load_address>0x9773</load_address>
         <run_address>0x9773</run_address>
         <size>0x14</size>
         <input_file_ref idref="fl-3"/>
      </object_component>
      <object_component id="oc-31b">
         <name>.text:SysCtl_setPeripheralAccessControl</name>
         <load_address>0x9787</load_address>
         <run_address>0x9787</run_address>
         <size>0x14</size>
         <input_file_ref idref="fl-3"/>
      </object_component>
      <object_component id="oc-335">
         <name>.text:led_init</name>
         <load_address>0x979b</load_address>
         <run_address>0x979b</run_address>
         <size>0x14</size>
         <input_file_ref idref="fl-3"/>
      </object_component>
      <object_component id="oc-33b">
         <name>.text:sw_init</name>
         <load_address>0x97af</load_address>
         <run_address>0x97af</run_address>
         <size>0x14</size>
         <input_file_ref idref="fl-3"/>
      </object_component>
      <object_component id="oc-218">
         <name>.text:Board_init</name>
         <load_address>0x97c3</load_address>
         <run_address>0x97c3</run_address>
         <size>0x13</size>
         <input_file_ref idref="fl-3"/>
      </object_component>
      <object_component id="oc-3f7">
         <name>.text:SCI_clearOverflowStatus</name>
         <load_address>0x97d6</load_address>
         <run_address>0x97d6</run_address>
         <size>0x13</size>
         <input_file_ref idref="fl-3"/>
      </object_component>
      <object_component id="oc-42d">
         <name>.text:SCI_enableModule</name>
         <load_address>0x97e9</load_address>
         <run_address>0x97e9</run_address>
         <size>0x13</size>
         <input_file_ref idref="fl-3"/>
      </object_component>
      <object_component id="oc-268">
         <name>.text:SysCtl_deviceCal</name>
         <load_address>0x97fc</load_address>
         <run_address>0x97fc</run_address>
         <size>0x4</size>
         <input_file_ref idref="fl-5"/>
      </object_component>
      <object_component id="oc-4c6">
         <name>.text:SCI_enableModule</name>
         <load_address>0x9800</load_address>
         <run_address>0x9800</run_address>
         <size>0x13</size>
         <input_file_ref idref="fl-10"/>
      </object_component>
      <object_component id="oc-12c">
         <name>.text:SCI_isBaseValid</name>
         <load_address>0x9813</load_address>
         <run_address>0x9813</run_address>
         <size>0x13</size>
         <input_file_ref idref="fl-2"/>
      </object_component>
      <object_component id="oc-4b6">
         <name>.text:SCI_isBaseValid</name>
         <load_address>0x9826</load_address>
         <run_address>0x9826</run_address>
         <size>0x13</size>
         <input_file_ref idref="fl-3"/>
      </object_component>
      <object_component id="oc-102">
         <name>.text:SCI_isBaseValid</name>
         <load_address>0x9839</load_address>
         <run_address>0x9839</run_address>
         <size>0x13</size>
         <input_file_ref idref="fl-10"/>
      </object_component>
      <object_component id="oc-14f">
         <name>.text:SPI_isBaseValid</name>
         <load_address>0x984c</load_address>
         <run_address>0x984c</run_address>
         <size>0x13</size>
         <input_file_ref idref="fl-2"/>
      </object_component>
      <object_component id="oc-4d2">
         <name>.text:SPI_isBaseValid</name>
         <load_address>0x985f</load_address>
         <run_address>0x985f</run_address>
         <size>0x13</size>
         <input_file_ref idref="fl-3"/>
      </object_component>
      <object_component id="oc-167">
         <name>.text:SPI_isBaseValid</name>
         <load_address>0x9872</load_address>
         <run_address>0x9872</run_address>
         <size>0x13</size>
         <input_file_ref idref="fl-11"/>
      </object_component>
      <object_component id="oc-415">
         <name>.text:SCI_disableLoopback</name>
         <load_address>0x9885</load_address>
         <run_address>0x9885</run_address>
         <size>0x11</size>
         <input_file_ref idref="fl-3"/>
      </object_component>
      <object_component id="oc-458">
         <name>.text:SPI_disableLoopback</name>
         <load_address>0x9896</load_address>
         <run_address>0x9896</run_address>
         <size>0x11</size>
         <input_file_ref idref="fl-3"/>
      </object_component>
      <object_component id="oc-434">
         <name>.text:SPI_disableModule</name>
         <load_address>0x98a7</load_address>
         <run_address>0x98a7</run_address>
         <size>0x11</size>
         <input_file_ref idref="fl-3"/>
      </object_component>
      <object_component id="oc-464">
         <name>.text:SPI_enableModule</name>
         <load_address>0x98b8</load_address>
         <run_address>0x98b8</run_address>
         <size>0x11</size>
         <input_file_ref idref="fl-3"/>
      </object_component>
      <object_component id="oc-212">
         <name>.text:Device_initGPIO</name>
         <load_address>0x98c9</load_address>
         <run_address>0x98c9</run_address>
         <size>0x10</size>
         <input_file_ref idref="fl-5"/>
      </object_component>
      <object_component id="oc-46b">
         <name>.text:GPIO_setInterruptType</name>
         <load_address>0x98d9</load_address>
         <run_address>0x98d9</run_address>
         <size>0x10</size>
         <input_file_ref idref="fl-3"/>
      </object_component>
      <object_component id="oc-22a">
         <name>.text:SCI_getRxStatus</name>
         <load_address>0x98e9</load_address>
         <run_address>0x98e9</run_address>
         <size>0x10</size>
         <input_file_ref idref="fl-2"/>
      </object_component>
      <object_component id="oc-a6">
         <name>.text:Interrupt_register</name>
         <load_address>0x98f9</load_address>
         <run_address>0x98f9</run_address>
         <size>0xf</size>
         <input_file_ref idref="fl-3"/>
      </object_component>
      <object_component id="oc-13f">
         <name>.text:Interrupt_disableGlobal</name>
         <load_address>0x9908</load_address>
         <run_address>0x9908</run_address>
         <size>0xd</size>
         <input_file_ref idref="fl-f"/>
      </object_component>
      <object_component id="oc-145">
         <name>.text:Interrupt_enableGlobal</name>
         <load_address>0x9915</load_address>
         <run_address>0x9915</run_address>
         <size>0xd</size>
         <input_file_ref idref="fl-f"/>
      </object_component>
      <object_component id="oc-255">
         <name>.text:SysCtl_setLowSpeedClock</name>
         <load_address>0x9922</load_address>
         <run_address>0x9922</run_address>
         <size>0xd</size>
         <input_file_ref idref="fl-5"/>
      </object_component>
      <object_component id="oc-6c">
         <name>.text:decompress:ZI:__TI_zero_init_nomemset</name>
         <load_address>0x992f</load_address>
         <run_address>0x992f</run_address>
         <size>0xd</size>
         <input_file_ref idref="fl-22"/>
      </object_component>
      <object_component id="oc-184">
         <name>.text</name>
         <load_address>0x993c</load_address>
         <run_address>0x993c</run_address>
         <size>0xc</size>
         <input_file_ref idref="fl-27"/>
      </object_component>
      <object_component id="oc-35c">
         <name>.text:sw_XINT_init</name>
         <load_address>0x9948</load_address>
         <run_address>0x9948</run_address>
         <size>0xc</size>
         <input_file_ref idref="fl-3"/>
      </object_component>
      <object_component id="oc-249">
         <name>.text:SysCtl_disableWatchdog</name>
         <load_address>0x9954</load_address>
         <run_address>0x9954</run_address>
         <size>0xb</size>
         <input_file_ref idref="fl-5"/>
      </object_component>
      <object_component id="oc-2c6">
         <name>.text:SysCtl_isMCDClockFailureDetected</name>
         <load_address>0x995f</load_address>
         <run_address>0x995f</run_address>
         <size>0xb</size>
         <input_file_ref idref="fl-12"/>
      </object_component>
      <object_component id="oc-55">
         <name>.text:Interrupt_illegalOperationHandler</name>
         <load_address>0x996a</load_address>
         <run_address>0x996a</run_address>
         <size>0xa</size>
         <input_file_ref idref="fl-f"/>
      </object_component>
      <object_component id="oc-5b">
         <name>.text:Interrupt_nmiHandler</name>
         <load_address>0x9974</load_address>
         <run_address>0x9974</run_address>
         <size>0xa</size>
         <input_file_ref idref="fl-f"/>
      </object_component>
      <object_component id="oc-29b">
         <name>.text:GPIO_init</name>
         <load_address>0x997e</load_address>
         <run_address>0x997e</run_address>
         <size>0x9</size>
         <input_file_ref idref="fl-3"/>
      </object_component>
      <object_component id="oc-236">
         <name>.text</name>
         <load_address>0x9987</load_address>
         <run_address>0x9987</run_address>
         <size>0x9</size>
         <input_file_ref idref="fl-26"/>
      </object_component>
      <object_component id="oc-1f">
         <name>.text:decompress:none</name>
         <load_address>0x9990</load_address>
         <run_address>0x9990</run_address>
         <size>0x8</size>
         <input_file_ref idref="fl-23"/>
      </object_component>
      <object_component id="oc-78">
         <name>.text</name>
         <load_address>0x9998</load_address>
         <run_address>0x9998</run_address>
         <size>0x8</size>
         <input_file_ref idref="fl-6"/>
      </object_component>
      <object_component id="oc-274">
         <name>.text:ASysCtl_lockVREG</name>
         <load_address>0x99a0</load_address>
         <run_address>0x99a0</run_address>
         <size>0x7</size>
         <input_file_ref idref="fl-5"/>
      </object_component>
      <object_component id="oc-315">
         <name>.text:SysCtl_disableMCD</name>
         <load_address>0x99a7</load_address>
         <run_address>0x99a7</run_address>
         <size>0x7</size>
         <input_file_ref idref="fl-3"/>
      </object_component>
      <object_component id="oc-484">
         <name>.text:SysCtl_resetMCD</name>
         <load_address>0x99ae</load_address>
         <run_address>0x99ae</run_address>
         <size>0x7</size>
         <input_file_ref idref="fl-12"/>
      </object_component>
      <object_component id="oc-109">
         <name>.text:__error__</name>
         <load_address>0x99b5</load_address>
         <run_address>0x99b5</run_address>
         <size>0x7</size>
         <input_file_ref idref="fl-5"/>
      </object_component>
      <object_component id="oc-32e">
         <name>.text:myINPUTXBARINPUT0_init</name>
         <load_address>0x99bc</load_address>
         <run_address>0x99bc</run_address>
         <size>0x7</size>
         <input_file_ref idref="fl-3"/>
      </object_component>
      <object_component id="oc-9e">
         <name>.text:Interrupt_clearACKGroup</name>
         <load_address>0x99c3</load_address>
         <run_address>0x99c3</run_address>
         <size>0x6</size>
         <input_file_ref idref="fl-2"/>
      </object_component>
      <object_component id="oc-295">
         <name>.text:INPUTXBAR_init</name>
         <load_address>0x99c9</load_address>
         <run_address>0x99c9</run_address>
         <size>0x3</size>
         <input_file_ref idref="fl-3"/>
      </object_component>
      <object_component id="oc-2a1">
         <name>.text:SCI_init</name>
         <load_address>0x99cc</load_address>
         <run_address>0x99cc</run_address>
         <size>0x3</size>
         <input_file_ref idref="fl-3"/>
      </object_component>
      <object_component id="oc-2a7">
         <name>.text:SPI_init</name>
         <load_address>0x99cf</load_address>
         <run_address>0x99cf</run_address>
         <size>0x3</size>
         <input_file_ref idref="fl-3"/>
      </object_component>
      <object_component id="oc-2ad">
         <name>.text:XINT_init</name>
         <load_address>0x99d2</load_address>
         <run_address>0x99d2</run_address>
         <size>0x3</size>
         <input_file_ref idref="fl-3"/>
      </object_component>
      <object_component id="oc-17d">
         <name>.text</name>
         <load_address>0x99d5</load_address>
         <run_address>0x99d5</run_address>
         <size>0x2</size>
         <input_file_ref idref="fl-20"/>
      </object_component>
      <object_component id="oc-1f1">
         <name>.text</name>
         <load_address>0x99d7</load_address>
         <run_address>0x99d7</run_address>
         <size>0x1</size>
         <input_file_ref idref="fl-2b"/>
      </object_component>
      <object_component id="oc-52b">
         <name>.cinit..data.load</name>
         <load_address>0x12c</load_address>
         <run_address>0x12c</run_address>
         <size>0xc</size>
      </object_component>
      <object_component id="oc-528">
         <name>__TI_handler_table</name>
         <load_address>0x138</load_address>
         <run_address>0x138</run_address>
         <size>0x6</size>
      </object_component>
      <object_component id="oc-52a">
         <name>.cinit..bss.load</name>
         <load_address>0x13e</load_address>
         <run_address>0x13e</run_address>
         <size>0x4</size>
      </object_component>
      <object_component id="oc-529">
         <name>__TI_cinit_table</name>
         <load_address>0x142</load_address>
         <run_address>0x142</run_address>
         <size>0x8</size>
      </object_component>
      <object_component id="oc-61">
         <name>.stack</name>
         <uninitialized>true</uninitialized>
         <run_address>0x400</run_address>
         <size>0x0</size>
         <input_file_ref idref="fl-1e"/>
      </object_component>
      <object_component id="oc-52c">
         <name>.stack</name>
         <uninitialized>true</uninitialized>
         <run_address>0x400</run_address>
         <size>0x0</size>
      </object_component>
      <object_component id="oc-7e">
         <name>.bss</name>
         <uninitialized>true</uninitialized>
         <run_address>0xa80a</run_address>
         <size>0x8</size>
         <input_file_ref idref="fl-2"/>
      </object_component>
      <object_component id="oc-8f">
         <name>.bss:rData</name>
         <uninitialized>true</uninitialized>
         <run_address>0xa800</run_address>
         <size>0xa</size>
         <input_file_ref idref="fl-2"/>
      </object_component>
      <object_component id="oc-3cc">
         <name>.const:.string</name>
         <load_address>0xa820</load_address>
         <run_address>0xa820</run_address>
         <size>0x173</size>
         <input_file_ref idref="fl-3"/>
      </object_component>
      <object_component id="oc-81">
         <name>.const:.string</name>
         <load_address>0xa994</load_address>
         <run_address>0xa994</run_address>
         <size>0x132</size>
         <input_file_ref idref="fl-2"/>
      </object_component>
      <object_component id="oc-2c5">
         <name>.const:.string</name>
         <load_address>0xaac6</load_address>
         <run_address>0xaac6</run_address>
         <size>0x9a</size>
         <input_file_ref idref="fl-12"/>
      </object_component>
      <object_component id="oc-2ec">
         <name>.const:.string</name>
         <load_address>0xab60</load_address>
         <run_address>0xab60</run_address>
         <size>0x98</size>
         <input_file_ref idref="fl-e"/>
      </object_component>
      <object_component id="oc-108">
         <name>.const:.string</name>
         <load_address>0xabf8</load_address>
         <run_address>0xabf8</run_address>
         <size>0x97</size>
         <input_file_ref idref="fl-10"/>
      </object_component>
      <object_component id="oc-16d">
         <name>.const:.string</name>
         <load_address>0xac90</load_address>
         <run_address>0xac90</run_address>
         <size>0x97</size>
         <input_file_ref idref="fl-11"/>
      </object_component>
      <object_component id="oc-261">
         <name>.const:.string</name>
         <load_address>0xad28</load_address>
         <run_address>0xad28</run_address>
         <size>0x5f</size>
         <input_file_ref idref="fl-5"/>
      </object_component>
      <object_component id="oc-c6">
         <name>.data</name>
         <load_address>0xa818</load_address>
         <run_address>0xa818</run_address>
         <size>0x4</size>
         <input_file_ref idref="fl-2"/>
      </object_component>
      <object_component id="oc-1e3">
         <name>.data</name>
         <load_address>0xa812</load_address>
         <run_address>0xa812</run_address>
         <size>0x6</size>
         <input_file_ref idref="fl-25"/>
      </object_component>
      <object_component id="oc-1e6">
         <name>.data:_lock</name>
         <load_address>0xa81c</load_address>
         <run_address>0xa81c</run_address>
         <size>0x2</size>
         <input_file_ref idref="fl-26"/>
      </object_component>
      <object_component id="oc-2b7">
         <name>.data:_unlock</name>
         <load_address>0xa81e</load_address>
         <run_address>0xa81e</run_address>
         <size>0x2</size>
         <input_file_ref idref="fl-26"/>
      </object_component>
      <object_component id="oc-a5">
         <name>.debug_types</name>
         <load_address>0x0</load_address>
         <run_address>0x0</run_address>
         <size>0xb64</size>
         <input_file_ref idref="fl-2"/>
      </object_component>
      <object_component id="oc-b3">
         <name>.debug_types</name>
         <load_address>0xb64</load_address>
         <run_address>0xb64</run_address>
         <size>0x18e0</size>
         <input_file_ref idref="fl-3"/>
      </object_component>
      <object_component id="oc-193">
         <name>.debug_types</name>
         <load_address>0x2444</load_address>
         <run_address>0x2444</run_address>
         <size>0x4b7</size>
         <input_file_ref idref="fl-5"/>
      </object_component>
      <object_component id="oc-2ee">
         <name>.debug_types</name>
         <load_address>0x0</load_address>
         <run_address>0x0</run_address>
         <size>0x0</size>
         <input_file_ref idref="fl-e"/>
      </object_component>
      <object_component id="oc-e5">
         <name>.debug_types</name>
         <load_address>0x0</load_address>
         <run_address>0x0</run_address>
         <size>0x0</size>
         <input_file_ref idref="fl-f"/>
      </object_component>
      <object_component id="oc-122">
         <name>.debug_types</name>
         <load_address>0x28fb</load_address>
         <run_address>0x28fb</run_address>
         <size>0x5a</size>
         <input_file_ref idref="fl-10"/>
      </object_component>
      <object_component id="oc-16f">
         <name>.debug_types</name>
         <load_address>0x2955</load_address>
         <run_address>0x2955</run_address>
         <size>0x135</size>
         <input_file_ref idref="fl-11"/>
      </object_component>
      <object_component id="oc-2df">
         <name>.debug_types</name>
         <load_address>0x2a8a</load_address>
         <run_address>0x2a8a</run_address>
         <size>0x6d3</size>
         <input_file_ref idref="fl-12"/>
      </object_component>
      <object_component id="oc-1aa">
         <name>.debug_types</name>
         <load_address>0x0</load_address>
         <run_address>0x0</run_address>
         <size>0x0</size>
         <input_file_ref idref="fl-20"/>
      </object_component>
      <object_component id="oc-1f8">
         <name>.debug_types</name>
         <load_address>0x315d</load_address>
         <run_address>0x315d</run_address>
         <size>0x470</size>
         <input_file_ref idref="fl-21"/>
      </object_component>
      <object_component id="oc-f2">
         <name>.debug_types</name>
         <load_address>0x35cd</load_address>
         <run_address>0x35cd</run_address>
         <size>0x1f3</size>
         <input_file_ref idref="fl-22"/>
      </object_component>
      <object_component id="oc-6b">
         <name>.debug_types</name>
         <load_address>0x0</load_address>
         <run_address>0x0</run_address>
         <size>0x0</size>
         <input_file_ref idref="fl-23"/>
      </object_component>
      <object_component id="oc-63">
         <name>.debug_types</name>
         <load_address>0x37c0</load_address>
         <run_address>0x37c0</run_address>
         <size>0x191</size>
         <input_file_ref idref="fl-24"/>
      </object_component>
      <object_component id="oc-1ea">
         <name>.debug_types</name>
         <load_address>0x3951</load_address>
         <run_address>0x3951</run_address>
         <size>0xbf</size>
         <input_file_ref idref="fl-25"/>
      </object_component>
      <object_component id="oc-23e">
         <name>.debug_types</name>
         <load_address>0x3a10</load_address>
         <run_address>0x3a10</run_address>
         <size>0x2f</size>
         <input_file_ref idref="fl-26"/>
      </object_component>
      <object_component id="oc-1e2">
         <name>.debug_types</name>
         <load_address>0x3a3f</load_address>
         <run_address>0x3a3f</run_address>
         <size>0xe1</size>
         <input_file_ref idref="fl-27"/>
      </object_component>
      <object_component id="oc-ed">
         <name>.debug_types</name>
         <load_address>0x3b20</load_address>
         <run_address>0x3b20</run_address>
         <size>0xb8</size>
         <input_file_ref idref="fl-2a"/>
      </object_component>
      <object_component id="oc-243">
         <name>.debug_types</name>
         <load_address>0x0</load_address>
         <run_address>0x0</run_address>
         <size>0x0</size>
         <input_file_ref idref="fl-2b"/>
      </object_component>
      <object_component id="oc-7f">
         <name>.debug_info</name>
         <load_address>0x0</load_address>
         <run_address>0x0</run_address>
         <size>0x12e</size>
         <input_file_ref idref="fl-2"/>
      </object_component>
      <object_component id="oc-c7">
         <name>.debug_info</name>
         <load_address>0x12e</load_address>
         <run_address>0x12e</run_address>
         <size>0x126</size>
         <input_file_ref idref="fl-2"/>
      </object_component>
      <object_component id="oc-90">
         <name>.debug_info</name>
         <load_address>0x254</load_address>
         <run_address>0x254</run_address>
         <size>0xda</size>
         <input_file_ref idref="fl-2"/>
      </object_component>
      <object_component id="oc-9f">
         <name>.debug_info</name>
         <load_address>0x32e</load_address>
         <run_address>0x32e</run_address>
         <size>0x181</size>
         <input_file_ref idref="fl-2"/>
      </object_component>
      <object_component id="oc-124">
         <name>.debug_info</name>
         <load_address>0x4af</load_address>
         <run_address>0x4af</run_address>
         <size>0x16e</size>
         <input_file_ref idref="fl-2"/>
      </object_component>
      <object_component id="oc-8a">
         <name>.debug_info</name>
         <load_address>0x61d</load_address>
         <run_address>0x61d</run_address>
         <size>0x1c7</size>
         <input_file_ref idref="fl-2"/>
      </object_component>
      <object_component id="oc-12d">
         <name>.debug_info</name>
         <load_address>0x7e4</load_address>
         <run_address>0x7e4</run_address>
         <size>0x16f</size>
         <input_file_ref idref="fl-2"/>
      </object_component>
      <object_component id="oc-99">
         <name>.debug_info</name>
         <load_address>0x953</load_address>
         <run_address>0x953</run_address>
         <size>0x18d</size>
         <input_file_ref idref="fl-2"/>
      </object_component>
      <object_component id="oc-133">
         <name>.debug_info</name>
         <load_address>0xae0</load_address>
         <run_address>0xae0</run_address>
         <size>0x19d</size>
         <input_file_ref idref="fl-2"/>
      </object_component>
      <object_component id="oc-93">
         <name>.debug_info</name>
         <load_address>0xc7d</load_address>
         <run_address>0xc7d</run_address>
         <size>0x1db</size>
         <input_file_ref idref="fl-2"/>
      </object_component>
      <object_component id="oc-c1">
         <name>.debug_info</name>
         <load_address>0xe58</load_address>
         <run_address>0xe58</run_address>
         <size>0x1c0</size>
         <input_file_ref idref="fl-2"/>
      </object_component>
      <object_component id="oc-22b">
         <name>.debug_info</name>
         <load_address>0x1018</load_address>
         <run_address>0x1018</run_address>
         <size>0x195</size>
         <input_file_ref idref="fl-2"/>
      </object_component>
      <object_component id="oc-150">
         <name>.debug_info</name>
         <load_address>0x11ad</load_address>
         <run_address>0x11ad</run_address>
         <size>0x171</size>
         <input_file_ref idref="fl-2"/>
      </object_component>
      <object_component id="oc-d7">
         <name>.debug_info</name>
         <load_address>0x131e</load_address>
         <run_address>0x131e</run_address>
         <size>0x18d</size>
         <input_file_ref idref="fl-2"/>
      </object_component>
      <object_component id="oc-dd">
         <name>.debug_info</name>
         <load_address>0x14ab</load_address>
         <run_address>0x14ab</run_address>
         <size>0x18d</size>
         <input_file_ref idref="fl-2"/>
      </object_component>
      <object_component id="oc-161">
         <name>.debug_info</name>
         <load_address>0x1638</load_address>
         <run_address>0x1638</run_address>
         <size>0x19d</size>
         <input_file_ref idref="fl-2"/>
      </object_component>
      <object_component id="oc-157">
         <name>.debug_info</name>
         <load_address>0x17d5</load_address>
         <run_address>0x17d5</run_address>
         <size>0x19d</size>
         <input_file_ref idref="fl-2"/>
      </object_component>
      <object_component id="oc-b5">
         <name>.debug_info</name>
         <load_address>0x1972</load_address>
         <run_address>0x1972</run_address>
         <size>0x1c0</size>
         <input_file_ref idref="fl-2"/>
      </object_component>
      <object_component id="oc-cb">
         <name>.debug_info</name>
         <load_address>0x1b32</load_address>
         <run_address>0x1b32</run_address>
         <size>0x1db</size>
         <input_file_ref idref="fl-2"/>
      </object_component>
      <object_component id="oc-bb">
         <name>.debug_info</name>
         <load_address>0x1d0d</load_address>
         <run_address>0x1d0d</run_address>
         <size>0x1c0</size>
         <input_file_ref idref="fl-2"/>
      </object_component>
      <object_component id="oc-21f">
         <name>.debug_info</name>
         <load_address>0x1ecd</load_address>
         <run_address>0x1ecd</run_address>
         <size>0x181</size>
         <input_file_ref idref="fl-2"/>
      </object_component>
      <object_component id="oc-1dc">
         <name>.debug_info</name>
         <load_address>0x204e</load_address>
         <run_address>0x204e</run_address>
         <size>0x207</size>
         <input_file_ref idref="fl-2"/>
      </object_component>
      <object_component id="oc-2c">
         <name>.debug_info</name>
         <load_address>0x2255</load_address>
         <run_address>0x2255</run_address>
         <size>0x207</size>
         <input_file_ref idref="fl-2"/>
      </object_component>
      <object_component id="oc-38">
         <name>.debug_info</name>
         <load_address>0x245c</load_address>
         <run_address>0x245c</run_address>
         <size>0x20b</size>
         <input_file_ref idref="fl-2"/>
      </object_component>
      <object_component id="oc-3e">
         <name>.debug_info</name>
         <load_address>0x2667</load_address>
         <run_address>0x2667</run_address>
         <size>0x1ef</size>
         <input_file_ref idref="fl-2"/>
      </object_component>
      <object_component id="oc-44">
         <name>.debug_info</name>
         <load_address>0x2856</load_address>
         <run_address>0x2856</run_address>
         <size>0x15a</size>
         <input_file_ref idref="fl-2"/>
      </object_component>
      <object_component id="oc-a7">
         <name>.debug_info</name>
         <load_address>0x29b0</load_address>
         <run_address>0x29b0</run_address>
         <size>0x1c7</size>
         <input_file_ref idref="fl-3"/>
      </object_component>
      <object_component id="oc-322">
         <name>.debug_info</name>
         <load_address>0x2b77</load_address>
         <run_address>0x2b77</run_address>
         <size>0x1b4</size>
         <input_file_ref idref="fl-3"/>
      </object_component>
      <object_component id="oc-328">
         <name>.debug_info</name>
         <load_address>0x2d2b</load_address>
         <run_address>0x2d2b</run_address>
         <size>0x1b6</size>
         <input_file_ref idref="fl-3"/>
      </object_component>
      <object_component id="oc-304">
         <name>.debug_info</name>
         <load_address>0x2ee1</load_address>
         <run_address>0x2ee1</run_address>
         <size>0x1ab</size>
         <input_file_ref idref="fl-3"/>
      </object_component>
      <object_component id="oc-316">
         <name>.debug_info</name>
         <load_address>0x308c</load_address>
         <run_address>0x308c</run_address>
         <size>0x151</size>
         <input_file_ref idref="fl-3"/>
      </object_component>
      <object_component id="oc-31c">
         <name>.debug_info</name>
         <load_address>0x31dd</load_address>
         <run_address>0x31dd</run_address>
         <size>0x1f8</size>
         <input_file_ref idref="fl-3"/>
      </object_component>
      <object_component id="oc-310">
         <name>.debug_info</name>
         <load_address>0x33d5</load_address>
         <run_address>0x33d5</run_address>
         <size>0x184</size>
         <input_file_ref idref="fl-3"/>
      </object_component>
      <object_component id="oc-4a0">
         <name>.debug_info</name>
         <load_address>0x3559</load_address>
         <run_address>0x3559</run_address>
         <size>0x176</size>
         <input_file_ref idref="fl-3"/>
      </object_component>
      <object_component id="oc-3d5">
         <name>.debug_info</name>
         <load_address>0x36cf</load_address>
         <run_address>0x36cf</run_address>
         <size>0x1e4</size>
         <input_file_ref idref="fl-3"/>
      </object_component>
      <object_component id="oc-4a9">
         <name>.debug_info</name>
         <load_address>0x38b3</load_address>
         <run_address>0x38b3</run_address>
         <size>0x170</size>
         <input_file_ref idref="fl-3"/>
      </object_component>
      <object_component id="oc-46c">
         <name>.debug_info</name>
         <load_address>0x3a23</load_address>
         <run_address>0x3a23</run_address>
         <size>0x1a9</size>
         <input_file_ref idref="fl-3"/>
      </object_component>
      <object_component id="oc-478">
         <name>.debug_info</name>
         <load_address>0x3bcc</load_address>
         <run_address>0x3bcc</run_address>
         <size>0x180</size>
         <input_file_ref idref="fl-3"/>
      </object_component>
      <object_component id="oc-3ea">
         <name>.debug_info</name>
         <load_address>0x3d4c</load_address>
         <run_address>0x3d4c</run_address>
         <size>0x1c9</size>
         <input_file_ref idref="fl-3"/>
      </object_component>
      <object_component id="oc-4b7">
         <name>.debug_info</name>
         <load_address>0x3f15</load_address>
         <run_address>0x3f15</run_address>
         <size>0x171</size>
         <input_file_ref idref="fl-3"/>
      </object_component>
      <object_component id="oc-422">
         <name>.debug_info</name>
         <load_address>0x4086</load_address>
         <run_address>0x4086</run_address>
         <size>0x1f1</size>
         <input_file_ref idref="fl-3"/>
      </object_component>
      <object_component id="oc-42e">
         <name>.debug_info</name>
         <load_address>0x4277</load_address>
         <run_address>0x4277</run_address>
         <size>0x191</size>
         <input_file_ref idref="fl-3"/>
      </object_component>
      <object_component id="oc-428">
         <name>.debug_info</name>
         <load_address>0x4408</load_address>
         <run_address>0x4408</run_address>
         <size>0x18d</size>
         <input_file_ref idref="fl-3"/>
      </object_component>
      <object_component id="oc-404">
         <name>.debug_info</name>
         <load_address>0x4595</load_address>
         <run_address>0x4595</run_address>
         <size>0x18f</size>
         <input_file_ref idref="fl-3"/>
      </object_component>
      <object_component id="oc-3fe">
         <name>.debug_info</name>
         <load_address>0x4724</load_address>
         <run_address>0x4724</run_address>
         <size>0x18f</size>
         <input_file_ref idref="fl-3"/>
      </object_component>
      <object_component id="oc-40a">
         <name>.debug_info</name>
         <load_address>0x48b3</load_address>
         <run_address>0x48b3</run_address>
         <size>0x193</size>
         <input_file_ref idref="fl-3"/>
      </object_component>
      <object_component id="oc-41c">
         <name>.debug_info</name>
         <load_address>0x4a46</load_address>
         <run_address>0x4a46</run_address>
         <size>0x1a1</size>
         <input_file_ref idref="fl-3"/>
      </object_component>
      <object_component id="oc-416">
         <name>.debug_info</name>
         <load_address>0x4be7</load_address>
         <run_address>0x4be7</run_address>
         <size>0x197</size>
         <input_file_ref idref="fl-3"/>
      </object_component>
      <object_component id="oc-3f8">
         <name>.debug_info</name>
         <load_address>0x4d7e</load_address>
         <run_address>0x4d7e</run_address>
         <size>0x19f</size>
         <input_file_ref idref="fl-3"/>
      </object_component>
      <object_component id="oc-4d3">
         <name>.debug_info</name>
         <load_address>0x4f1d</load_address>
         <run_address>0x4f1d</run_address>
         <size>0x173</size>
         <input_file_ref idref="fl-3"/>
      </object_component>
      <object_component id="oc-465">
         <name>.debug_info</name>
         <load_address>0x5090</load_address>
         <run_address>0x5090</run_address>
         <size>0x191</size>
         <input_file_ref idref="fl-3"/>
      </object_component>
      <object_component id="oc-435">
         <name>.debug_info</name>
         <load_address>0x5221</load_address>
         <run_address>0x5221</run_address>
         <size>0x193</size>
         <input_file_ref idref="fl-3"/>
      </object_component>
      <object_component id="oc-447">
         <name>.debug_info</name>
         <load_address>0x53b4</load_address>
         <run_address>0x53b4</run_address>
         <size>0x18d</size>
         <input_file_ref idref="fl-3"/>
      </object_component>
      <object_component id="oc-44d">
         <name>.debug_info</name>
         <load_address>0x5541</load_address>
         <run_address>0x5541</run_address>
         <size>0x1f1</size>
         <input_file_ref idref="fl-3"/>
      </object_component>
      <object_component id="oc-459">
         <name>.debug_info</name>
         <load_address>0x5732</load_address>
         <run_address>0x5732</run_address>
         <size>0x197</size>
         <input_file_ref idref="fl-3"/>
      </object_component>
      <object_component id="oc-441">
         <name>.debug_info</name>
         <load_address>0x58c9</load_address>
         <run_address>0x58c9</run_address>
         <size>0x1ca</size>
         <input_file_ref idref="fl-3"/>
      </object_component>
      <object_component id="oc-45f">
         <name>.debug_info</name>
         <load_address>0x5a93</load_address>
         <run_address>0x5a93</run_address>
         <size>0x1ba</size>
         <input_file_ref idref="fl-3"/>
      </object_component>
      <object_component id="oc-219">
         <name>.debug_info</name>
         <load_address>0x5c4d</load_address>
         <run_address>0x5c4d</run_address>
         <size>0x188</size>
         <input_file_ref idref="fl-3"/>
      </object_component>
      <object_component id="oc-28a">
         <name>.debug_info</name>
         <load_address>0x5dd5</load_address>
         <run_address>0x5dd5</run_address>
         <size>0x348</size>
         <input_file_ref idref="fl-3"/>
      </object_component>
      <object_component id="oc-29c">
         <name>.debug_info</name>
         <load_address>0x611d</load_address>
         <run_address>0x611d</run_address>
         <size>0x139</size>
         <input_file_ref idref="fl-3"/>
      </object_component>
      <object_component id="oc-336">
         <name>.debug_info</name>
         <load_address>0x6256</load_address>
         <run_address>0x6256</run_address>
         <size>0x16d</size>
         <input_file_ref idref="fl-3"/>
      </object_component>
      <object_component id="oc-33c">
         <name>.debug_info</name>
         <load_address>0x63c3</load_address>
         <run_address>0x63c3</run_address>
         <size>0x16b</size>
         <input_file_ref idref="fl-3"/>
      </object_component>
      <object_component id="oc-342">
         <name>.debug_info</name>
         <load_address>0x652e</load_address>
         <run_address>0x652e</run_address>
         <size>0x180</size>
         <input_file_ref idref="fl-3"/>
      </object_component>
      <object_component id="oc-348">
         <name>.debug_info</name>
         <load_address>0x66ae</load_address>
         <run_address>0x66ae</run_address>
         <size>0x180</size>
         <input_file_ref idref="fl-3"/>
      </object_component>
      <object_component id="oc-296">
         <name>.debug_info</name>
         <load_address>0x682e</load_address>
         <run_address>0x682e</run_address>
         <size>0x128</size>
         <input_file_ref idref="fl-3"/>
      </object_component>
      <object_component id="oc-32f">
         <name>.debug_info</name>
         <load_address>0x6956</load_address>
         <run_address>0x6956</run_address>
         <size>0x132</size>
         <input_file_ref idref="fl-3"/>
      </object_component>
      <object_component id="oc-32">
         <name>.debug_info</name>
         <load_address>0x6a88</load_address>
         <run_address>0x6a88</run_address>
         <size>0x1c4</size>
         <input_file_ref idref="fl-3"/>
      </object_component>
      <object_component id="oc-2a2">
         <name>.debug_info</name>
         <load_address>0x6c4c</load_address>
         <run_address>0x6c4c</run_address>
         <size>0x111</size>
         <input_file_ref idref="fl-3"/>
      </object_component>
      <object_component id="oc-34f">
         <name>.debug_info</name>
         <load_address>0x6d5d</load_address>
         <run_address>0x6d5d</run_address>
         <size>0x22e</size>
         <input_file_ref idref="fl-3"/>
      </object_component>
      <object_component id="oc-2a8">
         <name>.debug_info</name>
         <load_address>0x6f8b</load_address>
         <run_address>0x6f8b</run_address>
         <size>0x111</size>
         <input_file_ref idref="fl-3"/>
      </object_component>
      <object_component id="oc-356">
         <name>.debug_info</name>
         <load_address>0x709c</load_address>
         <run_address>0x709c</run_address>
         <size>0x201</size>
         <input_file_ref idref="fl-3"/>
      </object_component>
      <object_component id="oc-290">
         <name>.debug_info</name>
         <load_address>0x729d</load_address>
         <run_address>0x729d</run_address>
         <size>0x2008</size>
         <input_file_ref idref="fl-3"/>
      </object_component>
      <object_component id="oc-2ae">
         <name>.debug_info</name>
         <load_address>0x92a5</load_address>
         <run_address>0x92a5</run_address>
         <size>0x116</size>
         <input_file_ref idref="fl-3"/>
      </object_component>
      <object_component id="oc-35d">
         <name>.debug_info</name>
         <load_address>0x93bb</load_address>
         <run_address>0x93bb</run_address>
         <size>0x159</size>
         <input_file_ref idref="fl-3"/>
      </object_component>
      <object_component id="oc-275">
         <name>.debug_info</name>
         <load_address>0x9514</load_address>
         <run_address>0x9514</run_address>
         <size>0x154</size>
         <input_file_ref idref="fl-5"/>
      </object_component>
      <object_component id="oc-269">
         <name>.debug_info</name>
         <load_address>0x9668</load_address>
         <run_address>0x9668</run_address>
         <size>0x158</size>
         <input_file_ref idref="fl-5"/>
      </object_component>
      <object_component id="oc-2e5">
         <name>.debug_info</name>
         <load_address>0x97c0</load_address>
         <run_address>0x97c0</run_address>
         <size>0x1b8</size>
         <input_file_ref idref="fl-5"/>
      </object_component>
      <object_component id="oc-256">
         <name>.debug_info</name>
         <load_address>0x9978</load_address>
         <run_address>0x9978</run_address>
         <size>0x18c</size>
         <input_file_ref idref="fl-5"/>
      </object_component>
      <object_component id="oc-24a">
         <name>.debug_info</name>
         <load_address>0x9b04</load_address>
         <run_address>0x9b04</run_address>
         <size>0x15f</size>
         <input_file_ref idref="fl-5"/>
      </object_component>
      <object_component id="oc-283">
         <name>.debug_info</name>
         <load_address>0x9c63</load_address>
         <run_address>0x9c63</run_address>
         <size>0x1bb</size>
         <input_file_ref idref="fl-5"/>
      </object_component>
      <object_component id="oc-207">
         <name>.debug_info</name>
         <load_address>0x9e1e</load_address>
         <run_address>0x9e1e</run_address>
         <size>0x229</size>
         <input_file_ref idref="fl-5"/>
      </object_component>
      <object_component id="oc-26f">
         <name>.debug_info</name>
         <load_address>0xa047</load_address>
         <run_address>0xa047</run_address>
         <size>0x786</size>
         <input_file_ref idref="fl-5"/>
      </object_component>
      <object_component id="oc-213">
         <name>.debug_info</name>
         <load_address>0xa7cd</load_address>
         <run_address>0xa7cd</run_address>
         <size>0x167</size>
         <input_file_ref idref="fl-5"/>
      </object_component>
      <object_component id="oc-10a">
         <name>.debug_info</name>
         <load_address>0xa934</load_address>
         <run_address>0xa934</run_address>
         <size>0x156</size>
         <input_file_ref idref="fl-5"/>
      </object_component>
      <object_component id="oc-27">
         <name>.debug_info</name>
         <load_address>0xaa8a</load_address>
         <run_address>0xaa8a</run_address>
         <size>0x109</size>
         <input_file_ref idref="fl-6"/>
      </object_component>
      <object_component id="oc-79">
         <name>.debug_info</name>
         <load_address>0xab93</load_address>
         <run_address>0xab93</run_address>
         <size>0x10a</size>
         <input_file_ref idref="fl-6"/>
      </object_component>
      <object_component id="oc-4f5">
         <name>.debug_info</name>
         <load_address>0xac9d</load_address>
         <run_address>0xac9d</run_address>
         <size>0x1d0</size>
         <input_file_ref idref="fl-e"/>
      </object_component>
      <object_component id="oc-4e3">
         <name>.debug_info</name>
         <load_address>0xae6d</load_address>
         <run_address>0xae6d</run_address>
         <size>0x23e</size>
         <input_file_ref idref="fl-e"/>
      </object_component>
      <object_component id="oc-3c5">
         <name>.debug_info</name>
         <load_address>0xb0ab</load_address>
         <run_address>0xb0ab</run_address>
         <size>0x1ca</size>
         <input_file_ref idref="fl-e"/>
      </object_component>
      <object_component id="oc-3dc">
         <name>.debug_info</name>
         <load_address>0xb275</load_address>
         <run_address>0xb275</run_address>
         <size>0x242</size>
         <input_file_ref idref="fl-e"/>
      </object_component>
      <object_component id="oc-472">
         <name>.debug_info</name>
         <load_address>0xb4b7</load_address>
         <run_address>0xb4b7</run_address>
         <size>0x243</size>
         <input_file_ref idref="fl-e"/>
      </object_component>
      <object_component id="oc-2f7">
         <name>.debug_info</name>
         <load_address>0xb6fa</load_address>
         <run_address>0xb6fa</run_address>
         <size>0x22b</size>
         <input_file_ref idref="fl-e"/>
      </object_component>
      <object_component id="oc-2fd">
         <name>.debug_info</name>
         <load_address>0xb925</load_address>
         <run_address>0xb925</run_address>
         <size>0x273</size>
         <input_file_ref idref="fl-e"/>
      </object_component>
      <object_component id="oc-3e2">
         <name>.debug_info</name>
         <load_address>0xbb98</load_address>
         <run_address>0xbb98</run_address>
         <size>0x25b</size>
         <input_file_ref idref="fl-e"/>
      </object_component>
      <object_component id="oc-27b">
         <name>.debug_info</name>
[...]
         <name>FLASH_BANK2_SEC9</name>
         <page_id>0x0</page_id>
         <origin>0xa9000</origin>
         <length>0x1000</length>
         <used_space>0x0</used_space>
         <unused_space>0x1000</unused_space>
         <attributes>RWIX</attributes>
         <usage_details>
         </usage_details>
      </memory_area>
      <memory_area display="yes" color="green">
         <name>FLASH_BANK2_SEC10</name>
         <page_id>0x0</page_id>
         <origin>0xaa000</origin>
         <length>0x1000</length>
         <used_space>0x0</used_space>
         <unused_space>0x1000</unused_space>
         <attributes>RWIX</attributes>
         <usage_details>
         </usage_details>
      </memory_area>
      <memory_area display="yes" color="green">
         <name>FLASH_BANK2_SEC11</name>
         <page_id>0x0</page_id>
         <origin>0xab000</origin>
         <length>0x1000</length>
         <used_space>0x0</used_space>
         <unused_space>0x1000</unused_space>
         <attributes>RWIX</attributes>
         <usage_details>
         </usage_details>
      </memory_area>
      <memory_area display="yes" color="green">
         <name>FLASH_BANK2_SEC12</name>
         <page_id>0x0</page_id>
         <origin>0xac000</origin>
         <length>0x1000</length>
         <used_space>0x0</used_space>
         <unused_space>0x1000</unused_space>
         <attributes>RWIX</attributes>
         <usage_details>
         </usage_details>
      </memory_area>
      <memory_area display="yes" color="green">
         <name>FLASH_BANK2_SEC13</name>
         <page_id>0x0</page_id>
         <origin>0xad000</origin>
         <length>0x1000</length>
         <used_space>0x0</used_space>
         <unused_space>0x1000</unused_space>
         <attributes>RWIX</attributes>
         <usage_details>
         </usage_details>
      </memory_area>
      <memory_area display="yes" color="green">
         <name>FLASH_BANK2_SEC14</name>
         <page_id>0x0</page_id>
         <origin>0xae000</origin>
         <length>0x1000</length>
         <used_space>0x0</used_space>
         <unused_space>0x1000</unused_space>
         <attributes>RWIX</attributes>
         <usage_details>
         </usage_details>
      </memory_area>
      <memory_area display="yes" color="green">
         <name>FLASH_BANK2_SEC15</name>
         <page_id>0x0</page_id>
         <origin>0xaf000</origin>
         <length>0xff0</length>
         <used_space>0x0</used_space>
         <unused_space>0xff0</unused_space>
         <attributes>RWIX</attributes>
         <usage_details>
         </usage_details>
      </memory_area>
      <memory_area display="yes" color="green">
         <name>SECURE_ROM</name>
         <page_id>0x0</page_id>
         <origin>0x3f2000</origin>
         <length>0x6000</length>
         <used_space>0x0</used_space>
         <unused_space>0x6000</unused_space>
         <attributes>RWIX</attributes>
         <usage_details>
         </usage_details>
      </memory_area>
      <memory_area display="yes" color="green">
         <name>BOOTROM</name>
         <page_id>0x0</page_id>
         <origin>0x3f8000</origin>
         <length>0x7fc0</length>
         <used_space>0x0</used_space>
         <unused_space>0x7fc0</unused_space>
         <attributes>RWIX</attributes>
         <usage_details>
         </usage_details>
      </memory_area>
      <memory_area display="no" color="green">
         <name>RESET</name>
         <page_id>0x0</page_id>
         <origin>0x3fffc0</origin>
         <length>0x2</length>
         <used_space>0x0</used_space>
         <unused_space>0x2</unused_space>
         <attributes>RWIX</attributes>
         <usage_details>
         </usage_details>
      </memory_area>
   </placement_map>
   <cptbl_list>
      <cptbl>
         <name>__TI_cinit_table</name>
         <cprec>
            <name>.data</name>
            <load_address>0x12c</load_address>
            <load_size>0xc</load_size>
            <run_address>0xa812</run_address>
            <run_size>0xe</run_size>
            <compression>lzss</compression>
         </cprec>
         <cprec>
            <name>.bss</name>
            <load_address>0x13e</load_address>
            <load_size>0x4</load_size>
            <run_address>0xa800</run_address>
            <run_size>0x12</run_size>
            <compression>zero_init</compression>
         </cprec>
      </cptbl>
   </cptbl_list>
   <handler_table>
      <handler_table_name>__TI_handler_table</handler_table_name>
      <handler>
         <index>0x0</index>
         <name>__TI_zero_init</name>
      </handler>
      <handler>
         <index>0x1</index>
         <name>__TI_decompress_lzss</name>
      </handler>
      <handler>
         <index>0x2</index>
         <name>__TI_decompress_none</name>
      </handler>
   </handler_table>
   <symbol_table>
      <symbol id="sm-1">
         <name>__TI_CINIT_Base</name>
         <value>0x142</value>
      </symbol>
      <symbol id="sm-2">
         <name>__TI_CINIT_Limit</name>
         <value>0x14a</value>
      </symbol>
      <symbol id="sm-3">
         <name>__TI_CINIT_Warm</name>
         <value>0x14a</value>
      </symbol>
      <symbol id="sm-4">
         <name>__TI_Handler_Table_Base</name>
         <value>0x138</value>
      </symbol>
      <symbol id="sm-5">
         <name>__TI_Handler_Table_Limit</name>
         <value>0x13e</value>
      </symbol>
      <symbol id="sm-6">
         <name>__TI_STACK_SIZE</name>
         <value>0x200</value>
      </symbol>
      <symbol id="sm-7">
         <name>__TI_STACK_END</name>
         <value>0x600</value>
      </symbol>
      <symbol id="sm-8">
         <name>__TI_pprof_out_hndl</name>
         <value>0xffffffff</value>
      </symbol>
      <symbol id="sm-9">
         <name>__TI_prof_data_start</name>
         <value>0xffffffff</value>
      </symbol>
      <symbol id="sm-a">
         <name>__TI_prof_data_size</name>
         <value>0xffffffff</value>
      </symbol>
      <symbol id="sm-11f">
         <name>rxStatus</name>
         <value>0xa818</value>
         <object_component_ref idref="oc-c6"/>
      </symbol>
      <symbol id="sm-120">
         <name>len</name>
         <value>0xa81a</value>
         <object_component_ref idref="oc-c6"/>
      </symbol>
      <symbol id="sm-121">
         <name>s</name>
         <value>0xa819</value>
         <object_component_ref idref="oc-c6"/>
      </symbol>
      <symbol id="sm-122">
         <name>m</name>
         <value>0xa81b</value>
         <object_component_ref idref="oc-c6"/>
      </symbol>
      <symbol id="sm-123">
         <name>INT_mySPIS_RX_ISR</name>
         <value>0x8a43</value>
         <object_component_ref idref="oc-3d"/>
      </symbol>
      <symbol id="sm-124">
         <name>INT_mySPIS_TX_ISR</name>
         <value>0x8e53</value>
         <object_component_ref idref="oc-43"/>
      </symbol>
      <symbol id="sm-125">
         <name>tx</name>
         <value>0xa80e</value>
         <object_component_ref idref="oc-7e"/>
      </symbol>
      <symbol id="sm-126">
         <name>rx</name>
         <value>0xa810</value>
         <object_component_ref idref="oc-7e"/>
      </symbol>
      <symbol id="sm-127">
         <name>INT_sw_XINT_ISR</name>
         <value>0x887e</value>
         <object_component_ref idref="oc-37"/>
      </symbol>
      <symbol id="sm-128">
         <name>msg</name>
         <value>0xa80c</value>
         <object_component_ref idref="oc-7e"/>
      </symbol>
      <symbol id="sm-129">
         <name>main</name>
         <value>0x8bb7</value>
         <object_component_ref idref="oc-1db"/>
      </symbol>
      <symbol id="sm-12a">
         <name>delayCount</name>
         <value>0xa80a</value>
         <object_component_ref idref="oc-7e"/>
      </symbol>
      <symbol id="sm-12b">
         <name>INT_mySCIA_RX_ISR</name>
         <value>0x8800</value>
         <object_component_ref idref="oc-2b"/>
      </symbol>
      <symbol id="sm-12c">
         <name>rData</name>
         <value>0xa800</value>
         <object_component_ref idref="oc-8f"/>
      </symbol>
      <symbol id="sm-2cb">
         <name>led_init</name>
         <value>0x979b</value>
         <object_component_ref idref="oc-335"/>
      </symbol>
      <symbol id="sm-2cc">
         <name>INPUTXBAR_init</name>
         <value>0x99c9</value>
         <object_component_ref idref="oc-295"/>
      </symbol>
      <symbol id="sm-2cd">
         <name>cs1_init</name>
         <value>0x943f</value>
         <object_component_ref idref="oc-341"/>
      </symbol>
      <symbol id="sm-2ce">
         <name>cs2_init</name>
         <value>0x9458</value>
         <object_component_ref idref="oc-347"/>
      </symbol>
      <symbol id="sm-2cf">
         <name>INTERRUPT_init</name>
         <value>0x9067</value>
         <object_component_ref idref="oc-31"/>
      </symbol>
      <symbol id="sm-2d0">
         <name>SPI_init</name>
         <value>0x99cf</value>
         <object_component_ref idref="oc-2a7"/>
      </symbol>
      <symbol id="sm-2d1">
         <name>PinMux_init</name>
         <value>0x896b</value>
         <object_component_ref idref="oc-289"/>
      </symbol>
      <symbol id="sm-2d2">
         <name>myINPUTXBARINPUT0_init</name>
         <value>0x99bc</value>
         <object_component_ref idref="oc-32e"/>
      </symbol>
      <symbol id="sm-2d3">
         <name>sw_init</name>
         <value>0x97af</value>
         <object_component_ref idref="oc-33b"/>
      </symbol>
      <symbol id="sm-2d4">
         <name>mySPIS_init</name>
         <value>0x8d98</value>
         <object_component_ref idref="oc-355"/>
      </symbol>
      <symbol id="sm-2d5">
         <name>SCI_init</name>
         <value>0x99cc</value>
         <object_component_ref idref="oc-2a1"/>
      </symbol>
      <symbol id="sm-2d6">
         <name>Board_init</name>
         <value>0x97c3</value>
         <object_component_ref idref="oc-218"/>
      </symbol>
      <symbol id="sm-2d7">
         <name>XINT_init</name>
         <value>0x99d2</value>
         <object_component_ref idref="oc-2ad"/>
      </symbol>
      <symbol id="sm-2d8">
         <name>GPIO_init</name>
         <value>0x997e</value>
         <object_component_ref idref="oc-29b"/>
      </symbol>
      <symbol id="sm-2d9">
         <name>SYSCTL_init</name>
         <value>0x8000</value>
         <object_component_ref idref="oc-28f"/>
      </symbol>
      <symbol id="sm-2da">
         <name>sw_XINT_init</name>
         <value>0x9948</value>
         <object_component_ref idref="oc-35c"/>
      </symbol>
      <symbol id="sm-2db">
         <name>mySCIA_init</name>
         <value>0x8d14</value>
         <object_component_ref idref="oc-34e"/>
      </symbol>
      <symbol id="sm-333">
         <name>Device_enableAllPeripherals</name>
         <value>0x864f</value>
         <object_component_ref idref="oc-26e"/>
      </symbol>
      <symbol id="sm-334">
         <name>Device_initGPIO</name>
         <value>0x98c9</value>
         <object_component_ref idref="oc-212"/>
      </symbol>
      <symbol id="sm-335">
         <name>Device_init</name>
         <value>0x8dd7</value>
         <object_component_ref idref="oc-206"/>
      </symbol>
      <symbol id="sm-336">
         <name>__error__</name>
         <value>0x99b5</value>
         <object_component_ref idref="oc-109"/>
      </symbol>
      <symbol id="sm-345">
         <name>code_start</name>
         <value>0x0</value>
         <object_component_ref idref="oc-26"/>
      </symbol>
      <symbol id="sm-3bd">
         <name>GPIO_setQualificationMode</name>
         <value>0x8f72</value>
         <object_component_ref idref="oc-2fc"/>
      </symbol>
      <symbol id="sm-3be">
         <name>GPIO_setPadConfig</name>
         <value>0x87a5</value>
         <object_component_ref idref="oc-2f6"/>
      </symbol>
      <symbol id="sm-3bf">
         <name>GPIO_setInterruptPin</name>
         <value>0x8f04</value>
         <object_component_ref idref="oc-471"/>
      </symbol>
      <symbol id="sm-3c0">
         <name>GPIO_setAnalogMode</name>
         <value>0x89d9</value>
         <object_component_ref idref="oc-27a"/>
      </symbol>
      <symbol id="sm-3c1">
         <name>GPIO_setDirectionMode</name>
         <value>0x9036</value>
         <object_component_ref idref="oc-3db"/>
      </symbol>
      <symbol id="sm-3c2">
         <name>GPIO_setPinConfig</name>
         <value>0x8f3b</value>
         <object_component_ref idref="oc-2f0"/>
      </symbol>
      <symbol id="sm-3c3">
         <name>GPIO_setControllerCore</name>
         <value>0x8ecd</value>
         <object_component_ref idref="oc-3e1"/>
      </symbol>
      <symbol id="sm-412">
         <name>Interrupt_defaultHandler</name>
         <value>0x9603</value>
         <object_component_ref idref="oc-49"/>
      </symbol>
      <symbol id="sm-413">
         <name>Interrupt_initModule</name>
         <value>0x8e90</value>
         <object_component_ref idref="oc-20c"/>
      </symbol>
      <symbol id="sm-414">
         <name>Interrupt_nmiHandler</name>
         <value>0x9974</value>
         <object_component_ref idref="oc-5b"/>
      </symbol>
      <symbol id="sm-415">
         <name>Interrupt_enable</name>
         <value>0x8fa9</value>
         <object_component_ref idref="oc-ac"/>
      </symbol>
      <symbol id="sm-416">
         <name>Interrupt_initVectorTable</name>
         <value>0x92e3</value>
         <object_component_ref idref="oc-4a"/>
      </symbol>
      <symbol id="sm-417">
         <name>Interrupt_illegalOperationHandler</name>
         <value>0x996a</value>
         <object_component_ref idref="oc-55"/>
      </symbol>
      <symbol id="sm-495">
         <name>SCI_clearInterruptStatus</name>
         <value>0x8c46</value>
         <object_component_ref idref="oc-3f1"/>
      </symbol>
      <symbol id="sm-496">
         <name>SCI_writeCharArray</name>
         <value>0x8d57</value>
         <object_component_ref idref="oc-82"/>
      </symbol>
      <symbol id="sm-497">
         <name>SCI_setConfig</name>
         <value>0x8e15</value>
         <object_component_ref idref="oc-40f"/>
      </symbol>
      <symbol id="sm-498">
         <name>SCI_enableInterrupt</name>
         <value>0x8cd0</value>
         <object_component_ref idref="oc-224"/>
      </symbol>
      <symbol id="sm-4d1">
         <name>SPI_setConfig</name>
         <value>0x8b0e</value>
         <object_component_ref idref="oc-43a"/>
      </symbol>
      <symbol id="sm-4d2">
         <name>SPI_clearInterruptStatus</name>
         <value>0x9000</value>
         <object_component_ref idref="oc-d0"/>
      </symbol>
      <symbol id="sm-4d3">
         <name>SPI_enableInterrupt</name>
         <value>0x90c8</value>
         <object_component_ref idref="oc-452"/>
      </symbol>
      <symbol id="sm-5f1">
         <name>SysCtl_isPLLValid</name>
         <value>0x8551</value>
         <object_component_ref idref="oc-2d8"/>
      </symbol>
      <symbol id="sm-5f2">
         <name>SysCtl_delay</name>
         <value>0x128</value>
         <object_component_ref idref="oc-88"/>
      </symbol>
      <symbol id="sm-5f3">
         <name>SysCtl_selectXTALSingleEnded</name>
         <value>0x925e</value>
         <object_component_ref idref="oc-36c"/>
      </symbol>
      <symbol id="sm-5f4">
         <name>SysCtl_selectXTAL</name>
         <value>0x8c00</value>
         <object_component_ref idref="oc-366"/>
      </symbol>
      <symbol id="sm-5f5">
         <name>SysCtl_selectOscSource</name>
         <value>0x8b6a</value>
         <object_component_ref idref="oc-2cc"/>
      </symbol>
      <symbol id="sm-5f6">
         <name>SysCtl_getLowSpeedClock</name>
         <value>0x93da</value>
         <object_component_ref idref="oc-262"/>
      </symbol>
      <symbol id="sm-5f7">
         <name>SysCtl_setClock</name>
         <value>0x842e</value>
         <object_component_ref idref="oc-24f"/>
      </symbol>
      <symbol id="sm-5f8">
         <name>SysCtl_getClock</name>
         <value>0x8aa9</value>
         <object_component_ref idref="oc-25b"/>
      </symbol>
      <symbol id="sm-5f9">
         <name>SysCtl_configureType</name>
         <value>0x9239</value>
         <object_component_ref idref="oc-309"/>
      </symbol>
      <symbol id="sm-603">
         <name>_c_int00</name>
         <value>0x95d6</value>
         <object_component_ref idref="oc-fa"/>
      </symbol>
      <symbol id="sm-604">
         <name>__stack</name>
         <value>0x400</value>
         <object_component_ref idref="oc-61"/>
      </symbol>
      <symbol id="sm-611">
         <name>__c28xabi_divf</name>
         <value>0x871d</value>
         <object_component_ref idref="oc-374"/>
      </symbol>
      <symbol id="sm-61e">
         <name>_system_pre_init</name>
         <value>0x99d5</value>
         <object_component_ref idref="oc-17d"/>
      </symbol>
      <symbol id="sm-62d">
         <name>__TI_auto_init_nobinit_nopinit</name>
         <value>0x90f7</value>
         <object_component_ref idref="oc-1ab"/>
      </symbol>
      <symbol id="sm-63c">
         <name>__TI_zero_init_nomemset</name>
         <value>0x992f</value>
         <object_component_ref idref="oc-6c"/>
      </symbol>
      <symbol id="sm-649">
         <name>__TI_decompress_none</name>
         <value>0x9990</value>
         <object_component_ref idref="oc-1f"/>
      </symbol>
      <symbol id="sm-65d">
         <name>__TI_decompress_lzss</name>
         <value>0x9098</value>
         <object_component_ref idref="oc-19"/>
      </symbol>
      <symbol id="sm-673">
         <name>C$$EXIT</name>
         <value>0x9176</value>
         <object_component_ref idref="oc-18a"/>
      </symbol>
      <symbol id="sm-674">
         <name>abort</name>
         <value>0x9176</value>
         <object_component_ref idref="oc-18a"/>
      </symbol>
      <symbol id="sm-675">
         <name>exit</name>
         <value>0x9178</value>
         <object_component_ref idref="oc-18a"/>
      </symbol>
      <symbol id="sm-676">
         <name>__TI_dtors_ptr</name>
         <value>0xa816</value>
         <object_component_ref idref="oc-1e3"/>
      </symbol>
      <symbol id="sm-677">
         <name>__TI_cleanup_ptr</name>
         <value>0xa814</value>
         <object_component_ref idref="oc-1e3"/>
      </symbol>
      <symbol id="sm-678">
         <name>__TI_enable_exit_profile_output</name>
         <value>0xa812</value>
         <object_component_ref idref="oc-1e3"/>
      </symbol>
      <symbol id="sm-68f">
         <name>_nop</name>
         <value>0x998f</value>
         <object_component_ref idref="oc-236"/>
      </symbol>
      <symbol id="sm-690">
         <name>_lock</name>
         <value>0xa81c</value>
         <object_component_ref idref="oc-1e6"/>
      </symbol>
      <symbol id="sm-691">
         <name>_unlock</name>
         <value>0xa81e</value>
         <object_component_ref idref="oc-2b7"/>
      </symbol>
      <symbol id="sm-692">
         <name>_register_lock</name>
         <value>0x998b</value>
         <object_component_ref idref="oc-236"/>
      </symbol>
      <symbol id="sm-693">
         <name>_register_unlock</name>
         <value>0x9987</value>
         <object_component_ref idref="oc-236"/>
      </symbol>
      <symbol id="sm-6a2">
         <name>_args_main</name>
         <value>0x993c</value>
         <object_component_ref idref="oc-184"/>
      </symbol>
      <symbol id="sm-6b6">
         <name>memcpy</name>
         <value>0x931e</value>
         <object_component_ref idref="oc-64"/>
      </symbol>
      <symbol id="sm-6c3">
         <name>_system_post_cinit</name>
         <value>0x99d7</value>
         <object_component_ref idref="oc-1f1"/>
      </symbol>
      <symbol id="sm-6c5">
         <name>__c_args__</name>
         <value>0x0</value>
      </symbol>
   </symbol_table>
   <title>Link successful</title>
</link_info>
