******************************************************************************
             TMS320C2000 Linker Unix v22.6.1                   
******************************************************************************
>> Linked Wed May 21 11:45:33 2025

OUTPUT FILE NAME:   <try_spi_.out>
ENTRY POINT SYMBOL: "code_start"  address: 00000000


MEMORY CONFIGURATION

         name            origin    length      used     unused   attr    fill
----------------------  --------  ---------  --------  --------  ----  --------
  BEGIN                 00000000   00000002  00000002  00000000  RWIX
  BOOT_RSVD             00000002   00000126  00000000  00000126  RWIX
  RAMM0                 00000128   000002d8  00000022  000002b6  RWIX
  RAMM1                 00000400   000003f8  00000200  000001f8  RWIX
  RAMLS0                00008000   00000800  00000800  00000000  RWIX
  RAMLS1                00008800   00000800  00000800  00000000  RWIX
  RAMLS2                00009000   00000800  00000800  00000000  RWIX
  RAMLS3                00009800   00000800  000001d8  00000628  RWIX
  RAMLS4                0000a000   00000800  00000000  00000800  RWIX
  RAMLS5                0000a800   00000800  00000587  00000279  RWIX
  RAMLS6_7              0000b000   00001000  00000000  00001000  RWIX
  RAMGS0                0000c000   00001000  00000000  00001000  RWIX
  RAMGS1                0000d000   00001000  00000000  00001000  RWIX
  RAMGS2                0000e000   00001000  00000000  00001000  RWIX
  RAMGS3                0000f000   00000ff8  00000000  00000ff8  RWIX
  FLASH_BANK0_SEC0      00080002   00000ffe  00000000  00000ffe  RWIX
  FLASH_BANK0_SEC1      00081000   00001000  00000000  00001000  RWIX
  FLASH_BANK0_SEC2      00082000   00001000  00000000  00001000  RWIX
  FLASH_BANK0_SEC3      00083000   00001000  00000000  00001000  RWIX
  FLASH_BANK0_SEC4      00084000   00001000  00000000  00001000  RWIX
  FLASH_BANK0_SEC5      00085000   00001000  00000000  00001000  RWIX
  FLASH_BANK0_SEC6      00086000   00001000  00000000  00001000  RWIX
  FLASH_BANK0_SEC7      00087000   00001000  00000000  00001000  RWIX
  FLASH_BANK0_SEC8      00088000   00001000  00000000  00001000  RWIX
  FLASH_BANK0_SEC9      00089000   00001000  00000000  00001000  RWIX
  FLASH_BANK0_SEC10     0008a000   00001000  00000000  00001000  RWIX
  FLASH_BANK0_SEC11     0008b000   00001000  00000000  00001000  RWIX
  FLASH_BANK0_SEC12     0008c000   00001000  00000000  00001000  RWIX
  FLASH_BANK0_SEC13     0008d000   00001000  00000000  00001000  RWIX
  FLASH_BANK0_SEC14     0008e000   00001000  00000000  00001000  RWIX
  FLASH_BANK0_SEC15     0008f000   00001000  00000000  00001000  RWIX
  FLASH_BANK1_SEC0      00090000   00001000  00000000  00001000  RWIX
  FLASH_BANK1_SEC1      00091000   00001000  00000000  00001000  RWIX
  FLASH_BANK1_SEC2      00092000   00001000  00000000  00001000  RWIX
  FLASH_BANK1_SEC3      00093000   00001000  00000000  00001000  RWIX
  FLASH_BANK1_SEC4      00094000   00001000  00000000  00001000  RWIX
  FLASH_BANK1_SEC5      00095000   00001000  00000000  00001000  RWIX
  FLASH_BANK1_SEC6      00096000   00001000  00000000  00001000  RWIX
  FLASH_BANK1_SEC7      00097000   00001000  00000000  00001000  RWIX
  FLASH_BANK1_SEC8      00098000   00001000  00000000  00001000  RWIX
  FLASH_BANK1_SEC9      00099000   00001000  00000000  00001000  RWIX
  FLASH_BANK1_SEC10     0009a000   00001000  00000000  00001000  RWIX
  FLASH_BANK1_SEC11     0009b000   00001000  00000000  00001000  RWIX
  FLASH_BANK1_SEC12     0009c000   00001000  00000000  00001000  RWIX
  FLASH_BANK1_SEC13     0009d000   00001000  00000000  00001000  RWIX
  FLASH_BANK1_SEC14     0009e000   00001000  00000000  00001000  RWIX
  FLASH_BANK1_SEC15     0009f000   00001000  00000000  00001000  RWIX
  FLASH_BANK2_SEC0      000a0000   00001000  00000000  00001000  RWIX
  FLASH_BANK2_SEC1      000a1000   00001000  00000000  00001000  RWIX
  FLASH_BANK2_SEC2      000a2000   00001000  00000000  00001000  RWIX
  FLASH_BANK2_SEC3      000a3000   00001000  00000000  00001000  RWIX
  FLASH_BANK2_SEC4      000a4000   00001000  00000000  00001000  RWIX
  FLASH_BANK2_SEC5      000a5000   00001000  00000000  00001000  RWIX
  FLASH_BANK2_SEC6      000a6000   00001000  00000000  00001000  RWIX
  FLASH_BANK2_SEC7      000a7000   00001000  00000000  00001000  RWIX
  FLASH_BANK2_SEC8      000a8000   00001000  00000000  00001000  RWIX
  FLASH_BANK2_SEC9      000a9000   00001000  00000000  00001000  RWIX
  FLASH_BANK2_SEC10     000aa000   00001000  00000000  00001000  RWIX
  FLASH_BANK2_SEC11     000ab000   00001000  00000000  00001000  RWIX
  FLASH_BANK2_SEC12     000ac000   00001000  00000000  00001000  RWIX
  FLASH_BANK2_SEC13     000ad000   00001000  00000000  00001000  RWIX
  FLASH_BANK2_SEC14     000ae000   00001000  00000000  00001000  RWIX
  FLASH_BANK2_SEC15     000af000   00000ff0  00000000  00000ff0  RWIX
  SECURE_ROM            003f2000   00006000  00000000  00006000  RWIX
  BOOTROM               003f8000   00007fc0  00000000  00007fc0  RWIX
  RESET                 003fffc0   00000002  00000000  00000002  RWIX


SECTION ALLOCATION MAP

 output                                  attributes/
section   page    origin      length       input sections
--------  ----  ----------  ----------   ----------------
codestart 
*          0    00000000    00000002     
                  00000000    00000002     f28003x_codestartbranch.obj (codestart)

.TI.ramfunc 
*          0    00000128    00000004     
                  00000128    00000004     driverlib.lib : sysctl.obj (.TI.ramfunc)

.cinit     0    0000012c    0000001e     
                  0000012c    0000000c     (.cinit..data.load) [load image, compression = lzss]
                  00000138    00000006     (__TI_handler_table)
                  0000013e    00000004     (.cinit..bss.load) [load image, compression = zero_init]
                  00000142    00000008     (__TI_cinit_table)

.reset     0    003fffc0    00000000     DSECT

.stack     0    00000400    00000200     UNINITIALIZED
                  00000400    00000200     --HOLE--

.bss       0    0000a800    00000012     UNINITIALIZED
                  0000a800    0000000a     SPI_INT.obj (.bss:rData)
                  0000a80a    00000008     SPI_INT.obj (.bss)

.init_array 
*          0    00000128    00000000     UNINITIALIZED

.data      0    0000a812    0000000e     UNINITIALIZED
                  0000a812    00000006     rts2800_fpu32_eabi.lib : exit.c.obj (.data)
                  0000a818    00000004     SPI_INT.obj (.data)
                  0000a81c    00000002     rts2800_fpu32_eabi.lib : _lock.c.obj (.data:_lock)
                  0000a81e    00000002                            : _lock.c.obj (.data:_unlock)

.const     0    0000a820    00000567     
                  0000a820    00000173     board.obj (.const:.string)
                  0000a993    00000001     --HOLE-- [fill = 0]
                  0000a994    00000132     SPI_INT.obj (.const:.string)
                  0000aac6    0000009a     driverlib.lib : sysctl.obj (.const:.string)
                  0000ab60    00000098                   : gpio.obj (.const:.string)
                  0000abf8    00000097                   : sci.obj (.const:.string)
                  0000ac8f    00000001     --HOLE-- [fill = 0]
                  0000ac90    00000097                   : spi.obj (.const:.string)
                  0000ad27    00000001     --HOLE-- [fill = 0]
                  0000ad28    0000005f     device.obj (.const:.string)

.text.1    0    00008000    00000800     
                  00008000    0000042e     board.obj (.text:SYSCTL_init)
                  0000842e    00000123     driverlib.lib : sysctl.obj (.text:SysCtl_setClock)
                  00008551    000000fe                   : sysctl.obj (.text:SysCtl_isPLLValid)
                  0000864f    000000ce     device.obj (.text:Device_enableAllPeripherals)
                  0000871d    00000088     rts2800_fpu32_eabi.lib : fs_div28.asm.obj (.text)
                  000087a5    00000052     driverlib.lib : gpio.obj (.text:GPIO_setPadConfig)
                  000087f7    00000009     board.obj (.text:GPIO_enableInterrupt)

.text.2    0    00008800    00000800     
                  00008800    0000007e     SPI_INT.obj (.text:INT_mySCIA_RX_ISR)
                  0000887e    0000007a     SPI_INT.obj (.text:INT_sw_XINT_ISR)
                  000088f8    00000073     driverlib.lib : sysctl.obj (.text:DCC_setCounterSeeds)
                  0000896b    0000006e     board.obj (.text:PinMux_init)
                  000089d9    0000006a     driverlib.lib : gpio.obj (.text:GPIO_setAnalogMode)
                  00008a43    00000066     SPI_INT.obj (.text:INT_mySPIS_RX_ISR)
                  00008aa9    00000065     driverlib.lib : sysctl.obj (.text:SysCtl_getClock)
                  00008b0e    0000005c                   : spi.obj (.text:SPI_setConfig)
                  00008b6a    0000004d                   : sysctl.obj (.text:SysCtl_selectOscSource)
                  00008bb7    00000049     SPI_INT.obj (.text:main)
                  00008c00    00000046     driverlib.lib : sysctl.obj (.text:SysCtl_selectXTAL)
                  00008c46    00000045                   : sci.obj (.text:SCI_clearInterruptStatus)
                  00008c8b    00000045                   : sysctl.obj (.text:SysCtl_pollX1Counter)
                  00008cd0    00000044                   : sci.obj (.text:SCI_enableInterrupt)
                  00008d14    00000043     board.obj (.text:mySCIA_init)
                  00008d57    00000041     driverlib.lib : sci.obj (.text:SCI_writeCharArray)
                  00008d98    0000003f     board.obj (.text:mySPIS_init)
                  00008dd7    0000003e     device.obj (.text:Device_init)
                  00008e15    0000003e     driverlib.lib : sci.obj (.text:SCI_setConfig)
                  00008e53    0000003d     SPI_INT.obj (.text:INT_mySPIS_TX_ISR)
                  00008e90    0000003d     driverlib.lib : interrupt.obj (.text:Interrupt_initModule)
                  00008ecd    00000037                   : gpio.obj (.text:GPIO_setControllerCore)
                  00008f04    00000037                   : gpio.obj (.text:GPIO_setInterruptPin)
                  00008f3b    00000037                   : gpio.obj (.text:GPIO_setPinConfig)
                  00008f72    00000037                   : gpio.obj (.text:GPIO_setQualificationMode)
                  00008fa9    00000037                   : interrupt.obj (.text:Interrupt_enable)
                  00008fe0    00000020                   : sci.obj (.text:SCI_isFIFOEnabled)

.text.3    0    00009000    00000800     
                  00009000    00000036     driverlib.lib : spi.obj (.text:SPI_clearInterruptStatus)
                  00009036    00000031                   : gpio.obj (.text:GPIO_setDirectionMode)
                  00009067    00000031     board.obj (.text:INTERRUPT_init)
                  00009098    00000030     rts2800_fpu32_eabi.lib : copy_decompress_lzss.c.obj (.text:decompress:lzss)
                  000090c8    0000002f     driverlib.lib : spi.obj (.text:SPI_enableInterrupt)
                  000090f7    0000002b     rts2800_fpu32_eabi.lib : autoinit.c.obj (.text:__TI_auto_init_nobinit_nopinit)
                  00009122    0000002a     board.obj (.text:XBAR_setInputPin)
                  0000914c    0000002a     driverlib.lib : gpio.obj (.text:XBAR_setInputPin)
                  00009176    00000029     rts2800_fpu32_eabi.lib : exit.c.obj (.text)
                  0000919f    00000027     SPI_INT.obj (.text:GPIO_writePin)
                  000091c6    00000027     board.obj (.text:GPIO_writePin)
                  000091ed    00000026     board.obj (.text:SCI_setFIFOInterruptLevel)
                  00009213    00000026     board.obj (.text:SPI_setFIFOInterruptLevel)
                  00009239    00000025     driverlib.lib : sysctl.obj (.text:SysCtl_configureType)
                  0000925e    00000025                   : sysctl.obj (.text:SysCtl_selectXTALSingleEnded)
                  00009283    00000024                   : sysctl.obj (.text:DCC_enableSingleShotMode)
                  000092a7    0000001e                   : sysctl.obj (.text:DCC_setCounter0ClkSource)
                  000092c5    0000001e                   : sysctl.obj (.text:DCC_setCounter1ClkSource)
                  000092e3    0000001e                   : interrupt.obj (.text:Interrupt_initVectorTable)
                  00009301    0000001d     board.obj (.text:SCI_enableFIFO)
                  0000931e    0000001d     rts2800_fpu32_eabi.lib : memcpy.c.obj (.text)
                  0000933b    0000001b     board.obj (.text:SysCtl_setStandbyQualificationPeriod)
                  00009356    0000001b     board.obj (.text:XBAR_isBaseValid)
                  00009371    0000001b     driverlib.lib : gpio.obj (.text:XBAR_isBaseValid)
                  0000938c    0000001a                   : sci.obj (.text:SCI_isSpaceAvailableNonFIFO)
                  000093a6    0000001a     board.obj (.text:SPI_setEmulationMode)
                  000093c0    0000001a     board.obj (.text:SPI_setPTESignalPolarity)
                  000093da    0000001a     driverlib.lib : sysctl.obj (.text:SysCtl_getLowSpeedClock)
                  000093f4    00000019     SPI_INT.obj (.text:SCI_writeCharBlockingFIFO)
                  0000940d    00000019     SPI_INT.obj (.text:SPI_writeDataBlockingFIFO)
                  00009426    00000019     driverlib.lib : sysctl.obj (.text:SysCtl_setPLLSysClk)
                  0000943f    00000019     board.obj (.text:cs1_init)
                  00009458    00000019     board.obj (.text:cs2_init)
                  00009471    00000018     driverlib.lib : sci.obj (.text:SCI_disableModule)
                  00009489    00000018     board.obj (.text:SCI_performSoftwareReset)
                  000094a1    00000018     driverlib.lib : sci.obj (.text:SCI_performSoftwareReset)
                  000094b9    00000018     board.obj (.text:SCI_resetChannels)
                  000094d1    00000018     SPI_INT.obj (.text:SCI_resetRxFIFO)
                  000094e9    00000018     board.obj (.text:SCI_resetRxFIFO)
                  00009501    00000018     board.obj (.text:SCI_resetTxFIFO)
                  00009519    00000018     board.obj (.text:SPI_enableFIFO)
                  00009531    00000018     SPI_INT.obj (.text:SPI_reset)
                  00009549    00000018     SPI_INT.obj (.text:SPI_resetRxFIFO)
                  00009561    00000018     SPI_INT.obj (.text:SPI_resetTxFIFO)
                  00009579    00000018     board.obj (.text:SysCtl_disablePeripheral)
                  00009591    00000017     board.obj (.text:SysCtl_enablePeripheral)
                  000095a8    00000017     device.obj (.text:SysCtl_enablePeripheral)
                  000095bf    00000017     driverlib.lib : sysctl.obj (.text:SysCtl_enablePeripheral)
                  000095d6    00000017     rts2800_fpu32_eabi.lib : boot28.asm.obj (.text)
                  000095ed    00000016     driverlib.lib : sysctl.obj (.text:DCC_disableDoneSignal)
                  00009603    00000016                   : interrupt.obj (.text:Interrupt_defaultHandler)
                  00009619    00000015                   : sysctl.obj (.text:DCC_clearDoneFlag)
                  0000962e    00000015                   : sysctl.obj (.text:DCC_clearErrorFlag)
                  00009643    00000015                   : sysctl.obj (.text:DCC_disableErrorSignal)
                  00009658    00000015                   : sysctl.obj (.text:DCC_isBaseValid)
                  0000966d    00000015     device.obj (.text:GPIO_unlockPortConfig)
                  00009682    00000015     SPI_INT.obj (.text:SPI_readDataBlockingFIFO)
                  00009697    00000014     driverlib.lib : sysctl.obj (.text:DCC_disableModule)
                  000096ab    00000014                   : sysctl.obj (.text:DCC_enableModule)
                  000096bf    00000014     SPI_INT.obj (.text:GPIO_isPinValid)
                  000096d3    00000014     board.obj (.text:GPIO_isPinValid)
                  000096e7    00000014     driverlib.lib : gpio.obj (.text:GPIO_isPinValid)
                  000096fb    00000014     SPI_INT.obj (.text:SCI_getTxFIFOStatus)
                  0000970f    00000014     driverlib.lib : sci.obj (.text:SCI_getTxFIFOStatus)
                  00009723    00000014     SPI_INT.obj (.text:SCI_writeCharNonBlocking)
                  00009737    00000014     SPI_INT.obj (.text:SPI_getRxFIFOStatus)
                  0000974b    00000014     SPI_INT.obj (.text:SPI_getTxFIFOStatus)
                  0000975f    00000014     SPI_INT.obj (.text:SPI_writeDataNonBlocking)
                  00009773    00000014     board.obj (.text:SysCtl_selectErrPinPolarity)
                  00009787    00000014     board.obj (.text:SysCtl_setPeripheralAccessControl)
                  0000979b    00000014     board.obj (.text:led_init)
                  000097af    00000014     board.obj (.text:sw_init)
                  000097c3    00000013     board.obj (.text:Board_init)
                  000097d6    00000013     board.obj (.text:SCI_clearOverflowStatus)
                  000097e9    00000013     board.obj (.text:SCI_enableModule)
                  000097fc    00000004     device.obj (.text:SysCtl_deviceCal)

.text.4    0    00009800    000001d8     
                  00009800    00000013     driverlib.lib : sci.obj (.text:SCI_enableModule)
                  00009813    00000013     SPI_INT.obj (.text:SCI_isBaseValid)
                  00009826    00000013     board.obj (.text:SCI_isBaseValid)
                  00009839    00000013     driverlib.lib : sci.obj (.text:SCI_isBaseValid)
                  0000984c    00000013     SPI_INT.obj (.text:SPI_isBaseValid)
                  0000985f    00000013     board.obj (.text:SPI_isBaseValid)
                  00009872    00000013     driverlib.lib : spi.obj (.text:SPI_isBaseValid)
                  00009885    00000011     board.obj (.text:SCI_disableLoopback)
                  00009896    00000011     board.obj (.text:SPI_disableLoopback)
                  000098a7    00000011     board.obj (.text:SPI_disableModule)
                  000098b8    00000011     board.obj (.text:SPI_enableModule)
                  000098c9    00000010     device.obj (.text:Device_initGPIO)
                  000098d9    00000010     board.obj (.text:GPIO_setInterruptType)
                  000098e9    00000010     SPI_INT.obj (.text:SCI_getRxStatus)
                  000098f9    0000000f     board.obj (.text:Interrupt_register)
                  00009908    0000000d     driverlib.lib : interrupt.obj (.text:Interrupt_disableGlobal)
                  00009915    0000000d                   : interrupt.obj (.text:Interrupt_enableGlobal)
                  00009922    0000000d     device.obj (.text:SysCtl_setLowSpeedClock)
                  0000992f    0000000d     rts2800_fpu32_eabi.lib : copy_zero_init.c.obj (.text:decompress:ZI:__TI_zero_init_nomemset)
                  0000993c    0000000c                            : args_main.c.obj (.text)
                  00009948    0000000c     board.obj (.text:sw_XINT_init)
                  00009954    0000000b     device.obj (.text:SysCtl_disableWatchdog)
                  0000995f    0000000b     driverlib.lib : sysctl.obj (.text:SysCtl_isMCDClockFailureDetected)
                  0000996a    0000000a                   : interrupt.obj (.text:Interrupt_illegalOperationHandler)
                  00009974    0000000a                   : interrupt.obj (.text:Interrupt_nmiHandler)
                  0000997e    00000009     board.obj (.text:GPIO_init)
                  00009987    00000009     rts2800_fpu32_eabi.lib : _lock.c.obj (.text)
                  00009990    00000008                            : copy_decompress_none.c.obj (.text:decompress:none)
                  00009998    00000008     f28003x_codestartbranch.obj (.text)
                  000099a0    00000007     device.obj (.text:ASysCtl_lockVREG)
                  000099a7    00000007     board.obj (.text:SysCtl_disableMCD)
                  000099ae    00000007     driverlib.lib : sysctl.obj (.text:SysCtl_resetMCD)
                  000099b5    00000007     device.obj (.text:__error__)
                  000099bc    00000007     board.obj (.text:myINPUTXBARINPUT0_init)
                  000099c3    00000006     SPI_INT.obj (.text:Interrupt_clearACKGroup)
                  000099c9    00000003     board.obj (.text:INPUTXBAR_init)
                  000099cc    00000003     board.obj (.text:SCI_init)
                  000099cf    00000003     board.obj (.text:SPI_init)
                  000099d2    00000003     board.obj (.text:XINT_init)
                  000099d5    00000002     rts2800_fpu32_eabi.lib : pre_init.c.obj (.text)
                  000099d7    00000001                            : startup.c.obj (.text)

MODULE SUMMARY

       Module                        code   ro data   rw data
       ------                        ----   -------   -------
    ./
       SPI_INT.obj                   870    306       22     
    +--+-----------------------------+------+---------+---------+
       Total:                        870    306       22     
                                                             
    ./device/
       device.obj                    370    95        0      
       f28003x_codestartbranch.obj   10     0         0      
    +--+-----------------------------+------+---------+---------+
       Total:                        380    95        0      
                                                             
    ./syscfg/
       board.obj                     2218   371       0      
    +--+-----------------------------+------+---------+---------+
       Total:                        2218   371       0      
                                                             
    /Applications/ti/ccs2002/ccs/tools/compiler/ti-cgt-c2000_22.6.1.LTS/lib/rts2800_fpu32_eabi.lib
       fs_div28.asm.obj              136    0         0      
       copy_decompress_lzss.c.obj    48     0         0      
       exit.c.obj                    41     0         6      
       autoinit.c.obj                43     0         0      
       memcpy.c.obj                  29     0         0      
       boot28.asm.obj                23     0         0      
       _lock.c.obj                   9      0         4      
       copy_zero_init.c.obj          13     0         0      
       args_main.c.obj               12     0         0      
       copy_decompress_none.c.obj    8      0         0      
       pre_init.c.obj                2      0         0      
       startup.c.obj                 1      0         0      
    +--+-----------------------------+------+---------+---------+
       Total:                        365    0         10     
                                                             
    /Users/charlie/ti/C2000Ware_5_04_00_00/driverlib/f28003x/driverlib/ccs/Debug/driverlib.lib
       sysctl.obj                    1389   154       0      
       gpio.obj                      546    152       0      
       sci.obj                       428    151       0      
       spi.obj                       212    151       0      
       interrupt.obj                 214    0         0      
    +--+-----------------------------+------+---------+---------+
       Total:                        2789   608       0      
                                                             
       Stack:                        0      0         512    
       Linker Generated:             0      30        0      
    +--+-----------------------------+------+---------+---------+
       Grand Total:                  6622   1410      544    


LINKER GENERATED COPY TABLES

__TI_cinit_table @ 00000142 records: 2, size/record: 4, table size: 8
	.data: load addr=0000012c, load size=0000000c bytes, run addr=0000a812, run size=0000000e bytes, compression=lzss
	.bss: load addr=0000013e, load size=00000004 bytes, run addr=0000a800, run size=00000012 bytes, compression=zero_init


LINKER GENERATED HANDLER TABLE

__TI_handler_table @ 00000138 records: 3, size/record: 2, table size: 6
	index: 0, handler: __TI_zero_init
	index: 1, handler: __TI_decompress_lzss
	index: 2, handler: __TI_decompress_none


GLOBAL DATA SYMBOLS: SORTED BY DATA PAGE

address     data page           name
--------    ----------------    ----
00000400      10 (00000400)     __stack

0000a800     2a0 (0000a800)     rData
0000a80a     2a0 (0000a800)     delayCount
0000a80c     2a0 (0000a800)     msg
0000a80e     2a0 (0000a800)     tx
0000a810     2a0 (0000a800)     rx
0000a812     2a0 (0000a800)     __TI_enable_exit_profile_output
0000a814     2a0 (0000a800)     __TI_cleanup_ptr
0000a816     2a0 (0000a800)     __TI_dtors_ptr
0000a818     2a0 (0000a800)     rxStatus
0000a819     2a0 (0000a800)     s
0000a81a     2a0 (0000a800)     len
0000a81b     2a0 (0000a800)     m
0000a81c     2a0 (0000a800)     _lock
0000a81e     2a0 (0000a800)     _unlock


GLOBAL SYMBOLS: SORTED ALPHABETICALLY BY Name 

page  address   name                             
----  -------   ----                             
0     000097c3  Board_init                       
0     00009176  C$$EXIT                          
0     0000864f  Device_enableAllPeripherals      
0     00008dd7  Device_init                      
0     000098c9  Device_initGPIO                  
0     0000997e  GPIO_init                        
0     000089d9  GPIO_setAnalogMode               
0     00008ecd  GPIO_setControllerCore           
0     00009036  GPIO_setDirectionMode            
0     00008f04  GPIO_setInterruptPin             
0     000087a5  GPIO_setPadConfig                
0     00008f3b  GPIO_setPinConfig                
0     00008f72  GPIO_setQualificationMode        
0     000099c9  INPUTXBAR_init                   
0     00009067  INTERRUPT_init                   
0     00008800  INT_mySCIA_RX_ISR                
0     00008a43  INT_mySPIS_RX_ISR                
0     00008e53  INT_mySPIS_TX_ISR                
0     0000887e  INT_sw_XINT_ISR                  
0     00009603  Interrupt_defaultHandler         
0     00008fa9  Interrupt_enable                 
0     0000996a  Interrupt_illegalOperationHandler
0     00008e90  Interrupt_initModule             
0     000092e3  Interrupt_initVectorTable        
0     00009974  Interrupt_nmiHandler             
0     0000896b  PinMux_init                      
0     00008c46  SCI_clearInterruptStatus         
0     00008cd0  SCI_enableInterrupt              
0     000099cc  SCI_init                         
0     00008e15  SCI_setConfig                    
0     00008d57  SCI_writeCharArray               
0     00009000  SPI_clearInterruptStatus         
0     000090c8  SPI_enableInterrupt              
0     000099cf  SPI_init                         
0     00008b0e  SPI_setConfig                    
0     00008000  SYSCTL_init                      
0     00009239  SysCtl_configureType             
0     00000128  SysCtl_delay                     
0     00008aa9  SysCtl_getClock                  
0     000093da  SysCtl_getLowSpeedClock          
0     00008551  SysCtl_isPLLValid                
0     00008b6a  SysCtl_selectOscSource           
0     00008c00  SysCtl_selectXTAL                
0     0000925e  SysCtl_selectXTALSingleEnded     
0     0000842e  SysCtl_setClock                  
0     000099d2  XINT_init                        
0     00000142  __TI_CINIT_Base                  
0     0000014a  __TI_CINIT_Limit                 
0     0000014a  __TI_CINIT_Warm                  
0     00000138  __TI_Handler_Table_Base          
0     0000013e  __TI_Handler_Table_Limit         
0     00000600  __TI_STACK_END                   
abs   00000200  __TI_STACK_SIZE                  
0     000090f7  __TI_auto_init_nobinit_nopinit   
0     0000a814  __TI_cleanup_ptr                 
0     00009098  __TI_decompress_lzss             
0     00009990  __TI_decompress_none             
0     0000a816  __TI_dtors_ptr                   
0     0000a812  __TI_enable_exit_profile_output  
abs   ffffffff  __TI_pprof_out_hndl              
abs   ffffffff  __TI_prof_data_size              
abs   ffffffff  __TI_prof_data_start             
0     0000992f  __TI_zero_init_nomemset          
0     0000871d  __c28xabi_divf                   
n/a   UNDEFED   __c_args__                       
0     000099b5  __error__                        
0     00000400  __stack                          
0     0000993c  _args_main                       
0     000095d6  _c_int00                         
0     0000a81c  _lock                            
0     0000998f  _nop                             
0     0000998b  _register_lock                   
0     00009987  _register_unlock                 
0     000099d7  _system_post_cinit               
0     000099d5  _system_pre_init                 
0     0000a81e  _unlock                          
0     00009176  abort                            
0     00000000  code_start                       
0     0000943f  cs1_init                         
0     00009458  cs2_init                         
0     0000a80a  delayCount                       
0     00009178  exit                             
0     0000979b  led_init                         
0     0000a81a  len                              
0     0000a81b  m                                
0     00008bb7  main                             
0     0000931e  memcpy                           
0     0000a80c  msg                              
0     000099bc  myINPUTXBARINPUT0_init           
0     00008d14  mySCIA_init                      
0     00008d98  mySPIS_init                      
0     0000a800  rData                            
0     0000a810  rx                               
0     0000a818  rxStatus                         
0     0000a819  s                                
0     00009948  sw_XINT_init                     
0     000097af  sw_init                          
0     0000a80e  tx                               


GLOBAL SYMBOLS: SORTED BY Symbol Address 

page  address   name                             
----  -------   ----                             
0     00000000  code_start                       
0     00000128  SysCtl_delay                     
0     00000138  __TI_Handler_Table_Base          
0     0000013e  __TI_Handler_Table_Limit         
0     00000142  __TI_CINIT_Base                  
0     0000014a  __TI_CINIT_Limit                 
0     0000014a  __TI_CINIT_Warm                  
0     00000400  __stack                          
0     00000600  __TI_STACK_END                   
0     00008000  SYSCTL_init                      
0     0000842e  SysCtl_setClock                  
0     00008551  SysCtl_isPLLValid                
0     0000864f  Device_enableAllPeripherals      
0     0000871d  __c28xabi_divf                   
0     000087a5  GPIO_setPadConfig                
0     00008800  INT_mySCIA_RX_ISR                
0     0000887e  INT_sw_XINT_ISR                  
0     0000896b  PinMux_init                      
0     000089d9  GPIO_setAnalogMode               
0     00008a43  INT_mySPIS_RX_ISR                
0     00008aa9  SysCtl_getClock                  
0     00008b0e  SPI_setConfig                    
0     00008b6a  SysCtl_selectOscSource           
0     00008bb7  main                             
0     00008c00  SysCtl_selectXTAL                
0     00008c46  SCI_clearInterruptStatus         
0     00008cd0  SCI_enableInterrupt              
0     00008d14  mySCIA_init                      
0     00008d57  SCI_writeCharArray               
0     00008d98  mySPIS_init                      
0     00008dd7  Device_init                      
0     00008e15  SCI_setConfig                    
0     00008e53  INT_mySPIS_TX_ISR                
0     00008e90  Interrupt_initModule             
0     00008ecd  GPIO_setControllerCore           
0     00008f04  GPIO_setInterruptPin             
0     00008f3b  GPIO_setPinConfig                
0     00008f72  GPIO_setQualificationMode        
0     00008fa9  Interrupt_enable                 
0     00009000  SPI_clearInterruptStatus         
0     00009036  GPIO_setDirectionMode            
0     00009067  INTERRUPT_init                   
0     00009098  __TI_decompress_lzss             
0     000090c8  SPI_enableInterrupt              
0     000090f7  __TI_auto_init_nobinit_nopinit   
0     00009176  C$$EXIT                          
0     00009176  abort                            
0     00009178  exit                             
0     00009239  SysCtl_configureType             
0     0000925e  SysCtl_selectXTALSingleEnded     
0     000092e3  Interrupt_initVectorTable        
0     0000931e  memcpy                           
0     000093da  SysCtl_getLowSpeedClock          
0     0000943f  cs1_init                         
0     00009458  cs2_init                         
0     000095d6  _c_int00                         
0     00009603  Interrupt_defaultHandler         
0     0000979b  led_init                         
0     000097af  sw_init                          
0     000097c3  Board_init                       
0     000098c9  Device_initGPIO                  
0     0000992f  __TI_zero_init_nomemset          
0     0000993c  _args_main                       
0     00009948  sw_XINT_init                     
0     0000996a  Interrupt_illegalOperationHandler
0     00009974  Interrupt_nmiHandler             
0     0000997e  GPIO_init                        
0     00009987  _register_unlock                 
0     0000998b  _register_lock                   
0     0000998f  _nop                             
0     00009990  __TI_decompress_none             
0     000099b5  __error__                        
0     000099bc  myINPUTXBARINPUT0_init           
0     000099c9  INPUTXBAR_init                   
0     000099cc  SCI_init                         
0     000099cf  SPI_init                         
0     000099d2  XINT_init                        
0     000099d5  _system_pre_init                 
0     000099d7  _system_post_cinit               
0     0000a800  rData                            
0     0000a80a  delayCount                       
0     0000a80c  msg                              
0     0000a80e  tx                               
0     0000a810  rx                               
0     0000a812  __TI_enable_exit_profile_output  
0     0000a814  __TI_cleanup_ptr                 
0     0000a816  __TI_dtors_ptr                   
0     0000a818  rxStatus                         
0     0000a819  s                                
0     0000a81a  len                              
0     0000a81b  m                                
0     0000a81c  _lock                            
0     0000a81e  _unlock                          
abs   00000200  __TI_STACK_SIZE                  
abs   ffffffff  __TI_pprof_out_hndl              
abs   ffffffff  __TI_prof_data_size              
abs   ffffffff  __TI_prof_data_start             
n/a   UNDEFED   __c_args__                       

[98 symbols]
