******************************************************************************
             TMS320C2000 Linker Unix v22.6.1                   
******************************************************************************
>> Linked Mon Mar 24 12:33:58 2025

OUTPUT FILE NAME:   <try_spi.out>
ENTRY POINT SYMBOL: "code_start"  address: 00000000


MEMORY CONFIGURATION

         name            origin    length      used     unused   attr    fill
----------------------  --------  ---------  --------  --------  ----  --------
  BEGIN                 00000000   00000002  00000002  00000000  RWIX
  BOOT_RSVD             00000002   00000126  00000000  00000126  RWIX
  RAMM0                 00000128   000002d8  0000001e  000002ba  RWIX
  RAMM1                 00000400   000003f8  00000200  000001f8  RWIX
  RAMLS0                00008000   00000800  00000800  00000000  RWIX
  RAMLS1                00008800   00000800  00000800  00000000  RWIX
  RAMLS2                00009000   00000800  000003e8  00000418  RWIX
  RAMLS3                00009800   00000800  00000000  00000800  RWIX
  RAMLS4                0000a000   00000800  00000000  00000800  RWIX
  RAMLS5                0000a800   00000800  00000427  000003d9  RWIX
  RAMLS6_7              0000b000   00001000  00000000  00001000  RWIX
  RAMGS0                0000c000   00001000  00000000  00001000  RWIX
  RAMGS1                0000d000   00001000  00000000  00001000  RWIX
  RAMGS2                0000e000   00001000  00000000  00001000  RWIX
  RAMGS3                0000f000   00000ff8  00000000  00000ff8  RWIX
  FLASH_BANK0_SEC0      00080002   00000ffe  00000000  00000ffe  RWIX
  FLASH_BANK0_SEC1      00081000   00001000  00000000  00001000  RWIX
  FLASH_BANK0_SEC2      00082000   00001000  00000000  00001000  RWIX
  FLASH_BANK0_SEC3      00083000   00001000  00000000  00001000  RWIX
  FLASH_BANK0_SEC4      00084000   00001000  00000000  00001000  RWIX
  FLASH_BANK0_SEC5      00085000   00001000  00000000  00001000  RWIX
  FLASH_BANK0_SEC6      00086000   00001000  00000000  00001000  RWIX
  FLASH_BANK0_SEC7      00087000   00001000  00000000  00001000  RWIX
  FLASH_BANK0_SEC8      00088000   00001000  00000000  00001000  RWIX
  FLASH_BANK0_SEC9      00089000   00001000  00000000  00001000  RWIX
  FLASH_BANK0_SEC10     0008a000   00001000  00000000  00001000  RWIX
  FLASH_BANK0_SEC11     0008b000   00001000  00000000  00001000  RWIX
  FLASH_BANK0_SEC12     0008c000   00001000  00000000  00001000  RWIX
  FLASH_BANK0_SEC13     0008d000   00001000  00000000  00001000  RWIX
  FLASH_BANK0_SEC14     0008e000   00001000  00000000  00001000  RWIX
  FLASH_BANK0_SEC15     0008f000   00001000  00000000  00001000  RWIX
  FLASH_BANK1_SEC0      00090000   00001000  00000000  00001000  RWIX
  FLASH_BANK1_SEC1      00091000   00001000  00000000  00001000  RWIX
  FLASH_BANK1_SEC2      00092000   00001000  00000000  00001000  RWIX
  FLASH_BANK1_SEC3      00093000   00001000  00000000  00001000  RWIX
  FLASH_BANK1_SEC4      00094000   00001000  00000000  00001000  RWIX
  FLASH_BANK1_SEC5      00095000   00001000  00000000  00001000  RWIX
  FLASH_BANK1_SEC6      00096000   00001000  00000000  00001000  RWIX
  FLASH_BANK1_SEC7      00097000   00001000  00000000  00001000  RWIX
  FLASH_BANK1_SEC8      00098000   00001000  00000000  00001000  RWIX
  FLASH_BANK1_SEC9      00099000   00001000  00000000  00001000  RWIX
  FLASH_BANK1_SEC10     0009a000   00001000  00000000  00001000  RWIX
  FLASH_BANK1_SEC11     0009b000   00001000  00000000  00001000  RWIX
  FLASH_BANK1_SEC12     0009c000   00001000  00000000  00001000  RWIX
  FLASH_BANK1_SEC13     0009d000   00001000  00000000  00001000  RWIX
  FLASH_BANK1_SEC14     0009e000   00001000  00000000  00001000  RWIX
  FLASH_BANK1_SEC15     0009f000   00001000  00000000  00001000  RWIX
  FLASH_BANK2_SEC0      000a0000   00001000  00000000  00001000  RWIX
  FLASH_BANK2_SEC1      000a1000   00001000  00000000  00001000  RWIX
  FLASH_BANK2_SEC2      000a2000   00001000  00000000  00001000  RWIX
  FLASH_BANK2_SEC3      000a3000   00001000  00000000  00001000  RWIX
  FLASH_BANK2_SEC4      000a4000   00001000  00000000  00001000  RWIX
  FLASH_BANK2_SEC5      000a5000   00001000  00000000  00001000  RWIX
  FLASH_BANK2_SEC6      000a6000   00001000  00000000  00001000  RWIX
  FLASH_BANK2_SEC7      000a7000   00001000  00000000  00001000  RWIX
  FLASH_BANK2_SEC8      000a8000   00001000  00000000  00001000  RWIX
  FLASH_BANK2_SEC9      000a9000   00001000  00000000  00001000  RWIX
  FLASH_BANK2_SEC10     000aa000   00001000  00000000  00001000  RWIX
  FLASH_BANK2_SEC11     000ab000   00001000  00000000  00001000  RWIX
  FLASH_BANK2_SEC12     000ac000   00001000  00000000  00001000  RWIX
  FLASH_BANK2_SEC13     000ad000   00001000  00000000  00001000  RWIX
  FLASH_BANK2_SEC14     000ae000   00001000  00000000  00001000  RWIX
  FLASH_BANK2_SEC15     000af000   00000ff0  00000000  00000ff0  RWIX
  SECURE_ROM            003f2000   00006000  00000000  00006000  RWIX
  BOOTROM               003f8000   00007fc0  00000000  00007fc0  RWIX
  RESET                 003fffc0   00000002  00000000  00000002  RWIX


SECTION ALLOCATION MAP

 output                                  attributes/
section   page    origin      length       input sections
--------  ----  ----------  ----------   ----------------
codestart 
*          0    00000000    00000002     
                  00000000    00000002     f28003x_codestartbranch.obj (codestart)

.TI.ramfunc 
*          0    00000128    00000004     
                  00000128    00000004     driverlib.lib : sysctl.obj (.TI.ramfunc)

.cinit     0    0000012c    0000001a     
                  0000012c    00000008     (.cinit..data.load) [load image, compression = lzss]
                  00000134    00000006     (__TI_handler_table)
                  0000013a    00000004     (.cinit..bss.load) [load image, compression = zero_init]
                  0000013e    00000008     (__TI_cinit_table)

.reset     0    003fffc0    00000000     DSECT

.stack     0    00000400    00000200     UNINITIALIZED
                  00000400    00000200     --HOLE--

.bss       0    0000a80a    00000004     UNINITIALIZED
                  0000a80a    00000004     spi_try.obj (.bss)

.init_array 
*          0    00000128    00000000     UNINITIALIZED

.data      0    0000a800    0000000a     UNINITIALIZED
                  0000a800    00000006     rts2800_fpu32_eabi.lib : exit.c.obj (.data)
                  0000a806    00000002                            : _lock.c.obj (.data:_lock)
                  0000a808    00000002                            : _lock.c.obj (.data:_unlock)

.const     0    0000a80e    00000419     
                  0000a80e    00000111     spi_try.obj (.const:.string)
                  0000a91f    00000001     --HOLE-- [fill = 0]
                  0000a920    000000dd     board.obj (.const:.string)
                  0000a9fd    00000001     --HOLE-- [fill = 0]
                  0000a9fe    0000009a     driverlib.lib : sysctl.obj (.const:.string)
                  0000aa98    00000098                   : gpio.obj (.const:.string)
                  0000ab30    00000097                   : sci.obj (.const:.string)
                  0000abc7    00000001     --HOLE-- [fill = 0]
                  0000abc8    0000005f     device.obj (.const:.string)

.text.1    0    00008000    00000800     
                  00008000    00000123     driverlib.lib : sysctl.obj (.text:SysCtl_setClock)
                  00008123    000000fe                   : sysctl.obj (.text:SysCtl_isPLLValid)
                  00008221    000000ce     device.obj (.text:Device_enableAllPeripherals)
                  000082ef    000000c7     board.obj (.text:EPWM_init)
                  000083b6    000000a7     spi_try.obj (.text:main)
                  0000845d    00000088     rts2800_fpu32_eabi.lib : fs_div28.asm.obj (.text)
                  000084e5    00000073     driverlib.lib : sysctl.obj (.text:DCC_setCounterSeeds)
                  00008558    0000006a                   : gpio.obj (.text:GPIO_setAnalogMode)
                  000085c2    00000065                   : sysctl.obj (.text:SysCtl_getClock)
                  00008627    0000005f     spi_try.obj (.text:INT_sw_XINT_ISR)
                  00008686    00000052     driverlib.lib : gpio.obj (.text:GPIO_setPadConfig)
                  000086d8    0000004d                   : sysctl.obj (.text:SysCtl_selectOscSource)
                  00008725    00000049     board.obj (.text:PinMux_init)
                  0000876e    00000046     driverlib.lib : sysctl.obj (.text:SysCtl_selectXTAL)
                  000087b4    00000045                   : sci.obj (.text:SCI_clearInterruptStatus)
                  000087f9    00000007     device.obj (.text:ASysCtl_lockVREG)

.text.2    0    00008800    00000800     
                  00008800    00000045     driverlib.lib : sysctl.obj (.text:SysCtl_pollX1Counter)
                  00008845    00000041                   : sci.obj (.text:SCI_writeCharArray)
                  00008886    00000040     board.obj (.text:EPWM_setActionQualifierAction)
                  000088c6    0000003e     device.obj (.text:Device_init)
                  00008904    0000003e     board.obj (.text:EPWM_setCounterCompareShadowLoadMode)
                  00008942    0000003e     driverlib.lib : sci.obj (.text:SCI_setConfig)
                  00008980    0000003d                   : interrupt.obj (.text:Interrupt_initModule)
                  000089bd    00000037                   : gpio.obj (.text:GPIO_setControllerCore)
                  000089f4    00000037                   : gpio.obj (.text:GPIO_setInterruptPin)
                  00008a2b    00000037                   : gpio.obj (.text:GPIO_setPinConfig)
                  00008a62    00000037                   : gpio.obj (.text:GPIO_setQualificationMode)
                  00008a99    00000037                   : interrupt.obj (.text:Interrupt_enable)
                  00008ad0    00000037     board.obj (.text:mySCIA_init)
                  00008b07    00000031     driverlib.lib : gpio.obj (.text:GPIO_setDirectionMode)
                  00008b38    00000030     rts2800_fpu32_eabi.lib : copy_decompress_lzss.c.obj (.text:decompress:lzss)
                  00008b68    0000002c     board.obj (.text:EPWM_setDeadBandDelayMode)
                  00008b94    0000002b     board.obj (.text:EPWM_isBaseValid)
                  00008bbf    0000002b     rts2800_fpu32_eabi.lib : autoinit.c.obj (.text:__TI_auto_init_nobinit_nopinit)
                  00008bea    0000002a     board.obj (.text:XBAR_setInputPin)
                  00008c14    0000002a     driverlib.lib : gpio.obj (.text:XBAR_setInputPin)
                  00008c3e    00000029     rts2800_fpu32_eabi.lib : exit.c.obj (.text)
                  00008c67    00000027     spi_try.obj (.text:GPIO_writePin)
                  00008c8e    00000025     driverlib.lib : sysctl.obj (.text:SysCtl_selectXTALSingleEnded)
                  00008cb3    00000024                   : sysctl.obj (.text:DCC_enableSingleShotMode)
                  00008cd7    00000024     board.obj (.text:EPWM_setDeadBandDelayPolarity)
                  00008cfb    00000022     board.obj (.text:EPWM_setCounterCompareValue)
                  00008d1d    00000020     driverlib.lib : sci.obj (.text:SCI_isFIFOEnabled)
                  00008d3d    0000001f     board.obj (.text:EPWM_setFallingEdgeDelayCountShadowLoadMode)
                  00008d5c    0000001f     board.obj (.text:EPWM_setRisingEdgeDelayCountShadowLoadMode)
                  00008d7b    0000001e     driverlib.lib : sysctl.obj (.text:DCC_setCounter0ClkSource)
                  00008d99    0000001e                   : sysctl.obj (.text:DCC_setCounter1ClkSource)
                  00008db7    0000001e     board.obj (.text:EPWM_setPhaseShift)
                  00008dd5    0000001e     driverlib.lib : interrupt.obj (.text:Interrupt_initVectorTable)
                  00008df3    0000001e     spi_try.obj (.text:SCI_readCharBlockingFIFO)
                  00008e11    0000001d     board.obj (.text:EPWM_setFallingEdgeDelayCount)
                  00008e2e    0000001d     board.obj (.text:EPWM_setRisingEdgeDelayCount)
                  00008e4b    0000001d     board.obj (.text:SCI_enableFIFO)
                  00008e68    0000001d     rts2800_fpu32_eabi.lib : memcpy.c.obj (.text)
                  00008e85    0000001c     board.obj (.text:EPWM_setClockPrescaler)
                  00008ea1    0000001b     board.obj (.text:XBAR_isBaseValid)
                  00008ebc    0000001b     driverlib.lib : gpio.obj (.text:XBAR_isBaseValid)
                  00008ed7    0000001a                   : sci.obj (.text:SCI_isSpaceAvailableNonFIFO)
                  00008ef1    0000001a     spi_try.obj (.text:SCI_isSpaceAvailableNonFIFO)
                  00008f0b    0000001a     driverlib.lib : sysctl.obj (.text:SysCtl_getLowSpeedClock)
                  00008f25    00000019     spi_try.obj (.text:SCI_writeCharBlockingFIFO)
                  00008f3e    00000019     spi_try.obj (.text:SCI_writeCharBlockingNonFIFO)
                  00008f57    00000019     driverlib.lib : sysctl.obj (.text:SysCtl_setPLLSysClk)
                  00008f70    00000018     board.obj (.text:EPWM_disableFallingEdgeDelayCountShadowLoadMode)
                  00008f88    00000018     board.obj (.text:EPWM_disableRisingEdgeDelayCountShadowLoadMode)
                  00008fa0    00000018     driverlib.lib : sci.obj (.text:SCI_disableModule)
                  00008fb8    00000018     board.obj (.text:SCI_performSoftwareReset)
                  00008fd0    00000018     driverlib.lib : sci.obj (.text:SCI_performSoftwareReset)
                  00008fe8    00000018     board.obj (.text:SCI_resetChannels)

.text.3    0    00009000    000003e8     
                  00009000    00000018     board.obj (.text:SCI_resetRxFIFO)
                  00009018    00000018     board.obj (.text:SCI_resetTxFIFO)
                  00009030    00000017     device.obj (.text:SysCtl_enablePeripheral)
                  00009047    00000017     driverlib.lib : sysctl.obj (.text:SysCtl_enablePeripheral)
                  0000905e    00000017     rts2800_fpu32_eabi.lib : boot28.asm.obj (.text)
                  00009075    00000016     driverlib.lib : sysctl.obj (.text:DCC_disableDoneSignal)
                  0000908b    00000016                   : interrupt.obj (.text:Interrupt_defaultHandler)
                  000090a1    00000015                   : sysctl.obj (.text:DCC_clearDoneFlag)
                  000090b6    00000015                   : sysctl.obj (.text:DCC_clearErrorFlag)
                  000090cb    00000015                   : sysctl.obj (.text:DCC_disableErrorSignal)
                  000090e0    00000015                   : sysctl.obj (.text:DCC_isBaseValid)
                  000090f5    00000015     device.obj (.text:GPIO_unlockPortConfig)
                  0000910a    00000014     driverlib.lib : sysctl.obj (.text:DCC_disableModule)
                  0000911e    00000014                   : sysctl.obj (.text:DCC_enableModule)
                  00009132    00000014     board.obj (.text:EPWM_setTimeBaseCounterMode)
                  00009146    00000014     board.obj (.text:EPWM_setTimeBasePeriod)
                  0000915a    00000014     driverlib.lib : gpio.obj (.text:GPIO_isPinValid)
                  0000916e    00000014     spi_try.obj (.text:GPIO_isPinValid)
                  00009182    00000014     spi_try.obj (.text:SCI_getRxFIFOStatus)
                  00009196    00000014     driverlib.lib : sci.obj (.text:SCI_getTxFIFOStatus)
                  000091aa    00000014     spi_try.obj (.text:SCI_getTxFIFOStatus)
                  000091be    00000014     board.obj (.text:led_init)
                  000091d2    00000014     board.obj (.text:sw_init)
                  000091e6    00000013     board.obj (.text:Board_init)
                  000091f9    00000013     board.obj (.text:SCI_clearOverflowStatus)
                  0000920c    00000013     board.obj (.text:SCI_enableModule)
                  0000921f    00000013     driverlib.lib : sci.obj (.text:SCI_enableModule)
                  00009232    00000013     board.obj (.text:SCI_isBaseValid)
                  00009245    00000013     driverlib.lib : sci.obj (.text:SCI_isBaseValid)
                  00009258    00000013     spi_try.obj (.text:SCI_isBaseValid)
                  0000926b    00000012     board.obj (.text:EPWM_setTimeBaseCounter)
                  0000927d    00000012     board.obj (.text:SysCtl_setSyncOutputConfig)
                  0000928f    00000011     board.obj (.text:EPWM_disablePhaseShiftLoad)
                  000092a0    00000011     board.obj (.text:SCI_disableLoopback)
                  000092b1    00000010     device.obj (.text:Device_initGPIO)
                  000092c1    00000010     board.obj (.text:GPIO_setInterruptType)
                  000092d1    00000010     spi_try.obj (.text:SCI_getRxStatus)
                  000092e1    0000000f     board.obj (.text:Interrupt_register)
                  000092f0    0000000d     board.obj (.text:INTERRUPT_init)
                  000092fd    0000000d     driverlib.lib : interrupt.obj (.text:Interrupt_disableGlobal)
                  0000930a    0000000d                   : interrupt.obj (.text:Interrupt_enableGlobal)
                  00009317    0000000d     spi_try.obj (.text:SysCtl_resetDevice)
                  00009324    0000000d     device.obj (.text:SysCtl_setLowSpeedClock)
                  00009331    0000000d     rts2800_fpu32_eabi.lib : copy_zero_init.c.obj (.text:decompress:ZI:__TI_zero_init_nomemset)
                  0000933e    0000000c     board.obj (.text:SysCtl_enableExtADCSOCSource)
                  0000934a    0000000c     rts2800_fpu32_eabi.lib : args_main.c.obj (.text)
                  00009356    0000000c     board.obj (.text:sw_XINT_init)
                  00009362    0000000b     device.obj (.text:SysCtl_disableWatchdog)
                  0000936d    0000000b     driverlib.lib : sysctl.obj (.text:SysCtl_isMCDClockFailureDetected)
                  00009378    0000000a                   : interrupt.obj (.text:Interrupt_illegalOperationHandler)
                  00009382    0000000a                   : interrupt.obj (.text:Interrupt_nmiHandler)
                  0000938c    0000000a     board.obj (.text:SYNC_init)
                  00009396    00000009     board.obj (.text:GPIO_enableInterrupt)
                  0000939f    00000009     rts2800_fpu32_eabi.lib : _lock.c.obj (.text)
                  000093a8    00000008                            : copy_decompress_none.c.obj (.text:decompress:none)
                  000093b0    00000008     f28003x_codestartbranch.obj (.text)
                  000093b8    00000007     driverlib.lib : sysctl.obj (.text:SysCtl_resetMCD)
                  000093bf    00000007     device.obj (.text:__error__)
                  000093c6    00000007     board.obj (.text:myINPUTXBARINPUT0_init)
                  000093cd    00000006     spi_try.obj (.text:Interrupt_clearACKGroup)
                  000093d3    00000005     board.obj (.text:GPIO_init)
                  000093d8    00000004     device.obj (.text:SysCtl_deviceCal)
                  000093dc    00000003     board.obj (.text:INPUTXBAR_init)
                  000093df    00000003     board.obj (.text:SCI_init)
                  000093e2    00000003     board.obj (.text:XINT_init)
                  000093e5    00000002     rts2800_fpu32_eabi.lib : pre_init.c.obj (.text)
                  000093e7    00000001                            : startup.c.obj (.text)

MODULE SUMMARY

       Module                        code   ro data   rw data
       ------                        ----   -------   -------
    ./
       spi_try.obj                   521    273       4      
    +--+-----------------------------+------+---------+---------+
       Total:                        521    273       4      
                                                             
    ./device/
       device.obj                    370    95        0      
       f28003x_codestartbranch.obj   10     0         0      
    +--+-----------------------------+------+---------+---------+
       Total:                        380    95        0      
                                                             
    ./syscfg/
       board.obj                     1364   221       0      
    +--+-----------------------------+------+---------+---------+
       Total:                        1364   221       0      
                                                             
    /Applications/ti/ccs2002/ccs/tools/compiler/ti-cgt-c2000_22.6.1.LTS/lib/rts2800_fpu32_eabi.lib
       fs_div28.asm.obj              136    0         0      
       copy_decompress_lzss.c.obj    48     0         0      
       exit.c.obj                    41     0         6      
       autoinit.c.obj                43     0         0      
       memcpy.c.obj                  29     0         0      
       boot28.asm.obj                23     0         0      
       _lock.c.obj                   9      0         4      
       copy_zero_init.c.obj          13     0         0      
       args_main.c.obj               12     0         0      
       copy_decompress_none.c.obj    8      0         0      
       pre_init.c.obj                2      0         0      
       startup.c.obj                 1      0         0      
    +--+-----------------------------+------+---------+---------+
       Total:                        365    0         10     
                                                             
    /Users/charlie/ti/C2000Ware_5_04_00_00/driverlib/f28003x/driverlib/ccs/Debug/driverlib.lib
       sysctl.obj                    1352   154       0      
       gpio.obj                      546    152       0      
       sci.obj                       360    151       0      
       interrupt.obj                 214    0         0      
    +--+-----------------------------+------+---------+---------+
       Total:                        2472   457       0      
                                                             
       Stack:                        0      0         512    
       Linker Generated:             0      26        0      
    +--+-----------------------------+------+---------+---------+
       Grand Total:                  5102   1072      526    


LINKER GENERATED COPY TABLES

__TI_cinit_table @ 0000013e records: 2, size/record: 4, table size: 8
	.data: load addr=0000012c, load size=00000008 bytes, run addr=0000a800, run size=0000000a bytes, compression=lzss
	.bss: load addr=0000013a, load size=00000004 bytes, run addr=0000a80a, run size=00000004 bytes, compression=zero_init


LINKER GENERATED HANDLER TABLE

__TI_handler_table @ 00000134 records: 3, size/record: 2, table size: 6
	index: 0, handler: __TI_zero_init
	index: 1, handler: __TI_decompress_lzss
	index: 2, handler: __TI_decompress_none


GLOBAL DATA SYMBOLS: SORTED BY DATA PAGE

address     data page           name
--------    ----------------    ----
00000400      10 (00000400)     __stack

0000a800     2a0 (0000a800)     __TI_enable_exit_profile_output
0000a802     2a0 (0000a800)     __TI_cleanup_ptr
0000a804     2a0 (0000a800)     __TI_dtors_ptr
0000a806     2a0 (0000a800)     _lock
0000a808     2a0 (0000a800)     _unlock
0000a80a     2a0 (0000a800)     cpuTimer0IntCount
0000a80b     2a0 (0000a800)     delayCount
0000a80c     2a0 (0000a800)     msg


GLOBAL SYMBOLS: SORTED ALPHABETICALLY BY Name 

page  address   name                             
----  -------   ----                             
0     000091e6  Board_init                       
0     00008c3e  C$$EXIT                          
0     00008221  Device_enableAllPeripherals      
0     000088c6  Device_init                      
0     000092b1  Device_initGPIO                  
0     000082ef  EPWM_init                        
0     000093d3  GPIO_init                        
0     00008558  GPIO_setAnalogMode               
0     000089bd  GPIO_setControllerCore           
0     00008b07  GPIO_setDirectionMode            
0     000089f4  GPIO_setInterruptPin             
0     00008686  GPIO_setPadConfig                
0     00008a2b  GPIO_setPinConfig                
0     00008a62  GPIO_setQualificationMode        
0     000093dc  INPUTXBAR_init                   
0     000092f0  INTERRUPT_init                   
0     00008627  INT_sw_XINT_ISR                  
0     0000908b  Interrupt_defaultHandler         
0     00008a99  Interrupt_enable                 
0     00009378  Interrupt_illegalOperationHandler
0     00008980  Interrupt_initModule             
0     00008dd5  Interrupt_initVectorTable        
0     00009382  Interrupt_nmiHandler             
0     00008725  PinMux_init                      
0     000087b4  SCI_clearInterruptStatus         
0     000093df  SCI_init                         
0     00008942  SCI_setConfig                    
0     00008845  SCI_writeCharArray               
0     0000938c  SYNC_init                        
0     00000128  SysCtl_delay                     
0     000085c2  SysCtl_getClock                  
0     00008f0b  SysCtl_getLowSpeedClock          
0     00008123  SysCtl_isPLLValid                
0     000086d8  SysCtl_selectOscSource           
0     0000876e  SysCtl_selectXTAL                
0     00008c8e  SysCtl_selectXTALSingleEnded     
0     00008000  SysCtl_setClock                  
0     000093e2  XINT_init                        
0     0000013e  __TI_CINIT_Base                  
0     00000146  __TI_CINIT_Limit                 
0     00000146  __TI_CINIT_Warm                  
0     00000134  __TI_Handler_Table_Base          
0     0000013a  __TI_Handler_Table_Limit         
0     00000600  __TI_STACK_END                   
abs   00000200  __TI_STACK_SIZE                  
0     00008bbf  __TI_auto_init_nobinit_nopinit   
0     0000a802  __TI_cleanup_ptr                 
0     00008b38  __TI_decompress_lzss             
0     000093a8  __TI_decompress_none             
0     0000a804  __TI_dtors_ptr                   
0     0000a800  __TI_enable_exit_profile_output  
abs   ffffffff  __TI_pprof_out_hndl              
abs   ffffffff  __TI_prof_data_size              
abs   ffffffff  __TI_prof_data_start             
0     00009331  __TI_zero_init_nomemset          
0     0000845d  __c28xabi_divf                   
n/a   UNDEFED   __c_args__                       
0     000093bf  __error__                        
0     00000400  __stack                          
0     0000934a  _args_main                       
0     0000905e  _c_int00                         
0     0000a806  _lock                            
0     000093a7  _nop                             
0     000093a3  _register_lock                   
0     0000939f  _register_unlock                 
0     000093e7  _system_post_cinit               
0     000093e5  _system_pre_init                 
0     0000a808  _unlock                          
0     00008c3e  abort                            
0     00000000  code_start                       
0     0000a80a  cpuTimer0IntCount                
0     0000a80b  delayCount                       
0     00008c40  exit                             
0     000091be  led_init                         
0     000083b6  main                             
0     00008e68  memcpy                           
0     0000a80c  msg                              
0     000093c6  myINPUTXBARINPUT0_init           
0     00008ad0  mySCIA_init                      
0     00009356  sw_XINT_init                     
0     000091d2  sw_init                          


GLOBAL SYMBOLS: SORTED BY Symbol Address 

page  address   name                             
----  -------   ----                             
0     00000000  code_start                       
0     00000128  SysCtl_delay                     
0     00000134  __TI_Handler_Table_Base          
0     0000013a  __TI_Handler_Table_Limit         
0     0000013e  __TI_CINIT_Base                  
0     00000146  __TI_CINIT_Limit                 
0     00000146  __TI_CINIT_Warm                  
0     00000400  __stack                          
0     00000600  __TI_STACK_END                   
0     00008000  SysCtl_setClock                  
0     00008123  SysCtl_isPLLValid                
0     00008221  Device_enableAllPeripherals      
0     000082ef  EPWM_init                        
0     000083b6  main                             
0     0000845d  __c28xabi_divf                   
0     00008558  GPIO_setAnalogMode               
0     000085c2  SysCtl_getClock                  
0     00008627  INT_sw_XINT_ISR                  
0     00008686  GPIO_setPadConfig                
0     000086d8  SysCtl_selectOscSource           
0     00008725  PinMux_init                      
0     0000876e  SysCtl_selectXTAL                
0     000087b4  SCI_clearInterruptStatus         
0     00008845  SCI_writeCharArray               
0     000088c6  Device_init                      
0     00008942  SCI_setConfig                    
0     00008980  Interrupt_initModule             
0     000089bd  GPIO_setControllerCore           
0     000089f4  GPIO_setInterruptPin             
0     00008a2b  GPIO_setPinConfig                
0     00008a62  GPIO_setQualificationMode        
0     00008a99  Interrupt_enable                 
0     00008ad0  mySCIA_init                      
0     00008b07  GPIO_setDirectionMode            
0     00008b38  __TI_decompress_lzss             
0     00008bbf  __TI_auto_init_nobinit_nopinit   
0     00008c3e  C$$EXIT                          
0     00008c3e  abort                            
0     00008c40  exit                             
0     00008c8e  SysCtl_selectXTALSingleEnded     
0     00008dd5  Interrupt_initVectorTable        
0     00008e68  memcpy                           
0     00008f0b  SysCtl_getLowSpeedClock          
0     0000905e  _c_int00                         
0     0000908b  Interrupt_defaultHandler         
0     000091be  led_init                         
0     000091d2  sw_init                          
0     000091e6  Board_init                       
0     000092b1  Device_initGPIO                  
0     000092f0  INTERRUPT_init                   
0     00009331  __TI_zero_init_nomemset          
0     0000934a  _args_main                       
0     00009356  sw_XINT_init                     
0     00009378  Interrupt_illegalOperationHandler
0     00009382  Interrupt_nmiHandler             
0     0000938c  SYNC_init                        
0     0000939f  _register_unlock                 
0     000093a3  _register_lock                   
0     000093a7  _nop                             
0     000093a8  __TI_decompress_none             
0     000093bf  __error__                        
0     000093c6  myINPUTXBARINPUT0_init           
0     000093d3  GPIO_init                        
0     000093dc  INPUTXBAR_init                   
0     000093df  SCI_init                         
0     000093e2  XINT_init                        
0     000093e5  _system_pre_init                 
0     000093e7  _system_post_cinit               
0     0000a800  __TI_enable_exit_profile_output  
0     0000a802  __TI_cleanup_ptr                 
0     0000a804  __TI_dtors_ptr                   
0     0000a806  _lock                            
0     0000a808  _unlock                          
0     0000a80a  cpuTimer0IntCount                
0     0000a80b  delayCount                       
0     0000a80c  msg                              
abs   00000200  __TI_STACK_SIZE                  
abs   ffffffff  __TI_pprof_out_hndl              
abs   ffffffff  __TI_prof_data_size              
abs   ffffffff  __TI_prof_data_start             
n/a   UNDEFED   __c_args__                       

[81 symbols]
